2026-10-10 00:21:56,177 - INFO - Total time taken: {'ret': 0, 'msg': 'success', 'data': None}
2026-10-10 00:21:56,177 - INFO - 'NoneType' object is not subscriptable
2026-10-10 00:21:56,178 - INFO - Traceback (most recent call last):
  File "/home/runner/work/qqnews/qqnews/qq.py", line 128, in main
    for i in qq1["data"]["list"]:
             ~~~~~~~~~~~^^^^^^^^
TypeError: 'NoneType' object is not subscriptable

2026-10-10 06:28:26,827 - INFO - Total time taken: {'ret': 0, 'msg': 'success', 'data': None}
2026-10-10 06:28:26,827 - INFO - 'NoneType' object is not subscriptable
2026-10-10 06:28:26,828 - INFO - Traceback (most recent call last):
  File "/home/runner/work/qqnews/qqnews/qq.py", line 128, in main
    for i in qq1["data"]["list"]:
             ~~~~~~~~~~~^^^^^^^^
TypeError: 'NoneType' object is not subscriptable

2026-10-10 13:06:53,259 - INFO - Total time taken: {'ret': 0, 'msg': 'success', 'data': None}
2026-10-10 13:06:53,259 - INFO - 'NoneType' object is not subscriptable
2026-10-10 13:06:53,259 - INFO - Traceback (most recent call last):
  File "/home/runner/work/qqnews/qqnews/qq.py", line 128, in main
    for i in qq1["data"]["list"]:
             ~~~~~~~~~~~^^^^^^^^
TypeError: 'NoneType' object is not subscriptable

