2026-09-30 00:48:19,613 - INFO - Total time taken: {'ret': 0, 'msg': 'success', 'data': None}
2026-09-30 00:48:19,613 - INFO - 'NoneType' object is not subscriptable
2026-09-30 00:48:19,613 - INFO - Traceback (most recent call last):
  File "/home/runner/work/qqnews/qqnews/qq.py", line 128, in main
    for i in qq1["data"]["list"]:
             ~~~~~~~~~~~^^^^^^^^
TypeError: 'NoneType' object is not subscriptable

2026-09-30 06:03:48,961 - INFO - Total time taken: {'ret': 0, 'msg': 'success', 'data': None}
2026-09-30 06:03:48,962 - INFO - 'NoneType' object is not subscriptable
2026-09-30 06:03:48,962 - INFO - Traceback (most recent call last):
  File "/home/runner/work/qqnews/qqnews/qq.py", line 128, in main
    for i in qq1["data"]["list"]:
             ~~~~~~~~~~~^^^^^^^^
TypeError: 'NoneType' object is not subscriptable

2026-09-30 13:05:16,597 - INFO - Total time taken: {'ret': 0, 'msg': 'success', 'data': None}
2026-09-30 13:05:16,597 - INFO - 'NoneType' object is not subscriptable
2026-09-30 13:05:16,597 - INFO - Traceback (most recent call last):
  File "/home/runner/work/qqnews/qqnews/qq.py", line 128, in main
    for i in qq1["data"]["list"]:
             ~~~~~~~~~~~^^^^^^^^
TypeError: 'NoneType' object is not subscriptable

2026-09-30 18:38:07,227 - INFO - Total time taken: {'ret': 0, 'msg': 'success', 'data': None}
2026-09-30 18:38:07,228 - INFO - 'NoneType' object is not subscriptable
2026-09-30 18:38:07,228 - INFO - Traceback (most recent call last):
  File "/home/runner/work/qqnews/qqnews/qq.py", line 128, in main
    for i in qq1["data"]["list"]:
             ~~~~~~~~~~~^^^^^^^^
TypeError: 'NoneType' object is not subscriptable

2026-09-30 22:40:41,918 - INFO - Total time taken: {'ret': 0, 'msg': 'success', 'data': None}
2026-09-30 22:40:41,918 - INFO - 'NoneType' object is not subscriptable
2026-09-30 22:40:41,919 - INFO - Traceback (most recent call last):
  File "/home/runner/work/qqnews/qqnews/qq.py", line 128, in main
    for i in qq1["data"]["list"]:
             ~~~~~~~~~~~^^^^^^^^
TypeError: 'NoneType' object is not subscriptable

