2026-08-26 00:27:30,791 - INFO - Total time taken: {'ret': 0, 'msg': 'success', 'data': None}
2026-08-26 00:27:30,791 - INFO - 'NoneType' object is not subscriptable
2026-08-26 00:27:30,791 - INFO - Traceback (most recent call last):
  File "/home/runner/work/qqnews/qqnews/qq.py", line 128, in main
    for i in qq1["data"]["list"]:
             ~~~~~~~~~~~^^^^^^^^
TypeError: 'NoneType' object is not subscriptable

2026-08-26 02:15:53,052 - INFO - Total time taken: {'ret': 0, 'msg': 'success', 'data': None}
2026-08-26 02:15:53,052 - INFO - 'NoneType' object is not subscriptable
2026-08-26 02:15:53,052 - INFO - Traceback (most recent call last):
  File "/home/runner/work/qqnews/qqnews/qq.py", line 128, in main
    for i in qq1["data"]["list"]:
             ~~~~~~~~~~~^^^^^^^^
TypeError: 'NoneType' object is not subscriptable

2026-08-26 03:41:32,594 - INFO - Total time taken: {'ret': 0, 'msg': 'success', 'data': None}
2026-08-26 03:41:32,594 - INFO - 'NoneType' object is not subscriptable
2026-08-26 03:41:32,595 - INFO - Traceback (most recent call last):
  File "/home/runner/work/qqnews/qqnews/qq.py", line 128, in main
    for i in qq1["data"]["list"]:
             ~~~~~~~~~~~^^^^^^^^
TypeError: 'NoneType' object is not subscriptable

2026-08-26 04:26:51,276 - INFO - Total time taken: {'ret': 0, 'msg': 'success', 'data': None}
2026-08-26 04:26:51,277 - INFO - 'NoneType' object is not subscriptable
2026-08-26 04:26:51,277 - INFO - Traceback (most recent call last):
  File "/home/runner/work/qqnews/qqnews/qq.py", line 128, in main
    for i in qq1["data"]["list"]:
             ~~~~~~~~~~~^^^^^^^^
TypeError: 'NoneType' object is not subscriptable

2026-08-26 05:20:14,037 - INFO - Total time taken: {'ret': 0, 'msg': 'success', 'data': None}
2026-08-26 05:20:14,038 - INFO - 'NoneType' object is not subscriptable
2026-08-26 05:20:14,038 - INFO - Traceback (most recent call last):
  File "/home/runner/work/qqnews/qqnews/qq.py", line 128, in main
    for i in qq1["data"]["list"]:
             ~~~~~~~~~~~^^^^^^^^
TypeError: 'NoneType' object is not subscriptable

2026-08-26 06:22:56,346 - INFO - Total time taken: {'ret': 0, 'msg': 'success', 'data': None}
2026-08-26 06:22:56,347 - INFO - 'NoneType' object is not subscriptable
2026-08-26 06:22:56,347 - INFO - Traceback (most recent call last):
  File "/home/runner/work/qqnews/qqnews/qq.py", line 128, in main
    for i in qq1["data"]["list"]:
             ~~~~~~~~~~~^^^^^^^^
TypeError: 'NoneType' object is not subscriptable

2026-08-26 08:26:21,008 - INFO - Total time taken: {'ret': 0, 'msg': 'success', 'data': None}
2026-08-26 08:26:21,008 - INFO - 'NoneType' object is not subscriptable
2026-08-26 08:26:21,008 - INFO - Traceback (most recent call last):
  File "/home/runner/work/qqnews/qqnews/qq.py", line 128, in main
    for i in qq1["data"]["list"]:
             ~~~~~~~~~~~^^^^^^^^
TypeError: 'NoneType' object is not subscriptable

2026-08-26 09:27:31,124 - INFO - Total time taken: {'ret': 0, 'msg': 'success', 'data': None}
2026-08-26 09:27:31,124 - INFO - 'NoneType' object is not subscriptable
2026-08-26 09:27:31,125 - INFO - Traceback (most recent call last):
  File "/home/runner/work/qqnews/qqnews/qq.py", line 128, in main
    for i in qq1["data"]["list"]:
             ~~~~~~~~~~~^^^^^^^^
TypeError: 'NoneType' object is not subscriptable

2026-08-26 10:21:29,467 - INFO - Total time taken: {'ret': 0, 'msg': 'success', 'data': None}
2026-08-26 10:21:29,468 - INFO - 'NoneType' object is not subscriptable
2026-08-26 10:21:29,468 - INFO - Traceback (most recent call last):
  File "/home/runner/work/qqnews/qqnews/qq.py", line 128, in main
    for i in qq1["data"]["list"]:
             ~~~~~~~~~~~^^^^^^^^
TypeError: 'NoneType' object is not subscriptable

2026-08-26 11:16:56,915 - INFO - Total time taken: {'ret': 0, 'msg': 'success', 'data': None}
2026-08-26 11:16:56,915 - INFO - 'NoneType' object is not subscriptable
2026-08-26 11:16:56,915 - INFO - Traceback (most recent call last):
  File "/home/runner/work/qqnews/qqnews/qq.py", line 128, in main
    for i in qq1["data"]["list"]:
             ~~~~~~~~~~~^^^^^^^^
TypeError: 'NoneType' object is not subscriptable

2026-08-26 12:21:12,599 - INFO - Total time taken: {'ret': 0, 'msg': 'success', 'data': None}
2026-08-26 12:21:12,599 - INFO - 'NoneType' object is not subscriptable
2026-08-26 12:21:12,600 - INFO - Traceback (most recent call last):
  File "/home/runner/work/qqnews/qqnews/qq.py", line 128, in main
    for i in qq1["data"]["list"]:
             ~~~~~~~~~~~^^^^^^^^
TypeError: 'NoneType' object is not subscriptable

2026-08-26 13:42:31,558 - INFO - Total time taken: {'ret': 0, 'msg': 'success', 'data': None}
2026-08-26 13:42:31,559 - INFO - 'NoneType' object is not subscriptable
2026-08-26 13:42:31,559 - INFO - Traceback (most recent call last):
  File "/home/runner/work/qqnews/qqnews/qq.py", line 128, in main
    for i in qq1["data"]["list"]:
             ~~~~~~~~~~~^^^^^^^^
TypeError: 'NoneType' object is not subscriptable

2026-08-26 14:30:59,384 - INFO - Total time taken: {'ret': 0, 'msg': 'success', 'data': None}
2026-08-26 14:30:59,384 - INFO - 'NoneType' object is not subscriptable
2026-08-26 14:30:59,384 - INFO - Traceback (most recent call last):
  File "/home/runner/work/qqnews/qqnews/qq.py", line 128, in main
    for i in qq1["data"]["list"]:
             ~~~~~~~~~~~^^^^^^^^
TypeError: 'NoneType' object is not subscriptable

2026-08-26 16:06:39,385 - INFO - Total time taken: {'ret': 0, 'msg': 'success', 'data': None}
2026-08-26 16:06:39,385 - INFO - 'NoneType' object is not subscriptable
2026-08-26 16:06:39,385 - INFO - Traceback (most recent call last):
  File "/home/runner/work/qqnews/qqnews/qq.py", line 128, in main
    for i in qq1["data"]["list"]:
             ~~~~~~~~~~~^^^^^^^^
TypeError: 'NoneType' object is not subscriptable

2026-08-26 18:30:36,768 - INFO - Total time taken: {'ret': 0, 'msg': 'success', 'data': None}
2026-08-26 18:30:36,768 - INFO - 'NoneType' object is not subscriptable
2026-08-26 18:30:36,769 - INFO - Traceback (most recent call last):
  File "/home/runner/work/qqnews/qqnews/qq.py", line 128, in main
    for i in qq1["data"]["list"]:
             ~~~~~~~~~~~^^^^^^^^
TypeError: 'NoneType' object is not subscriptable

