2026-08-08 00:36:49,684 - INFO - Total time taken: {'ret': 0, 'msg': 'success', 'data': None}
2026-08-08 00:36:49,685 - INFO - 'NoneType' object is not subscriptable
2026-08-08 00:36:49,685 - INFO - Traceback (most recent call last):
  File "/home/runner/work/qqnews/qqnews/qq.py", line 128, in main
    for i in qq1["data"]["list"]:
             ~~~~~~~~~~~^^^^^^^^
TypeError: 'NoneType' object is not subscriptable

2026-08-08 02:46:38,910 - INFO - Total time taken: {'ret': 0, 'msg': 'success', 'data': None}
2026-08-08 02:46:38,911 - INFO - 'NoneType' object is not subscriptable
2026-08-08 02:46:38,911 - INFO - Traceback (most recent call last):
  File "/home/runner/work/qqnews/qqnews/qq.py", line 128, in main
    for i in qq1["data"]["list"]:
             ~~~~~~~~~~~^^^^^^^^
TypeError: 'NoneType' object is not subscriptable

2026-08-08 04:00:11,822 - INFO - Total time taken: {'ret': 0, 'msg': 'success', 'data': None}
2026-08-08 04:00:11,822 - INFO - 'NoneType' object is not subscriptable
2026-08-08 04:00:11,822 - INFO - Traceback (most recent call last):
  File "/home/runner/work/qqnews/qqnews/qq.py", line 128, in main
    for i in qq1["data"]["list"]:
             ~~~~~~~~~~~^^^^^^^^
TypeError: 'NoneType' object is not subscriptable

2026-08-08 04:54:53,850 - INFO - Total time taken: {'ret': 0, 'msg': 'success', 'data': None}
2026-08-08 04:54:53,851 - INFO - 'NoneType' object is not subscriptable
2026-08-08 04:54:53,851 - INFO - Traceback (most recent call last):
  File "/home/runner/work/qqnews/qqnews/qq.py", line 128, in main
    for i in qq1["data"]["list"]:
             ~~~~~~~~~~~^^^^^^^^
TypeError: 'NoneType' object is not subscriptable

2026-08-08 05:32:25,983 - INFO - Total time taken: {'ret': 0, 'msg': 'success', 'data': None}
2026-08-08 05:32:25,984 - INFO - 'NoneType' object is not subscriptable
2026-08-08 05:32:25,984 - INFO - Traceback (most recent call last):
  File "/home/runner/work/qqnews/qqnews/qq.py", line 128, in main
    for i in qq1["data"]["list"]:
             ~~~~~~~~~~~^^^^^^^^
TypeError: 'NoneType' object is not subscriptable

2026-08-08 06:27:53,041 - INFO - Total time taken: {'ret': 0, 'msg': 'success', 'data': None}
2026-08-08 06:27:53,041 - INFO - 'NoneType' object is not subscriptable
2026-08-08 06:27:53,041 - INFO - Traceback (most recent call last):
  File "/home/runner/work/qqnews/qqnews/qq.py", line 128, in main
    for i in qq1["data"]["list"]:
             ~~~~~~~~~~~^^^^^^^^
TypeError: 'NoneType' object is not subscriptable

2026-08-08 07:38:14,909 - INFO - Total time taken: {'ret': 0, 'msg': 'success', 'data': None}
2026-08-08 07:38:14,909 - INFO - 'NoneType' object is not subscriptable
2026-08-08 07:38:14,909 - INFO - Traceback (most recent call last):
  File "/home/runner/work/qqnews/qqnews/qq.py", line 128, in main
    for i in qq1["data"]["list"]:
             ~~~~~~~~~~~^^^^^^^^
TypeError: 'NoneType' object is not subscriptable

2026-08-08 08:23:35,552 - INFO - Total time taken: {'ret': 0, 'msg': 'success', 'data': None}
2026-08-08 08:23:35,552 - INFO - 'NoneType' object is not subscriptable
2026-08-08 08:23:35,553 - INFO - Traceback (most recent call last):
  File "/home/runner/work/qqnews/qqnews/qq.py", line 128, in main
    for i in qq1["data"]["list"]:
             ~~~~~~~~~~~^^^^^^^^
TypeError: 'NoneType' object is not subscriptable

2026-08-08 09:24:17,870 - INFO - Total time taken: {'ret': 0, 'msg': 'success', 'data': None}
2026-08-08 09:24:17,870 - INFO - 'NoneType' object is not subscriptable
2026-08-08 09:24:17,870 - INFO - Traceback (most recent call last):
  File "/home/runner/work/qqnews/qqnews/qq.py", line 128, in main
    for i in qq1["data"]["list"]:
             ~~~~~~~~~~~^^^^^^^^
TypeError: 'NoneType' object is not subscriptable

2026-08-08 10:17:57,822 - INFO - Total time taken: {'ret': 0, 'msg': 'success', 'data': None}
2026-08-08 10:17:57,822 - INFO - 'NoneType' object is not subscriptable
2026-08-08 10:17:57,823 - INFO - Traceback (most recent call last):
  File "/home/runner/work/qqnews/qqnews/qq.py", line 128, in main
    for i in qq1["data"]["list"]:
             ~~~~~~~~~~~^^^^^^^^
TypeError: 'NoneType' object is not subscriptable

2026-08-08 11:16:38,838 - INFO - Total time taken: {'ret': 0, 'msg': 'success', 'data': None}
2026-08-08 11:16:38,838 - INFO - 'NoneType' object is not subscriptable
2026-08-08 11:16:38,838 - INFO - Traceback (most recent call last):
  File "/home/runner/work/qqnews/qqnews/qq.py", line 128, in main
    for i in qq1["data"]["list"]:
             ~~~~~~~~~~~^^^^^^^^
TypeError: 'NoneType' object is not subscriptable

2026-08-08 12:18:17,514 - INFO - Total time taken: {'ret': 0, 'msg': 'success', 'data': None}
2026-08-08 12:18:17,514 - INFO - 'NoneType' object is not subscriptable
2026-08-08 12:18:17,514 - INFO - Traceback (most recent call last):
  File "/home/runner/work/qqnews/qqnews/qq.py", line 128, in main
    for i in qq1["data"]["list"]:
             ~~~~~~~~~~~^^^^^^^^
TypeError: 'NoneType' object is not subscriptable

2026-08-08 13:35:52,763 - INFO - Total time taken: {'ret': 0, 'msg': 'success', 'data': None}
2026-08-08 13:35:52,763 - INFO - 'NoneType' object is not subscriptable
2026-08-08 13:35:52,763 - INFO - Traceback (most recent call last):
  File "/home/runner/work/qqnews/qqnews/qq.py", line 128, in main
    for i in qq1["data"]["list"]:
             ~~~~~~~~~~~^^^^^^^^
TypeError: 'NoneType' object is not subscriptable

2026-08-08 14:20:14,270 - INFO - Total time taken: {'ret': 0, 'msg': 'success', 'data': None}
2026-08-08 14:20:14,270 - INFO - 'NoneType' object is not subscriptable
2026-08-08 14:20:14,270 - INFO - Traceback (most recent call last):
  File "/home/runner/work/qqnews/qqnews/qq.py", line 128, in main
    for i in qq1["data"]["list"]:
             ~~~~~~~~~~~^^^^^^^^
TypeError: 'NoneType' object is not subscriptable

2026-08-08 15:15:31,781 - INFO - Total time taken: {'ret': 0, 'msg': 'success', 'data': None}
2026-08-08 15:15:31,781 - INFO - 'NoneType' object is not subscriptable
2026-08-08 15:15:31,781 - INFO - Traceback (most recent call last):
  File "/home/runner/work/qqnews/qqnews/qq.py", line 128, in main
    for i in qq1["data"]["list"]:
             ~~~~~~~~~~~^^^^^^^^
TypeError: 'NoneType' object is not subscriptable

2026-08-08 16:15:53,867 - INFO - Total time taken: {'ret': 0, 'msg': 'success', 'data': None}
2026-08-08 16:15:53,867 - INFO - 'NoneType' object is not subscriptable
2026-08-08 16:15:53,868 - INFO - Traceback (most recent call last):
  File "/home/runner/work/qqnews/qqnews/qq.py", line 128, in main
    for i in qq1["data"]["list"]:
             ~~~~~~~~~~~^^^^^^^^
TypeError: 'NoneType' object is not subscriptable

2026-08-08 17:18:05,583 - INFO - Total time taken: {'ret': 0, 'msg': 'success', 'data': None}
2026-08-08 17:18:05,584 - INFO - 'NoneType' object is not subscriptable
2026-08-08 17:18:05,584 - INFO - Traceback (most recent call last):
  File "/home/runner/work/qqnews/qqnews/qq.py", line 128, in main
    for i in qq1["data"]["list"]:
             ~~~~~~~~~~~^^^^^^^^
TypeError: 'NoneType' object is not subscriptable

2026-08-08 18:16:50,101 - INFO - Total time taken: {'ret': 0, 'msg': 'success', 'data': None}
2026-08-08 18:16:50,101 - INFO - 'NoneType' object is not subscriptable
2026-08-08 18:16:50,102 - INFO - Traceback (most recent call last):
  File "/home/runner/work/qqnews/qqnews/qq.py", line 128, in main
    for i in qq1["data"]["list"]:
             ~~~~~~~~~~~^^^^^^^^
TypeError: 'NoneType' object is not subscriptable

2026-08-08 19:19:22,962 - INFO - Total time taken: {'ret': 0, 'msg': 'success', 'data': None}
2026-08-08 19:19:22,962 - INFO - 'NoneType' object is not subscriptable
2026-08-08 19:19:22,962 - INFO - Traceback (most recent call last):
  File "/home/runner/work/qqnews/qqnews/qq.py", line 128, in main
    for i in qq1["data"]["list"]:
             ~~~~~~~~~~~^^^^^^^^
TypeError: 'NoneType' object is not subscriptable

2026-08-08 20:13:51,775 - INFO - Total time taken: {'ret': 0, 'msg': 'success', 'data': None}
2026-08-08 20:13:51,775 - INFO - 'NoneType' object is not subscriptable
2026-08-08 20:13:51,776 - INFO - Traceback (most recent call last):
  File "/home/runner/work/qqnews/qqnews/qq.py", line 128, in main
    for i in qq1["data"]["list"]:
             ~~~~~~~~~~~^^^^^^^^
TypeError: 'NoneType' object is not subscriptable

2026-08-08 22:13:40,974 - INFO - Total time taken: {'ret': 0, 'msg': 'success', 'data': None}
2026-08-08 22:13:40,974 - INFO - 'NoneType' object is not subscriptable
2026-08-08 22:13:40,975 - INFO - Traceback (most recent call last):
  File "/home/runner/work/qqnews/qqnews/qq.py", line 128, in main
    for i in qq1["data"]["list"]:
             ~~~~~~~~~~~^^^^^^^^
TypeError: 'NoneType' object is not subscriptable

