2026-10-02 02:39:18,077 - INFO - Total time taken: {'ret': 0, 'msg': 'success', 'data': None}
2026-10-02 02:39:18,077 - INFO - 'NoneType' object is not subscriptable
2026-10-02 02:39:18,077 - INFO - Traceback (most recent call last):
  File "/home/runner/work/qqnews/qqnews/qq.py", line 128, in main
    for i in qq1["data"]["list"]:
             ~~~~~~~~~~~^^^^^^^^
TypeError: 'NoneType' object is not subscriptable

2026-10-02 09:03:28,652 - INFO - Total time taken: {'ret': 0, 'msg': 'success', 'data': None}
2026-10-02 09:03:28,652 - INFO - 'NoneType' object is not subscriptable
2026-10-02 09:03:28,653 - INFO - Traceback (most recent call last):
  File "/home/runner/work/qqnews/qqnews/qq.py", line 128, in main
    for i in qq1["data"]["list"]:
             ~~~~~~~~~~~^^^^^^^^
TypeError: 'NoneType' object is not subscriptable

2026-10-02 15:59:47,203 - INFO - Total time taken: {'ret': 0, 'msg': 'success', 'data': None}
2026-10-02 15:59:47,204 - INFO - 'NoneType' object is not subscriptable
2026-10-02 15:59:47,204 - INFO - Traceback (most recent call last):
  File "/home/runner/work/qqnews/qqnews/qq.py", line 128, in main
    for i in qq1["data"]["list"]:
             ~~~~~~~~~~~^^^^^^^^
TypeError: 'NoneType' object is not subscriptable

2026-10-02 20:20:19,037 - INFO - Total time taken: {'ret': 0, 'msg': 'success', 'data': None}
2026-10-02 20:20:19,037 - INFO - 'NoneType' object is not subscriptable
2026-10-02 20:20:19,037 - INFO - Traceback (most recent call last):
  File "/home/runner/work/qqnews/qqnews/qq.py", line 128, in main
    for i in qq1["data"]["list"]:
             ~~~~~~~~~~~^^^^^^^^
TypeError: 'NoneType' object is not subscriptable

