2026-09-28 00:02:16,653 - INFO - Total time taken: {'ret': 0, 'msg': 'success', 'data': None}
2026-09-28 00:02:16,653 - INFO - 'NoneType' object is not subscriptable
2026-09-28 00:02:16,654 - INFO - Traceback (most recent call last):
  File "/home/runner/work/qqnews/qqnews/qq.py", line 128, in main
    for i in qq1["data"]["list"]:
             ~~~~~~~~~~~^^^^^^^^
TypeError: 'NoneType' object is not subscriptable

2026-09-28 05:59:59,385 - INFO - Total time taken: {'ret': 0, 'msg': 'success', 'data': None}
2026-09-28 05:59:59,385 - INFO - 'NoneType' object is not subscriptable
2026-09-28 05:59:59,385 - INFO - Traceback (most recent call last):
  File "/home/runner/work/qqnews/qqnews/qq.py", line 128, in main
    for i in qq1["data"]["list"]:
             ~~~~~~~~~~~^^^^^^^^
TypeError: 'NoneType' object is not subscriptable

2026-09-28 12:54:29,285 - INFO - Total time taken: {'ret': 0, 'msg': 'success', 'data': None}
2026-09-28 12:54:29,285 - INFO - 'NoneType' object is not subscriptable
2026-09-28 12:54:29,286 - INFO - Traceback (most recent call last):
  File "/home/runner/work/qqnews/qqnews/qq.py", line 128, in main
    for i in qq1["data"]["list"]:
             ~~~~~~~~~~~^^^^^^^^
TypeError: 'NoneType' object is not subscriptable

2026-09-28 19:52:08,035 - INFO - Total time taken: {'ret': 0, 'msg': 'success', 'data': None}
2026-09-28 19:52:08,035 - INFO - 'NoneType' object is not subscriptable
2026-09-28 19:52:08,035 - INFO - Traceback (most recent call last):
  File "/home/runner/work/qqnews/qqnews/qq.py", line 128, in main
    for i in qq1["data"]["list"]:
             ~~~~~~~~~~~^^^^^^^^
TypeError: 'NoneType' object is not subscriptable

