2026-09-22 01:17:35,755 - INFO - Total time taken: {'ret': 0, 'msg': 'success', 'data': None}
2026-09-22 01:17:35,755 - INFO - 'NoneType' object is not subscriptable
2026-09-22 01:17:35,755 - INFO - Traceback (most recent call last):
  File "/home/runner/work/qqnews/qqnews/qq.py", line 128, in main
    for i in qq1["data"]["list"]:
             ~~~~~~~~~~~^^^^^^^^
TypeError: 'NoneType' object is not subscriptable

2026-09-22 06:53:19,266 - INFO - Total time taken: {'ret': 0, 'msg': 'success', 'data': None}
2026-09-22 06:53:19,266 - INFO - 'NoneType' object is not subscriptable
2026-09-22 06:53:19,267 - INFO - Traceback (most recent call last):
  File "/home/runner/work/qqnews/qqnews/qq.py", line 128, in main
    for i in qq1["data"]["list"]:
             ~~~~~~~~~~~^^^^^^^^
TypeError: 'NoneType' object is not subscriptable

2026-09-22 12:08:21,166 - INFO - Total time taken: {'ret': 0, 'msg': 'success', 'data': None}
2026-09-22 12:08:21,166 - INFO - 'NoneType' object is not subscriptable
2026-09-22 12:08:21,167 - INFO - Traceback (most recent call last):
  File "/home/runner/work/qqnews/qqnews/qq.py", line 128, in main
    for i in qq1["data"]["list"]:
             ~~~~~~~~~~~^^^^^^^^
TypeError: 'NoneType' object is not subscriptable

