2026-08-09 00:38:44,075 - INFO - Total time taken: {'ret': 0, 'msg': 'success', 'data': None}
2026-08-09 00:38:44,075 - INFO - 'NoneType' object is not subscriptable
2026-08-09 00:38:44,075 - INFO - Traceback (most recent call last):
  File "/home/runner/work/qqnews/qqnews/qq.py", line 128, in main
    for i in qq1["data"]["list"]:
             ~~~~~~~~~~~^^^^^^^^
TypeError: 'NoneType' object is not subscriptable

2026-08-09 02:54:05,143 - INFO - Total time taken: {'ret': 0, 'msg': 'success', 'data': None}
2026-08-09 02:54:05,143 - INFO - 'NoneType' object is not subscriptable
2026-08-09 02:54:05,143 - INFO - Traceback (most recent call last):
  File "/home/runner/work/qqnews/qqnews/qq.py", line 128, in main
    for i in qq1["data"]["list"]:
             ~~~~~~~~~~~^^^^^^^^
TypeError: 'NoneType' object is not subscriptable

2026-08-09 04:06:23,638 - INFO - Total time taken: {'ret': 0, 'msg': 'success', 'data': None}
2026-08-09 04:06:23,638 - INFO - 'NoneType' object is not subscriptable
2026-08-09 04:06:23,639 - INFO - Traceback (most recent call last):
  File "/home/runner/work/qqnews/qqnews/qq.py", line 128, in main
    for i in qq1["data"]["list"]:
             ~~~~~~~~~~~^^^^^^^^
TypeError: 'NoneType' object is not subscriptable

