2026-07-25 01:17:02,576 - INFO - Total time taken: {'ret': 0, 'msg': 'success', 'data': None}
2026-07-25 01:17:02,576 - INFO - 'NoneType' object is not subscriptable
2026-07-25 01:17:02,576 - INFO - Traceback (most recent call last):
  File "/home/runner/work/qqnews/qqnews/qq.py", line 128, in main
    for i in qq1["data"]["list"]:
             ~~~~~~~~~~~^^^^^^^^
TypeError: 'NoneType' object is not subscriptable

2026-07-25 04:52:45,528 - INFO - Total time taken: {'ret': 0, 'msg': 'success', 'data': None}
2026-07-25 04:52:45,528 - INFO - 'NoneType' object is not subscriptable
2026-07-25 04:52:45,529 - INFO - Traceback (most recent call last):
  File "/home/runner/work/qqnews/qqnews/qq.py", line 128, in main
    for i in qq1["data"]["list"]:
             ~~~~~~~~~~~^^^^^^^^
TypeError: 'NoneType' object is not subscriptable

2026-07-25 07:06:23,243 - INFO - Total time taken: {'ret': 0, 'msg': 'success', 'data': None}
2026-07-25 07:06:23,243 - INFO - 'NoneType' object is not subscriptable
2026-07-25 07:06:23,243 - INFO - Traceback (most recent call last):
  File "/home/runner/work/qqnews/qqnews/qq.py", line 128, in main
    for i in qq1["data"]["list"]:
             ~~~~~~~~~~~^^^^^^^^
TypeError: 'NoneType' object is not subscriptable

2026-07-25 09:22:42,320 - INFO - Total time taken: {'ret': 0, 'msg': 'success', 'data': None}
2026-07-25 09:22:42,321 - INFO - 'NoneType' object is not subscriptable
2026-07-25 09:22:42,321 - INFO - Traceback (most recent call last):
  File "/home/runner/work/qqnews/qqnews/qq.py", line 128, in main
    for i in qq1["data"]["list"]:
             ~~~~~~~~~~~^^^^^^^^
TypeError: 'NoneType' object is not subscriptable

