2026-07-30 01:07:52,032 - INFO - Total time taken: {'ret': 0, 'msg': 'success', 'data': None}
2026-07-30 01:07:52,033 - INFO - 'NoneType' object is not subscriptable
2026-07-30 01:07:52,033 - INFO - Traceback (most recent call last):
  File "/home/runner/work/qqnews/qqnews/qq.py", line 128, in main
    for i in qq1["data"]["list"]:
             ~~~~~~~~~~~^^^^^^^^
TypeError: 'NoneType' object is not subscriptable

2026-07-30 04:42:10,071 - INFO - Total time taken: {'ret': 0, 'msg': 'success', 'data': None}
2026-07-30 04:42:10,072 - INFO - 'NoneType' object is not subscriptable
2026-07-30 04:42:10,072 - INFO - Traceback (most recent call last):
  File "/home/runner/work/qqnews/qqnews/qq.py", line 128, in main
    for i in qq1["data"]["list"]:
             ~~~~~~~~~~~^^^^^^^^
TypeError: 'NoneType' object is not subscriptable

2026-07-30 07:23:51,477 - INFO - Total time taken: {'ret': 0, 'msg': 'success', 'data': None}
2026-07-30 07:23:51,477 - INFO - 'NoneType' object is not subscriptable
2026-07-30 07:23:51,477 - INFO - Traceback (most recent call last):
  File "/home/runner/work/qqnews/qqnews/qq.py", line 128, in main
    for i in qq1["data"]["list"]:
             ~~~~~~~~~~~^^^^^^^^
TypeError: 'NoneType' object is not subscriptable

2026-07-30 10:06:54,291 - INFO - Total time taken: {'ret': 0, 'msg': 'success', 'data': None}
2026-07-30 10:06:54,291 - INFO - 'NoneType' object is not subscriptable
2026-07-30 10:06:54,292 - INFO - Traceback (most recent call last):
  File "/home/runner/work/qqnews/qqnews/qq.py", line 128, in main
    for i in qq1["data"]["list"]:
             ~~~~~~~~~~~^^^^^^^^
TypeError: 'NoneType' object is not subscriptable

2026-07-30 12:19:27,607 - INFO - Total time taken: {'ret': 0, 'msg': 'success', 'data': None}
2026-07-30 12:19:27,607 - INFO - 'NoneType' object is not subscriptable
2026-07-30 12:19:27,607 - INFO - Traceback (most recent call last):
  File "/home/runner/work/qqnews/qqnews/qq.py", line 128, in main
    for i in qq1["data"]["list"]:
             ~~~~~~~~~~~^^^^^^^^
TypeError: 'NoneType' object is not subscriptable

2026-07-30 14:57:12,174 - INFO - Total time taken: {'ret': 0, 'msg': 'success', 'data': None}
2026-07-30 14:57:12,174 - INFO - 'NoneType' object is not subscriptable
2026-07-30 14:57:12,175 - INFO - Traceback (most recent call last):
  File "/home/runner/work/qqnews/qqnews/qq.py", line 128, in main
    for i in qq1["data"]["list"]:
             ~~~~~~~~~~~^^^^^^^^
TypeError: 'NoneType' object is not subscriptable

2026-07-30 16:19:59,242 - INFO - Total time taken: {'ret': 0, 'msg': 'success', 'data': None}
2026-07-30 16:19:59,243 - INFO - 'NoneType' object is not subscriptable
2026-07-30 16:19:59,243 - INFO - Traceback (most recent call last):
  File "/home/runner/work/qqnews/qqnews/qq.py", line 128, in main
    for i in qq1["data"]["list"]:
             ~~~~~~~~~~~^^^^^^^^
TypeError: 'NoneType' object is not subscriptable

2026-07-30 20:09:01,058 - INFO - Total time taken: {'ret': 0, 'msg': 'success', 'data': None}
2026-07-30 20:09:01,059 - INFO - 'NoneType' object is not subscriptable
2026-07-30 20:09:01,059 - INFO - Traceback (most recent call last):
  File "/home/runner/work/qqnews/qqnews/qq.py", line 128, in main
    for i in qq1["data"]["list"]:
             ~~~~~~~~~~~^^^^^^^^
TypeError: 'NoneType' object is not subscriptable

