2026-07-31 01:20:27,300 - INFO - Total time taken: {'ret': 0, 'msg': 'success', 'data': None}
2026-07-31 01:20:27,300 - INFO - 'NoneType' object is not subscriptable
2026-07-31 01:20:27,300 - INFO - Traceback (most recent call last):
  File "/home/runner/work/qqnews/qqnews/qq.py", line 128, in main
    for i in qq1["data"]["list"]:
             ~~~~~~~~~~~^^^^^^^^
TypeError: 'NoneType' object is not subscriptable

2026-07-31 05:19:26,307 - INFO - Total time taken: {'ret': 0, 'msg': 'success', 'data': None}
2026-07-31 05:19:26,307 - INFO - 'NoneType' object is not subscriptable
2026-07-31 05:19:26,308 - INFO - Traceback (most recent call last):
  File "/home/runner/work/qqnews/qqnews/qq.py", line 128, in main
    for i in qq1["data"]["list"]:
             ~~~~~~~~~~~^^^^^^^^
TypeError: 'NoneType' object is not subscriptable

2026-07-31 08:24:46,728 - INFO - Total time taken: {'ret': 0, 'msg': 'success', 'data': None}
2026-07-31 08:24:46,729 - INFO - 'NoneType' object is not subscriptable
2026-07-31 08:24:46,729 - INFO - Traceback (most recent call last):
  File "/home/runner/work/qqnews/qqnews/qq.py", line 128, in main
    for i in qq1["data"]["list"]:
             ~~~~~~~~~~~^^^^^^^^
TypeError: 'NoneType' object is not subscriptable

2026-07-31 11:13:58,119 - INFO - Total time taken: {'ret': 0, 'msg': 'success', 'data': None}
2026-07-31 11:13:58,119 - INFO - 'NoneType' object is not subscriptable
2026-07-31 11:13:58,120 - INFO - Traceback (most recent call last):
  File "/home/runner/work/qqnews/qqnews/qq.py", line 128, in main
    for i in qq1["data"]["list"]:
             ~~~~~~~~~~~^^^^^^^^
TypeError: 'NoneType' object is not subscriptable

2026-07-31 13:22:06,529 - INFO - Total time taken: {'ret': 0, 'msg': 'success', 'data': None}
2026-07-31 13:22:06,529 - INFO - 'NoneType' object is not subscriptable
2026-07-31 13:22:06,530 - INFO - Traceback (most recent call last):
  File "/home/runner/work/qqnews/qqnews/qq.py", line 128, in main
    for i in qq1["data"]["list"]:
             ~~~~~~~~~~~^^^^^^^^
TypeError: 'NoneType' object is not subscriptable

2026-07-31 15:50:25,054 - INFO - Total time taken: {'ret': 0, 'msg': 'success', 'data': None}
2026-07-31 15:50:25,054 - INFO - 'NoneType' object is not subscriptable
2026-07-31 15:50:25,054 - INFO - Traceback (most recent call last):
  File "/home/runner/work/qqnews/qqnews/qq.py", line 128, in main
    for i in qq1["data"]["list"]:
             ~~~~~~~~~~~^^^^^^^^
TypeError: 'NoneType' object is not subscriptable

2026-07-31 17:13:50,414 - INFO - Total time taken: {'ret': 0, 'msg': 'success', 'data': None}
2026-07-31 17:13:50,414 - INFO - 'NoneType' object is not subscriptable
2026-07-31 17:13:50,415 - INFO - Traceback (most recent call last):
  File "/home/runner/work/qqnews/qqnews/qq.py", line 128, in main
    for i in qq1["data"]["list"]:
             ~~~~~~~~~~~^^^^^^^^
TypeError: 'NoneType' object is not subscriptable

