2026-10-04 00:09:35,282 - INFO - Total time taken: {'ret': 0, 'msg': 'success', 'data': None}
2026-10-04 00:09:35,282 - INFO - 'NoneType' object is not subscriptable
2026-10-04 00:09:35,282 - INFO - Traceback (most recent call last):
  File "/home/runner/work/qqnews/qqnews/qq.py", line 128, in main
    for i in qq1["data"]["list"]:
             ~~~~~~~~~~~^^^^^^^^
TypeError: 'NoneType' object is not subscriptable

2026-10-04 06:29:07,707 - INFO - Total time taken: {'ret': 0, 'msg': 'success', 'data': None}
2026-10-04 06:29:07,707 - INFO - 'NoneType' object is not subscriptable
2026-10-04 06:29:07,708 - INFO - Traceback (most recent call last):
  File "/home/runner/work/qqnews/qqnews/qq.py", line 128, in main
    for i in qq1["data"]["list"]:
             ~~~~~~~~~~~^^^^^^^^
TypeError: 'NoneType' object is not subscriptable

2026-10-04 12:53:58,885 - INFO - Total time taken: {'ret': 0, 'msg': 'success', 'data': None}
2026-10-04 12:53:58,885 - INFO - 'NoneType' object is not subscriptable
2026-10-04 12:53:58,886 - INFO - Traceback (most recent call last):
  File "/home/runner/work/qqnews/qqnews/qq.py", line 128, in main
    for i in qq1["data"]["list"]:
             ~~~~~~~~~~~^^^^^^^^
TypeError: 'NoneType' object is not subscriptable

2026-10-04 17:07:35,187 - INFO - Total time taken: {'ret': 0, 'msg': 'success', 'data': None}
2026-10-04 17:07:35,188 - INFO - 'NoneType' object is not subscriptable
2026-10-04 17:07:35,188 - INFO - Traceback (most recent call last):
  File "/home/runner/work/qqnews/qqnews/qq.py", line 128, in main
    for i in qq1["data"]["list"]:
             ~~~~~~~~~~~^^^^^^^^
TypeError: 'NoneType' object is not subscriptable

