2026-09-01 00:49:29,483 - INFO - Total time taken: {'ret': 0, 'msg': 'success', 'data': None}
2026-09-01 00:49:29,483 - INFO - 'NoneType' object is not subscriptable
2026-09-01 00:49:29,484 - INFO - Traceback (most recent call last):
  File "/home/runner/work/qqnews/qqnews/qq.py", line 128, in main
    for i in qq1["data"]["list"]:
             ~~~~~~~~~~~^^^^^^^^
TypeError: 'NoneType' object is not subscriptable

2026-09-01 05:46:32,761 - INFO - Total time taken: {'ret': 0, 'msg': 'success', 'data': None}
2026-09-01 05:46:32,761 - INFO - 'NoneType' object is not subscriptable
2026-09-01 05:46:32,761 - INFO - Traceback (most recent call last):
  File "/home/runner/work/qqnews/qqnews/qq.py", line 128, in main
    for i in qq1["data"]["list"]:
             ~~~~~~~~~~~^^^^^^^^
TypeError: 'NoneType' object is not subscriptable

2026-09-01 10:34:04,057 - INFO - Total time taken: {'ret': 0, 'msg': 'success', 'data': None}
2026-09-01 10:34:04,057 - INFO - 'NoneType' object is not subscriptable
2026-09-01 10:34:04,058 - INFO - Traceback (most recent call last):
  File "/home/runner/work/qqnews/qqnews/qq.py", line 128, in main
    for i in qq1["data"]["list"]:
             ~~~~~~~~~~~^^^^^^^^
TypeError: 'NoneType' object is not subscriptable

