2026-08-21 00:28:17,881 - INFO - Total time taken: {'ret': 0, 'msg': 'success', 'data': None}
2026-08-21 00:28:17,881 - INFO - 'NoneType' object is not subscriptable
2026-08-21 00:28:17,881 - INFO - Traceback (most recent call last):
  File "/home/runner/work/qqnews/qqnews/qq.py", line 128, in main
    for i in qq1["data"]["list"]:
             ~~~~~~~~~~~^^^^^^^^
TypeError: 'NoneType' object is not subscriptable

2026-08-21 02:14:37,384 - INFO - Total time taken: {'ret': 0, 'msg': 'success', 'data': None}
2026-08-21 02:14:37,385 - INFO - 'NoneType' object is not subscriptable
2026-08-21 02:14:37,385 - INFO - Traceback (most recent call last):
  File "/home/runner/work/qqnews/qqnews/qq.py", line 128, in main
    for i in qq1["data"]["list"]:
             ~~~~~~~~~~~^^^^^^^^
TypeError: 'NoneType' object is not subscriptable

2026-08-21 03:38:41,031 - INFO - Total time taken: {'ret': 0, 'msg': 'success', 'data': None}
2026-08-21 03:38:41,031 - INFO - 'NoneType' object is not subscriptable
2026-08-21 03:38:41,032 - INFO - Traceback (most recent call last):
  File "/home/runner/work/qqnews/qqnews/qq.py", line 128, in main
    for i in qq1["data"]["list"]:
             ~~~~~~~~~~~^^^^^^^^
TypeError: 'NoneType' object is not subscriptable

2026-08-21 04:25:16,453 - INFO - Total time taken: {'ret': 0, 'msg': 'success', 'data': None}
2026-08-21 04:25:16,453 - INFO - 'NoneType' object is not subscriptable
2026-08-21 04:25:16,453 - INFO - Traceback (most recent call last):
  File "/home/runner/work/qqnews/qqnews/qq.py", line 128, in main
    for i in qq1["data"]["list"]:
             ~~~~~~~~~~~^^^^^^^^
TypeError: 'NoneType' object is not subscriptable

2026-08-21 05:20:12,462 - INFO - Total time taken: {'ret': 0, 'msg': 'success', 'data': None}
2026-08-21 05:20:12,462 - INFO - 'NoneType' object is not subscriptable
2026-08-21 05:20:12,463 - INFO - Traceback (most recent call last):
  File "/home/runner/work/qqnews/qqnews/qq.py", line 128, in main
    for i in qq1["data"]["list"]:
             ~~~~~~~~~~~^^^^^^^^
TypeError: 'NoneType' object is not subscriptable

2026-08-21 06:20:59,698 - INFO - Total time taken: {'ret': 0, 'msg': 'success', 'data': None}
2026-08-21 06:20:59,698 - INFO - 'NoneType' object is not subscriptable
2026-08-21 06:20:59,698 - INFO - Traceback (most recent call last):
  File "/home/runner/work/qqnews/qqnews/qq.py", line 128, in main
    for i in qq1["data"]["list"]:
             ~~~~~~~~~~~^^^^^^^^
TypeError: 'NoneType' object is not subscriptable

2026-08-21 07:32:19,524 - INFO - Total time taken: {'ret': 0, 'msg': 'success', 'data': None}
2026-08-21 07:32:19,524 - INFO - 'NoneType' object is not subscriptable
2026-08-21 07:32:19,525 - INFO - Traceback (most recent call last):
  File "/home/runner/work/qqnews/qqnews/qq.py", line 128, in main
    for i in qq1["data"]["list"]:
             ~~~~~~~~~~~^^^^^^^^
TypeError: 'NoneType' object is not subscriptable

2026-08-21 08:22:24,676 - INFO - Total time taken: {'ret': 0, 'msg': 'success', 'data': None}
2026-08-21 08:22:24,676 - INFO - 'NoneType' object is not subscriptable
2026-08-21 08:22:24,677 - INFO - Traceback (most recent call last):
  File "/home/runner/work/qqnews/qqnews/qq.py", line 128, in main
    for i in qq1["data"]["list"]:
             ~~~~~~~~~~~^^^^^^^^
TypeError: 'NoneType' object is not subscriptable

2026-08-21 09:22:14,722 - INFO - Total time taken: {'ret': 0, 'msg': 'success', 'data': None}
2026-08-21 09:22:14,722 - INFO - 'NoneType' object is not subscriptable
2026-08-21 09:22:14,722 - INFO - Traceback (most recent call last):
  File "/home/runner/work/qqnews/qqnews/qq.py", line 128, in main
    for i in qq1["data"]["list"]:
             ~~~~~~~~~~~^^^^^^^^
TypeError: 'NoneType' object is not subscriptable

2026-08-21 10:16:30,367 - INFO - Total time taken: {'ret': 0, 'msg': 'success', 'data': None}
2026-08-21 10:16:30,367 - INFO - 'NoneType' object is not subscriptable
2026-08-21 10:16:30,367 - INFO - Traceback (most recent call last):
  File "/home/runner/work/qqnews/qqnews/qq.py", line 128, in main
    for i in qq1["data"]["list"]:
             ~~~~~~~~~~~^^^^^^^^
TypeError: 'NoneType' object is not subscriptable

2026-08-21 11:13:36,720 - INFO - Total time taken: {'ret': 0, 'msg': 'success', 'data': None}
2026-08-21 11:13:36,720 - INFO - 'NoneType' object is not subscriptable
2026-08-21 11:13:36,721 - INFO - Traceback (most recent call last):
  File "/home/runner/work/qqnews/qqnews/qq.py", line 128, in main
    for i in qq1["data"]["list"]:
             ~~~~~~~~~~~^^^^^^^^
TypeError: 'NoneType' object is not subscriptable

