2026-09-03 01:34:46,311 - INFO - Total time taken: {'ret': 0, 'msg': 'success', 'data': None}
2026-09-03 01:34:46,311 - INFO - 'NoneType' object is not subscriptable
2026-09-03 01:34:46,311 - INFO - Traceback (most recent call last):
  File "/home/runner/work/qqnews/qqnews/qq.py", line 128, in main
    for i in qq1["data"]["list"]:
             ~~~~~~~~~~~^^^^^^^^
TypeError: 'NoneType' object is not subscriptable

2026-09-03 06:32:35,200 - INFO - Total time taken: {'ret': 0, 'msg': 'success', 'data': None}
2026-09-03 06:32:35,200 - INFO - 'NoneType' object is not subscriptable
2026-09-03 06:32:35,201 - INFO - Traceback (most recent call last):
  File "/home/runner/work/qqnews/qqnews/qq.py", line 128, in main
    for i in qq1["data"]["list"]:
             ~~~~~~~~~~~^^^^^^^^
TypeError: 'NoneType' object is not subscriptable

2026-09-03 11:46:08,517 - INFO - Total time taken: {'ret': 0, 'msg': 'success', 'data': None}
2026-09-03 11:46:08,517 - INFO - 'NoneType' object is not subscriptable
2026-09-03 11:46:08,518 - INFO - Traceback (most recent call last):
  File "/home/runner/work/qqnews/qqnews/qq.py", line 128, in main
    for i in qq1["data"]["list"]:
             ~~~~~~~~~~~^^^^^^^^
TypeError: 'NoneType' object is not subscriptable

2026-09-03 15:16:16,945 - INFO - Total time taken: {'ret': 0, 'msg': 'success', 'data': None}
2026-09-03 15:16:16,945 - INFO - 'NoneType' object is not subscriptable
2026-09-03 15:16:16,946 - INFO - Traceback (most recent call last):
  File "/home/runner/work/qqnews/qqnews/qq.py", line 128, in main
    for i in qq1["data"]["list"]:
             ~~~~~~~~~~~^^^^^^^^
TypeError: 'NoneType' object is not subscriptable

2026-09-03 18:55:10,860 - INFO - Total time taken: {'ret': 0, 'msg': 'success', 'data': None}
2026-09-03 18:55:10,860 - INFO - 'NoneType' object is not subscriptable
2026-09-03 18:55:10,861 - INFO - Traceback (most recent call last):
  File "/home/runner/work/qqnews/qqnews/qq.py", line 128, in main
    for i in qq1["data"]["list"]:
             ~~~~~~~~~~~^^^^^^^^
TypeError: 'NoneType' object is not subscriptable

2026-09-03 21:26:49,107 - INFO - Total time taken: {'ret': 0, 'msg': 'success', 'data': None}
2026-09-03 21:26:49,107 - INFO - 'NoneType' object is not subscriptable
2026-09-03 21:26:49,107 - INFO - Traceback (most recent call last):
  File "/home/runner/work/qqnews/qqnews/qq.py", line 128, in main
    for i in qq1["data"]["list"]:
             ~~~~~~~~~~~^^^^^^^^
TypeError: 'NoneType' object is not subscriptable

2026-09-03 23:35:29,140 - INFO - Total time taken: {'ret': 0, 'msg': 'success', 'data': None}
2026-09-03 23:35:29,140 - INFO - 'NoneType' object is not subscriptable
2026-09-03 23:35:29,140 - INFO - Traceback (most recent call last):
  File "/home/runner/work/qqnews/qqnews/qq.py", line 128, in main
    for i in qq1["data"]["list"]:
             ~~~~~~~~~~~^^^^^^^^
TypeError: 'NoneType' object is not subscriptable

