2026-09-07 00:23:54,609 - INFO - Total time taken: {'ret': 0, 'msg': 'success', 'data': None}
2026-09-07 00:23:54,609 - INFO - 'NoneType' object is not subscriptable
2026-09-07 00:23:54,609 - INFO - Traceback (most recent call last):
  File "/home/runner/work/qqnews/qqnews/qq.py", line 128, in main
    for i in qq1["data"]["list"]:
             ~~~~~~~~~~~^^^^^^^^
TypeError: 'NoneType' object is not subscriptable

2026-09-07 05:19:23,802 - INFO - Total time taken: {'ret': 0, 'msg': 'success', 'data': None}
2026-09-07 05:19:23,802 - INFO - 'NoneType' object is not subscriptable
2026-09-07 05:19:23,802 - INFO - Traceback (most recent call last):
  File "/home/runner/work/qqnews/qqnews/qq.py", line 128, in main
    for i in qq1["data"]["list"]:
             ~~~~~~~~~~~^^^^^^^^
TypeError: 'NoneType' object is not subscriptable

2026-09-07 10:47:28,542 - INFO - Total time taken: {'ret': 0, 'msg': 'success', 'data': None}
2026-09-07 10:47:28,543 - INFO - 'NoneType' object is not subscriptable
2026-09-07 10:47:28,543 - INFO - Traceback (most recent call last):
  File "/home/runner/work/qqnews/qqnews/qq.py", line 128, in main
    for i in qq1["data"]["list"]:
             ~~~~~~~~~~~^^^^^^^^
TypeError: 'NoneType' object is not subscriptable

2026-09-07 16:07:20,088 - INFO - Total time taken: {'ret': 0, 'msg': 'success', 'data': None}
2026-09-07 16:07:20,088 - INFO - 'NoneType' object is not subscriptable
2026-09-07 16:07:20,088 - INFO - Traceback (most recent call last):
  File "/home/runner/work/qqnews/qqnews/qq.py", line 128, in main
    for i in qq1["data"]["list"]:
             ~~~~~~~~~~~^^^^^^^^
TypeError: 'NoneType' object is not subscriptable

2026-09-07 20:12:13,486 - INFO - Total time taken: {'ret': 0, 'msg': 'success', 'data': None}
2026-09-07 20:12:13,486 - INFO - 'NoneType' object is not subscriptable
2026-09-07 20:12:13,486 - INFO - Traceback (most recent call last):
  File "/home/runner/work/qqnews/qqnews/qq.py", line 128, in main
    for i in qq1["data"]["list"]:
             ~~~~~~~~~~~^^^^^^^^
TypeError: 'NoneType' object is not subscriptable

2026-09-07 23:04:02,837 - INFO - Total time taken: {'ret': 0, 'msg': 'success', 'data': None}
2026-09-07 23:04:02,837 - INFO - 'NoneType' object is not subscriptable
2026-09-07 23:04:02,837 - INFO - Traceback (most recent call last):
  File "/home/runner/work/qqnews/qqnews/qq.py", line 128, in main
    for i in qq1["data"]["list"]:
             ~~~~~~~~~~~^^^^^^^^
TypeError: 'NoneType' object is not subscriptable

