2026-09-19 00:43:30,393 - INFO - Total time taken: {'ret': 0, 'msg': 'success', 'data': None}
2026-09-19 00:43:30,393 - INFO - 'NoneType' object is not subscriptable
2026-09-19 00:43:30,394 - INFO - Traceback (most recent call last):
  File "/home/runner/work/qqnews/qqnews/qq.py", line 128, in main
    for i in qq1["data"]["list"]:
             ~~~~~~~~~~~^^^^^^^^
TypeError: 'NoneType' object is not subscriptable

2026-09-19 05:12:36,475 - INFO - Total time taken: {'ret': 0, 'msg': 'success', 'data': None}
2026-09-19 05:12:36,475 - INFO - 'NoneType' object is not subscriptable
2026-09-19 05:12:36,475 - INFO - Traceback (most recent call last):
  File "/home/runner/work/qqnews/qqnews/qq.py", line 128, in main
    for i in qq1["data"]["list"]:
             ~~~~~~~~~~~^^^^^^^^
TypeError: 'NoneType' object is not subscriptable

2026-09-19 09:47:42,688 - INFO - Total time taken: {'ret': 0, 'msg': 'success', 'data': None}
2026-09-19 09:47:42,688 - INFO - 'NoneType' object is not subscriptable
2026-09-19 09:47:42,688 - INFO - Traceback (most recent call last):
  File "/home/runner/work/qqnews/qqnews/qq.py", line 128, in main
    for i in qq1["data"]["list"]:
             ~~~~~~~~~~~^^^^^^^^
TypeError: 'NoneType' object is not subscriptable

2026-09-19 13:30:46,763 - INFO - Total time taken: {'ret': 0, 'msg': 'success', 'data': None}
2026-09-19 13:30:46,763 - INFO - 'NoneType' object is not subscriptable
2026-09-19 13:30:46,764 - INFO - Traceback (most recent call last):
  File "/home/runner/work/qqnews/qqnews/qq.py", line 128, in main
    for i in qq1["data"]["list"]:
             ~~~~~~~~~~~^^^^^^^^
TypeError: 'NoneType' object is not subscriptable

2026-09-19 16:50:51,110 - INFO - Total time taken: {'ret': 0, 'msg': 'success', 'data': None}
2026-09-19 16:50:51,111 - INFO - 'NoneType' object is not subscriptable
2026-09-19 16:50:51,111 - INFO - Traceback (most recent call last):
  File "/home/runner/work/qqnews/qqnews/qq.py", line 128, in main
    for i in qq1["data"]["list"]:
             ~~~~~~~~~~~^^^^^^^^
TypeError: 'NoneType' object is not subscriptable

