2026-10-07 02:47:25,912 - INFO - Total time taken: {'ret': 0, 'msg': 'success', 'data': None}
2026-10-07 02:47:25,912 - INFO - 'NoneType' object is not subscriptable
2026-10-07 02:47:25,912 - INFO - Traceback (most recent call last):
  File "/home/runner/work/qqnews/qqnews/qq.py", line 128, in main
    for i in qq1["data"]["list"]:
             ~~~~~~~~~~~^^^^^^^^
TypeError: 'NoneType' object is not subscriptable

2026-10-07 09:24:27,844 - INFO - Total time taken: {'ret': 0, 'msg': 'success', 'data': None}
2026-10-07 09:24:27,844 - INFO - 'NoneType' object is not subscriptable
2026-10-07 09:24:27,845 - INFO - Traceback (most recent call last):
  File "/home/runner/work/qqnews/qqnews/qq.py", line 128, in main
    for i in qq1["data"]["list"]:
             ~~~~~~~~~~~^^^^^^^^
TypeError: 'NoneType' object is not subscriptable

2026-10-07 17:05:06,565 - INFO - Total time taken: {'ret': 0, 'msg': 'success', 'data': None}
2026-10-07 17:05:06,565 - INFO - 'NoneType' object is not subscriptable
2026-10-07 17:05:06,566 - INFO - Traceback (most recent call last):
  File "/home/runner/work/qqnews/qqnews/qq.py", line 128, in main
    for i in qq1["data"]["list"]:
             ~~~~~~~~~~~^^^^^^^^
TypeError: 'NoneType' object is not subscriptable

