2026-07-24 01:16:05,595 - INFO - Total time taken: {'ret': 0, 'msg': 'success', 'data': None}
2026-07-24 01:16:05,595 - INFO - 'NoneType' object is not subscriptable
2026-07-24 01:16:05,595 - INFO - Traceback (most recent call last):
  File "/home/runner/work/qqnews/qqnews/qq.py", line 128, in main
    for i in qq1["data"]["list"]:
             ~~~~~~~~~~~^^^^^^^^
TypeError: 'NoneType' object is not subscriptable

2026-07-24 04:55:14,325 - INFO - Total time taken: {'ret': 0, 'msg': 'success', 'data': None}
2026-07-24 04:55:14,326 - INFO - 'NoneType' object is not subscriptable
2026-07-24 04:55:14,326 - INFO - Traceback (most recent call last):
  File "/home/runner/work/qqnews/qqnews/qq.py", line 128, in main
    for i in qq1["data"]["list"]:
             ~~~~~~~~~~~^^^^^^^^
TypeError: 'NoneType' object is not subscriptable

2026-07-24 07:23:04,238 - INFO - Total time taken: {'ret': 0, 'msg': 'success', 'data': None}
2026-07-24 07:23:04,238 - INFO - 'NoneType' object is not subscriptable
2026-07-24 07:23:04,238 - INFO - Traceback (most recent call last):
  File "/home/runner/work/qqnews/qqnews/qq.py", line 128, in main
    for i in qq1["data"]["list"]:
             ~~~~~~~~~~~^^^^^^^^
TypeError: 'NoneType' object is not subscriptable

2026-07-24 10:02:07,711 - INFO - Total time taken: {'ret': 0, 'msg': 'success', 'data': None}
2026-07-24 10:02:07,711 - INFO - 'NoneType' object is not subscriptable
2026-07-24 10:02:07,712 - INFO - Traceback (most recent call last):
  File "/home/runner/work/qqnews/qqnews/qq.py", line 128, in main
    for i in qq1["data"]["list"]:
             ~~~~~~~~~~~^^^^^^^^
TypeError: 'NoneType' object is not subscriptable

2026-07-24 12:09:19,185 - INFO - Total time taken: {'ret': 0, 'msg': 'success', 'data': None}
2026-07-24 12:09:19,185 - INFO - 'NoneType' object is not subscriptable
2026-07-24 12:09:19,185 - INFO - Traceback (most recent call last):
  File "/home/runner/work/qqnews/qqnews/qq.py", line 128, in main
    for i in qq1["data"]["list"]:
             ~~~~~~~~~~~^^^^^^^^
TypeError: 'NoneType' object is not subscriptable

2026-07-24 14:29:55,473 - INFO - Total time taken: {'ret': 0, 'msg': 'success', 'data': None}
2026-07-24 14:29:55,473 - INFO - 'NoneType' object is not subscriptable
2026-07-24 14:29:55,474 - INFO - Traceback (most recent call last):
  File "/home/runner/work/qqnews/qqnews/qq.py", line 128, in main
    for i in qq1["data"]["list"]:
             ~~~~~~~~~~~^^^^^^^^
TypeError: 'NoneType' object is not subscriptable

2026-07-24 18:07:44,034 - INFO - Total time taken: {'ret': 0, 'msg': 'success', 'data': None}
2026-07-24 18:07:44,034 - INFO - 'NoneType' object is not subscriptable
2026-07-24 18:07:44,034 - INFO - Traceback (most recent call last):
  File "/home/runner/work/qqnews/qqnews/qq.py", line 128, in main
    for i in qq1["data"]["list"]:
             ~~~~~~~~~~~^^^^^^^^
TypeError: 'NoneType' object is not subscriptable

2026-07-24 20:07:10,603 - INFO - Total time taken: {'ret': 0, 'msg': 'success', 'data': None}
2026-07-24 20:07:10,604 - INFO - 'NoneType' object is not subscriptable
2026-07-24 20:07:10,604 - INFO - Traceback (most recent call last):
  File "/home/runner/work/qqnews/qqnews/qq.py", line 128, in main
    for i in qq1["data"]["list"]:
             ~~~~~~~~~~~^^^^^^^^
TypeError: 'NoneType' object is not subscriptable

2026-07-24 21:51:01,577 - INFO - Total time taken: {'ret': 0, 'msg': 'success', 'data': None}
2026-07-24 21:51:01,577 - INFO - 'NoneType' object is not subscriptable
2026-07-24 21:51:01,577 - INFO - Traceback (most recent call last):
  File "/home/runner/work/qqnews/qqnews/qq.py", line 128, in main
    for i in qq1["data"]["list"]:
             ~~~~~~~~~~~^^^^^^^^
TypeError: 'NoneType' object is not subscriptable

2026-07-24 22:47:24,368 - INFO - Total time taken: {'ret': 0, 'msg': 'success', 'data': None}
2026-07-24 22:47:24,368 - INFO - 'NoneType' object is not subscriptable
2026-07-24 22:47:24,368 - INFO - Traceback (most recent call last):
  File "/home/runner/work/qqnews/qqnews/qq.py", line 128, in main
    for i in qq1["data"]["list"]:
             ~~~~~~~~~~~^^^^^^^^
TypeError: 'NoneType' object is not subscriptable

2026-07-24 23:50:43,434 - INFO - Total time taken: {'ret': 0, 'msg': 'success', 'data': None}
2026-07-24 23:50:43,434 - INFO - 'NoneType' object is not subscriptable
2026-07-24 23:50:43,435 - INFO - Traceback (most recent call last):
  File "/home/runner/work/qqnews/qqnews/qq.py", line 128, in main
    for i in qq1["data"]["list"]:
             ~~~~~~~~~~~^^^^^^^^
TypeError: 'NoneType' object is not subscriptable

