2026-07-27 01:24:11,569 - INFO - Total time taken: {'ret': 0, 'msg': 'success', 'data': None}
2026-07-27 01:24:11,569 - INFO - 'NoneType' object is not subscriptable
2026-07-27 01:24:11,570 - INFO - Traceback (most recent call last):
  File "/home/runner/work/qqnews/qqnews/qq.py", line 128, in main
    for i in qq1["data"]["list"]:
             ~~~~~~~~~~~^^^^^^^^
TypeError: 'NoneType' object is not subscriptable

2026-07-27 05:33:48,121 - INFO - Total time taken: {'ret': 0, 'msg': 'success', 'data': None}
2026-07-27 05:33:48,122 - INFO - 'NoneType' object is not subscriptable
2026-07-27 05:33:48,122 - INFO - Traceback (most recent call last):
  File "/home/runner/work/qqnews/qqnews/qq.py", line 128, in main
    for i in qq1["data"]["list"]:
             ~~~~~~~~~~~^^^^^^^^
TypeError: 'NoneType' object is not subscriptable

2026-07-27 09:00:05,007 - INFO - Total time taken: {'ret': 0, 'msg': 'success', 'data': None}
2026-07-27 09:00:05,007 - INFO - 'NoneType' object is not subscriptable
2026-07-27 09:00:05,007 - INFO - Traceback (most recent call last):
  File "/home/runner/work/qqnews/qqnews/qq.py", line 128, in main
    for i in qq1["data"]["list"]:
             ~~~~~~~~~~~^^^^^^^^
TypeError: 'NoneType' object is not subscriptable

2026-07-27 12:20:51,206 - INFO - Total time taken: {'ret': 0, 'msg': 'success', 'data': None}
2026-07-27 12:20:51,206 - INFO - 'NoneType' object is not subscriptable
2026-07-27 12:20:51,206 - INFO - Traceback (most recent call last):
  File "/home/runner/work/qqnews/qqnews/qq.py", line 128, in main
    for i in qq1["data"]["list"]:
             ~~~~~~~~~~~^^^^^^^^
TypeError: 'NoneType' object is not subscriptable

2026-07-27 15:33:23,037 - INFO - Total time taken: {'ret': 0, 'msg': 'success', 'data': None}
2026-07-27 15:33:23,037 - INFO - 'NoneType' object is not subscriptable
2026-07-27 15:33:23,038 - INFO - Traceback (most recent call last):
  File "/home/runner/work/qqnews/qqnews/qq.py", line 128, in main
    for i in qq1["data"]["list"]:
             ~~~~~~~~~~~^^^^^^^^
TypeError: 'NoneType' object is not subscriptable

2026-07-27 17:25:12,310 - INFO - Total time taken: {'ret': 0, 'msg': 'success', 'data': None}
2026-07-27 17:25:12,310 - INFO - 'NoneType' object is not subscriptable
2026-07-27 17:25:12,310 - INFO - Traceback (most recent call last):
  File "/home/runner/work/qqnews/qqnews/qq.py", line 128, in main
    for i in qq1["data"]["list"]:
             ~~~~~~~~~~~^^^^^^^^
TypeError: 'NoneType' object is not subscriptable

