2026-09-20 01:46:29,661 - INFO - Total time taken: {'ret': 0, 'msg': 'success', 'data': None}
2026-09-20 01:46:29,661 - INFO - 'NoneType' object is not subscriptable
2026-09-20 01:46:29,661 - INFO - Traceback (most recent call last):
  File "/home/runner/work/qqnews/qqnews/qq.py", line 128, in main
    for i in qq1["data"]["list"]:
             ~~~~~~~~~~~^^^^^^^^
TypeError: 'NoneType' object is not subscriptable

2026-09-20 07:08:10,757 - INFO - Total time taken: {'ret': 0, 'msg': 'success', 'data': None}
2026-09-20 07:08:10,757 - INFO - 'NoneType' object is not subscriptable
2026-09-20 07:08:10,757 - INFO - Traceback (most recent call last):
  File "/home/runner/work/qqnews/qqnews/qq.py", line 128, in main
    for i in qq1["data"]["list"]:
             ~~~~~~~~~~~^^^^^^^^
TypeError: 'NoneType' object is not subscriptable

2026-09-20 12:41:42,792 - INFO - Total time taken: {'ret': 0, 'msg': 'success', 'data': None}
2026-09-20 12:41:42,792 - INFO - 'NoneType' object is not subscriptable
2026-09-20 12:41:42,792 - INFO - Traceback (most recent call last):
  File "/home/runner/work/qqnews/qqnews/qq.py", line 128, in main
    for i in qq1["data"]["list"]:
             ~~~~~~~~~~~^^^^^^^^
TypeError: 'NoneType' object is not subscriptable

2026-09-20 16:32:24,426 - INFO - Total time taken: {'ret': 0, 'msg': 'success', 'data': None}
2026-09-20 16:32:24,426 - INFO - 'NoneType' object is not subscriptable
2026-09-20 16:32:24,426 - INFO - Traceback (most recent call last):
  File "/home/runner/work/qqnews/qqnews/qq.py", line 128, in main
    for i in qq1["data"]["list"]:
             ~~~~~~~~~~~^^^^^^^^
TypeError: 'NoneType' object is not subscriptable

2026-09-20 19:06:12,785 - INFO - Total time taken: {'ret': 0, 'msg': 'success', 'data': None}
2026-09-20 19:06:12,785 - INFO - 'NoneType' object is not subscriptable
2026-09-20 19:06:12,785 - INFO - Traceback (most recent call last):
  File "/home/runner/work/qqnews/qqnews/qq.py", line 128, in main
    for i in qq1["data"]["list"]:
             ~~~~~~~~~~~^^^^^^^^
TypeError: 'NoneType' object is not subscriptable

2026-09-20 21:56:49,451 - INFO - Total time taken: {'ret': 0, 'msg': 'success', 'data': None}
2026-09-20 21:56:49,452 - INFO - 'NoneType' object is not subscriptable
2026-09-20 21:56:49,452 - INFO - Traceback (most recent call last):
  File "/home/runner/work/qqnews/qqnews/qq.py", line 128, in main
    for i in qq1["data"]["list"]:
             ~~~~~~~~~~~^^^^^^^^
TypeError: 'NoneType' object is not subscriptable

