2026-10-06 00:24:48,906 - INFO - Total time taken: {'ret': 0, 'msg': 'success', 'data': None}
2026-10-06 00:24:48,906 - INFO - 'NoneType' object is not subscriptable
2026-10-06 00:24:48,906 - INFO - Traceback (most recent call last):
  File "/home/runner/work/qqnews/qqnews/qq.py", line 128, in main
    for i in qq1["data"]["list"]:
             ~~~~~~~~~~~^^^^^^^^
TypeError: 'NoneType' object is not subscriptable

2026-10-06 06:56:03,052 - INFO - Total time taken: {'ret': 0, 'msg': 'success', 'data': None}
2026-10-06 06:56:03,052 - INFO - 'NoneType' object is not subscriptable
2026-10-06 06:56:03,053 - INFO - Traceback (most recent call last):
  File "/home/runner/work/qqnews/qqnews/qq.py", line 128, in main
    for i in qq1["data"]["list"]:
             ~~~~~~~~~~~^^^^^^^^
TypeError: 'NoneType' object is not subscriptable

2026-10-06 13:42:32,543 - INFO - Total time taken: {'ret': 0, 'msg': 'success', 'data': None}
2026-10-06 13:42:32,543 - INFO - 'NoneType' object is not subscriptable
2026-10-06 13:42:32,543 - INFO - Traceback (most recent call last):
  File "/home/runner/work/qqnews/qqnews/qq.py", line 128, in main
    for i in qq1["data"]["list"]:
             ~~~~~~~~~~~^^^^^^^^
TypeError: 'NoneType' object is not subscriptable

2026-10-06 19:08:55,300 - INFO - Total time taken: {'ret': 0, 'msg': 'success', 'data': None}
2026-10-06 19:08:55,301 - INFO - 'NoneType' object is not subscriptable
2026-10-06 19:08:55,301 - INFO - Traceback (most recent call last):
  File "/home/runner/work/qqnews/qqnews/qq.py", line 128, in main
    for i in qq1["data"]["list"]:
             ~~~~~~~~~~~^^^^^^^^
TypeError: 'NoneType' object is not subscriptable

