2026-08-29 02:29:16,113 - INFO - Total time taken: {'ret': 0, 'msg': 'success', 'data': None}
2026-08-29 02:29:16,113 - INFO - 'NoneType' object is not subscriptable
2026-08-29 02:29:16,113 - INFO - Traceback (most recent call last):
  File "/home/runner/work/qqnews/qqnews/qq.py", line 128, in main
    for i in qq1["data"]["list"]:
             ~~~~~~~~~~~^^^^^^^^
TypeError: 'NoneType' object is not subscriptable

2026-08-29 09:25:37,260 - INFO - Total time taken: {'ret': 0, 'msg': 'success', 'data': None}
2026-08-29 09:25:37,260 - INFO - 'NoneType' object is not subscriptable
2026-08-29 09:25:37,261 - INFO - Traceback (most recent call last):
  File "/home/runner/work/qqnews/qqnews/qq.py", line 128, in main
    for i in qq1["data"]["list"]:
             ~~~~~~~~~~~^^^^^^^^
TypeError: 'NoneType' object is not subscriptable

2026-08-29 14:43:37,439 - INFO - Total time taken: {'ret': 0, 'msg': 'success', 'data': None}
2026-08-29 14:43:37,440 - INFO - 'NoneType' object is not subscriptable
2026-08-29 14:43:37,440 - INFO - Traceback (most recent call last):
  File "/home/runner/work/qqnews/qqnews/qq.py", line 128, in main
    for i in qq1["data"]["list"]:
             ~~~~~~~~~~~^^^^^^^^
TypeError: 'NoneType' object is not subscriptable

