2026-08-02 01:19:26,963 - INFO - Total time taken: {'ret': 0, 'msg': 'success', 'data': None}
2026-08-02 01:19:26,963 - INFO - 'NoneType' object is not subscriptable
2026-08-02 01:19:26,963 - INFO - Traceback (most recent call last):
  File "/home/runner/work/qqnews/qqnews/qq.py", line 128, in main
    for i in qq1["data"]["list"]:
             ~~~~~~~~~~~^^^^^^^^
TypeError: 'NoneType' object is not subscriptable

2026-08-02 05:18:06,711 - INFO - Total time taken: {'ret': 0, 'msg': 'success', 'data': None}
2026-08-02 05:18:06,712 - INFO - 'NoneType' object is not subscriptable
2026-08-02 05:18:06,712 - INFO - Traceback (most recent call last):
  File "/home/runner/work/qqnews/qqnews/qq.py", line 128, in main
    for i in qq1["data"]["list"]:
             ~~~~~~~~~~~^^^^^^^^
TypeError: 'NoneType' object is not subscriptable

2026-08-02 07:57:07,148 - INFO - Total time taken: {'ret': 0, 'msg': 'success', 'data': None}
2026-08-02 07:57:07,149 - INFO - 'NoneType' object is not subscriptable
2026-08-02 07:57:07,149 - INFO - Traceback (most recent call last):
  File "/home/runner/work/qqnews/qqnews/qq.py", line 128, in main
    for i in qq1["data"]["list"]:
             ~~~~~~~~~~~^^^^^^^^
TypeError: 'NoneType' object is not subscriptable

2026-08-02 09:48:02,987 - INFO - Total time taken: {'ret': 0, 'msg': 'success', 'data': None}
2026-08-02 09:48:02,987 - INFO - 'NoneType' object is not subscriptable
2026-08-02 09:48:02,987 - INFO - Traceback (most recent call last):
  File "/home/runner/work/qqnews/qqnews/qq.py", line 128, in main
    for i in qq1["data"]["list"]:
             ~~~~~~~~~~~^^^^^^^^
TypeError: 'NoneType' object is not subscriptable

2026-08-02 11:08:52,396 - INFO - Total time taken: {'ret': 0, 'msg': 'success', 'data': None}
2026-08-02 11:08:52,396 - INFO - 'NoneType' object is not subscriptable
2026-08-02 11:08:52,397 - INFO - Traceback (most recent call last):
  File "/home/runner/work/qqnews/qqnews/qq.py", line 128, in main
    for i in qq1["data"]["list"]:
             ~~~~~~~~~~~^^^^^^^^
TypeError: 'NoneType' object is not subscriptable

2026-08-02 12:47:26,496 - INFO - Total time taken: {'ret': 0, 'msg': 'success', 'data': None}
2026-08-02 12:47:26,496 - INFO - 'NoneType' object is not subscriptable
2026-08-02 12:47:26,497 - INFO - Traceback (most recent call last):
  File "/home/runner/work/qqnews/qqnews/qq.py", line 128, in main
    for i in qq1["data"]["list"]:
             ~~~~~~~~~~~^^^^^^^^
TypeError: 'NoneType' object is not subscriptable

2026-08-02 14:19:32,204 - INFO - Total time taken: {'ret': 0, 'msg': 'success', 'data': None}
2026-08-02 14:19:32,204 - INFO - 'NoneType' object is not subscriptable
2026-08-02 14:19:32,204 - INFO - Traceback (most recent call last):
  File "/home/runner/work/qqnews/qqnews/qq.py", line 128, in main
    for i in qq1["data"]["list"]:
             ~~~~~~~~~~~^^^^^^^^
TypeError: 'NoneType' object is not subscriptable

2026-08-02 15:48:56,487 - INFO - Total time taken: {'ret': 0, 'msg': 'success', 'data': None}
2026-08-02 15:48:56,487 - INFO - 'NoneType' object is not subscriptable
2026-08-02 15:48:56,487 - INFO - Traceback (most recent call last):
  File "/home/runner/work/qqnews/qqnews/qq.py", line 128, in main
    for i in qq1["data"]["list"]:
             ~~~~~~~~~~~^^^^^^^^
TypeError: 'NoneType' object is not subscriptable

2026-08-02 16:41:38,402 - INFO - Total time taken: {'ret': 0, 'msg': 'success', 'data': None}
2026-08-02 16:41:38,402 - INFO - 'NoneType' object is not subscriptable
2026-08-02 16:41:38,402 - INFO - Traceback (most recent call last):
  File "/home/runner/work/qqnews/qqnews/qq.py", line 128, in main
    for i in qq1["data"]["list"]:
             ~~~~~~~~~~~^^^^^^^^
TypeError: 'NoneType' object is not subscriptable

2026-08-02 17:48:10,019 - INFO - Total time taken: {'ret': 0, 'msg': 'success', 'data': None}
2026-08-02 17:48:10,019 - INFO - 'NoneType' object is not subscriptable
2026-08-02 17:48:10,020 - INFO - Traceback (most recent call last):
  File "/home/runner/work/qqnews/qqnews/qq.py", line 128, in main
    for i in qq1["data"]["list"]:
             ~~~~~~~~~~~^^^^^^^^
TypeError: 'NoneType' object is not subscriptable

2026-08-02 18:46:26,533 - INFO - Total time taken: {'ret': 0, 'msg': 'success', 'data': None}
2026-08-02 18:46:26,533 - INFO - 'NoneType' object is not subscriptable
2026-08-02 18:46:26,533 - INFO - Traceback (most recent call last):
  File "/home/runner/work/qqnews/qqnews/qq.py", line 128, in main
    for i in qq1["data"]["list"]:
             ~~~~~~~~~~~^^^^^^^^
TypeError: 'NoneType' object is not subscriptable

2026-08-02 20:02:28,896 - INFO - Total time taken: {'ret': 0, 'msg': 'success', 'data': None}
2026-08-02 20:02:28,897 - INFO - 'NoneType' object is not subscriptable
2026-08-02 20:02:28,897 - INFO - Traceback (most recent call last):
  File "/home/runner/work/qqnews/qqnews/qq.py", line 128, in main
    for i in qq1["data"]["list"]:
             ~~~~~~~~~~~^^^^^^^^
TypeError: 'NoneType' object is not subscriptable

2026-08-02 21:40:58,400 - INFO - Total time taken: {'ret': 0, 'msg': 'success', 'data': None}
2026-08-02 21:40:58,401 - INFO - 'NoneType' object is not subscriptable
2026-08-02 21:40:58,401 - INFO - Traceback (most recent call last):
  File "/home/runner/work/qqnews/qqnews/qq.py", line 128, in main
    for i in qq1["data"]["list"]:
             ~~~~~~~~~~~^^^^^^^^
TypeError: 'NoneType' object is not subscriptable

2026-08-02 22:42:00,478 - INFO - Total time taken: {'ret': 0, 'msg': 'success', 'data': None}
2026-08-02 22:42:00,479 - INFO - 'NoneType' object is not subscriptable
2026-08-02 22:42:00,479 - INFO - Traceback (most recent call last):
  File "/home/runner/work/qqnews/qqnews/qq.py", line 128, in main
    for i in qq1["data"]["list"]:
             ~~~~~~~~~~~^^^^^^^^
TypeError: 'NoneType' object is not subscriptable

