2026-09-23 01:54:22,134 - INFO - Total time taken: {'ret': 0, 'msg': 'success', 'data': None}
2026-09-23 01:54:22,135 - INFO - 'NoneType' object is not subscriptable
2026-09-23 01:54:22,135 - INFO - Traceback (most recent call last):
  File "/home/runner/work/qqnews/qqnews/qq.py", line 128, in main
    for i in qq1["data"]["list"]:
             ~~~~~~~~~~~^^^^^^^^
TypeError: 'NoneType' object is not subscriptable

2026-09-23 06:49:15,300 - INFO - Total time taken: {'ret': 0, 'msg': 'success', 'data': None}
2026-09-23 06:49:15,301 - INFO - 'NoneType' object is not subscriptable
2026-09-23 06:49:15,301 - INFO - Traceback (most recent call last):
  File "/home/runner/work/qqnews/qqnews/qq.py", line 128, in main
    for i in qq1["data"]["list"]:
             ~~~~~~~~~~~^^^^^^^^
TypeError: 'NoneType' object is not subscriptable

2026-09-23 12:21:14,751 - INFO - Total time taken: {'ret': 0, 'msg': 'success', 'data': None}
2026-09-23 12:21:14,751 - INFO - 'NoneType' object is not subscriptable
2026-09-23 12:21:14,751 - INFO - Traceback (most recent call last):
  File "/home/runner/work/qqnews/qqnews/qq.py", line 128, in main
    for i in qq1["data"]["list"]:
             ~~~~~~~~~~~^^^^^^^^
TypeError: 'NoneType' object is not subscriptable

2026-09-23 17:31:00,132 - INFO - Total time taken: {'ret': 0, 'msg': 'success', 'data': None}
2026-09-23 17:31:00,132 - INFO - 'NoneType' object is not subscriptable
2026-09-23 17:31:00,133 - INFO - Traceback (most recent call last):
  File "/home/runner/work/qqnews/qqnews/qq.py", line 128, in main
    for i in qq1["data"]["list"]:
             ~~~~~~~~~~~^^^^^^^^
TypeError: 'NoneType' object is not subscriptable

2026-09-23 20:44:03,673 - INFO - Total time taken: {'ret': 0, 'msg': 'success', 'data': None}
2026-09-23 20:44:03,673 - INFO - 'NoneType' object is not subscriptable
2026-09-23 20:44:03,673 - INFO - Traceback (most recent call last):
  File "/home/runner/work/qqnews/qqnews/qq.py", line 128, in main
    for i in qq1["data"]["list"]:
             ~~~~~~~~~~~^^^^^^^^
TypeError: 'NoneType' object is not subscriptable

