2026-09-06 00:17:13,772 - INFO - Total time taken: {'ret': 0, 'msg': 'success', 'data': None}
2026-09-06 00:17:13,772 - INFO - 'NoneType' object is not subscriptable
2026-09-06 00:17:13,773 - INFO - Traceback (most recent call last):
  File "/home/runner/work/qqnews/qqnews/qq.py", line 128, in main
    for i in qq1["data"]["list"]:
             ~~~~~~~~~~~^^^^^^^^
TypeError: 'NoneType' object is not subscriptable

2026-09-06 05:11:22,371 - INFO - Total time taken: {'ret': 0, 'msg': 'success', 'data': None}
2026-09-06 05:11:22,371 - INFO - 'NoneType' object is not subscriptable
2026-09-06 05:11:22,371 - INFO - Traceback (most recent call last):
  File "/home/runner/work/qqnews/qqnews/qq.py", line 128, in main
    for i in qq1["data"]["list"]:
             ~~~~~~~~~~~^^^^^^^^
TypeError: 'NoneType' object is not subscriptable

2026-09-06 09:44:09,075 - INFO - Total time taken: {'ret': 0, 'msg': 'success', 'data': None}
2026-09-06 09:44:09,076 - INFO - 'NoneType' object is not subscriptable
2026-09-06 09:44:09,076 - INFO - Traceback (most recent call last):
  File "/home/runner/work/qqnews/qqnews/qq.py", line 128, in main
    for i in qq1["data"]["list"]:
             ~~~~~~~~~~~^^^^^^^^
TypeError: 'NoneType' object is not subscriptable

2026-09-06 13:12:34,194 - INFO - Total time taken: {'ret': 0, 'msg': 'success', 'data': None}
2026-09-06 13:12:34,194 - INFO - 'NoneType' object is not subscriptable
2026-09-06 13:12:34,195 - INFO - Traceback (most recent call last):
  File "/home/runner/work/qqnews/qqnews/qq.py", line 128, in main
    for i in qq1["data"]["list"]:
             ~~~~~~~~~~~^^^^^^^^
TypeError: 'NoneType' object is not subscriptable

2026-09-06 16:29:55,191 - INFO - Total time taken: {'ret': 0, 'msg': 'success', 'data': None}
2026-09-06 16:29:55,191 - INFO - 'NoneType' object is not subscriptable
2026-09-06 16:29:55,192 - INFO - Traceback (most recent call last):
  File "/home/runner/work/qqnews/qqnews/qq.py", line 128, in main
    for i in qq1["data"]["list"]:
             ~~~~~~~~~~~^^^^^^^^
TypeError: 'NoneType' object is not subscriptable

