2026-08-11 00:40:38,144 - INFO - Total time taken: {'ret': 0, 'msg': 'success', 'data': None}
2026-08-11 00:40:38,145 - INFO - 'NoneType' object is not subscriptable
2026-08-11 00:40:38,145 - INFO - Traceback (most recent call last):
  File "/home/runner/work/qqnews/qqnews/qq.py", line 128, in main
    for i in qq1["data"]["list"]:
             ~~~~~~~~~~~^^^^^^^^
TypeError: 'NoneType' object is not subscriptable

2026-08-11 02:56:08,156 - INFO - Total time taken: {'ret': 0, 'msg': 'success', 'data': None}
2026-08-11 02:56:08,156 - INFO - 'NoneType' object is not subscriptable
2026-08-11 02:56:08,156 - INFO - Traceback (most recent call last):
  File "/home/runner/work/qqnews/qqnews/qq.py", line 128, in main
    for i in qq1["data"]["list"]:
             ~~~~~~~~~~~^^^^^^^^
TypeError: 'NoneType' object is not subscriptable

2026-08-11 04:08:48,086 - INFO - Total time taken: {'ret': 0, 'msg': 'success', 'data': None}
2026-08-11 04:08:48,086 - INFO - 'NoneType' object is not subscriptable
2026-08-11 04:08:48,086 - INFO - Traceback (most recent call last):
  File "/home/runner/work/qqnews/qqnews/qq.py", line 128, in main
    for i in qq1["data"]["list"]:
             ~~~~~~~~~~~^^^^^^^^
TypeError: 'NoneType' object is not subscriptable

2026-08-11 05:43:58,611 - INFO - Total time taken: {'ret': 0, 'msg': 'success', 'data': None}
2026-08-11 05:43:58,612 - INFO - 'NoneType' object is not subscriptable
2026-08-11 05:43:58,612 - INFO - Traceback (most recent call last):
  File "/home/runner/work/qqnews/qqnews/qq.py", line 128, in main
    for i in qq1["data"]["list"]:
             ~~~~~~~~~~~^^^^^^^^
TypeError: 'NoneType' object is not subscriptable

2026-08-11 06:40:29,918 - INFO - Total time taken: {'ret': 0, 'msg': 'success', 'data': None}
2026-08-11 06:40:29,918 - INFO - 'NoneType' object is not subscriptable
2026-08-11 06:40:29,918 - INFO - Traceback (most recent call last):
  File "/home/runner/work/qqnews/qqnews/qq.py", line 128, in main
    for i in qq1["data"]["list"]:
             ~~~~~~~~~~~^^^^^^^^
TypeError: 'NoneType' object is not subscriptable

2026-08-11 07:59:38,832 - INFO - Total time taken: {'ret': 0, 'msg': 'success', 'data': None}
2026-08-11 07:59:38,833 - INFO - 'NoneType' object is not subscriptable
2026-08-11 07:59:38,833 - INFO - Traceback (most recent call last):
  File "/home/runner/work/qqnews/qqnews/qq.py", line 128, in main
    for i in qq1["data"]["list"]:
             ~~~~~~~~~~~^^^^^^^^
TypeError: 'NoneType' object is not subscriptable

2026-08-11 08:50:30,815 - INFO - Total time taken: {'ret': 0, 'msg': 'success', 'data': None}
2026-08-11 08:50:30,816 - INFO - 'NoneType' object is not subscriptable
2026-08-11 08:50:30,816 - INFO - Traceback (most recent call last):
  File "/home/runner/work/qqnews/qqnews/qq.py", line 128, in main
    for i in qq1["data"]["list"]:
             ~~~~~~~~~~~^^^^^^^^
TypeError: 'NoneType' object is not subscriptable

2026-08-11 09:45:19,363 - INFO - Total time taken: {'ret': 0, 'msg': 'success', 'data': None}
2026-08-11 09:45:19,364 - INFO - 'NoneType' object is not subscriptable
2026-08-11 09:45:19,364 - INFO - Traceback (most recent call last):
  File "/home/runner/work/qqnews/qqnews/qq.py", line 128, in main
    for i in qq1["data"]["list"]:
             ~~~~~~~~~~~^^^^^^^^
TypeError: 'NoneType' object is not subscriptable

2026-08-11 10:38:34,194 - INFO - Total time taken: {'ret': 0, 'msg': 'success', 'data': None}
2026-08-11 10:38:34,194 - INFO - 'NoneType' object is not subscriptable
2026-08-11 10:38:34,195 - INFO - Traceback (most recent call last):
  File "/home/runner/work/qqnews/qqnews/qq.py", line 128, in main
    for i in qq1["data"]["list"]:
             ~~~~~~~~~~~^^^^^^^^
TypeError: 'NoneType' object is not subscriptable

2026-08-11 11:33:59,060 - INFO - Total time taken: {'ret': 0, 'msg': 'success', 'data': None}
2026-08-11 11:33:59,061 - INFO - 'NoneType' object is not subscriptable
2026-08-11 11:33:59,061 - INFO - Traceback (most recent call last):
  File "/home/runner/work/qqnews/qqnews/qq.py", line 128, in main
    for i in qq1["data"]["list"]:
             ~~~~~~~~~~~^^^^^^^^
TypeError: 'NoneType' object is not subscriptable

2026-08-11 12:33:15,412 - INFO - Total time taken: {'ret': 0, 'msg': 'success', 'data': None}
2026-08-11 12:33:15,412 - INFO - 'NoneType' object is not subscriptable
2026-08-11 12:33:15,412 - INFO - Traceback (most recent call last):
  File "/home/runner/work/qqnews/qqnews/qq.py", line 128, in main
    for i in qq1["data"]["list"]:
             ~~~~~~~~~~~^^^^^^^^
TypeError: 'NoneType' object is not subscriptable

2026-08-11 14:08:28,560 - INFO - Total time taken: {'ret': 0, 'msg': 'success', 'data': None}
2026-08-11 14:08:28,560 - INFO - 'NoneType' object is not subscriptable
2026-08-11 14:08:28,560 - INFO - Traceback (most recent call last):
  File "/home/runner/work/qqnews/qqnews/qq.py", line 128, in main
    for i in qq1["data"]["list"]:
             ~~~~~~~~~~~^^^^^^^^
TypeError: 'NoneType' object is not subscriptable

2026-08-11 15:44:54,688 - INFO - Total time taken: {'ret': 0, 'msg': 'success', 'data': None}
2026-08-11 15:44:54,688 - INFO - 'NoneType' object is not subscriptable
2026-08-11 15:44:54,689 - INFO - Traceback (most recent call last):
  File "/home/runner/work/qqnews/qqnews/qq.py", line 128, in main
    for i in qq1["data"]["list"]:
             ~~~~~~~~~~~^^^^^^^^
TypeError: 'NoneType' object is not subscriptable

2026-08-11 16:42:03,422 - INFO - Total time taken: {'ret': 0, 'msg': 'success', 'data': None}
2026-08-11 16:42:03,422 - INFO - 'NoneType' object is not subscriptable
2026-08-11 16:42:03,423 - INFO - Traceback (most recent call last):
  File "/home/runner/work/qqnews/qqnews/qq.py", line 128, in main
    for i in qq1["data"]["list"]:
             ~~~~~~~~~~~^^^^^^^^
TypeError: 'NoneType' object is not subscriptable

2026-08-11 17:44:54,907 - INFO - Total time taken: {'ret': 0, 'msg': 'success', 'data': None}
2026-08-11 17:44:54,907 - INFO - 'NoneType' object is not subscriptable
2026-08-11 17:44:54,907 - INFO - Traceback (most recent call last):
  File "/home/runner/work/qqnews/qqnews/qq.py", line 128, in main
    for i in qq1["data"]["list"]:
             ~~~~~~~~~~~^^^^^^^^
TypeError: 'NoneType' object is not subscriptable

2026-08-11 18:41:08,060 - INFO - Total time taken: {'ret': 0, 'msg': 'success', 'data': None}
2026-08-11 18:41:08,060 - INFO - 'NoneType' object is not subscriptable
2026-08-11 18:41:08,060 - INFO - Traceback (most recent call last):
  File "/home/runner/work/qqnews/qqnews/qq.py", line 128, in main
    for i in qq1["data"]["list"]:
             ~~~~~~~~~~~^^^^^^^^
TypeError: 'NoneType' object is not subscriptable

2026-08-11 19:50:56,178 - INFO - Total time taken: {'ret': 0, 'msg': 'success', 'data': None}
2026-08-11 19:50:56,179 - INFO - 'NoneType' object is not subscriptable
2026-08-11 19:50:56,179 - INFO - Traceback (most recent call last):
  File "/home/runner/work/qqnews/qqnews/qq.py", line 128, in main
    for i in qq1["data"]["list"]:
             ~~~~~~~~~~~^^^^^^^^
TypeError: 'NoneType' object is not subscriptable

2026-08-11 20:29:50,084 - INFO - Total time taken: {'ret': 0, 'msg': 'success', 'data': None}
2026-08-11 20:29:50,084 - INFO - 'NoneType' object is not subscriptable
2026-08-11 20:29:50,085 - INFO - Traceback (most recent call last):
  File "/home/runner/work/qqnews/qqnews/qq.py", line 128, in main
    for i in qq1["data"]["list"]:
             ~~~~~~~~~~~^^^^^^^^
TypeError: 'NoneType' object is not subscriptable

2026-08-11 21:31:34,254 - INFO - Total time taken: {'ret': 0, 'msg': 'success', 'data': None}
2026-08-11 21:31:34,255 - INFO - 'NoneType' object is not subscriptable
2026-08-11 21:31:34,255 - INFO - Traceback (most recent call last):
  File "/home/runner/work/qqnews/qqnews/qq.py", line 128, in main
    for i in qq1["data"]["list"]:
             ~~~~~~~~~~~^^^^^^^^
TypeError: 'NoneType' object is not subscriptable

2026-08-11 22:27:51,088 - INFO - Total time taken: {'ret': 0, 'msg': 'success', 'data': None}
2026-08-11 22:27:51,089 - INFO - 'NoneType' object is not subscriptable
2026-08-11 22:27:51,089 - INFO - Traceback (most recent call last):
  File "/home/runner/work/qqnews/qqnews/qq.py", line 128, in main
    for i in qq1["data"]["list"]:
             ~~~~~~~~~~~^^^^^^^^
TypeError: 'NoneType' object is not subscriptable

2026-08-11 23:26:29,635 - INFO - Total time taken: {'ret': 0, 'msg': 'success', 'data': None}
2026-08-11 23:26:29,635 - INFO - 'NoneType' object is not subscriptable
2026-08-11 23:26:29,635 - INFO - Traceback (most recent call last):
  File "/home/runner/work/qqnews/qqnews/qq.py", line 128, in main
    for i in qq1["data"]["list"]:
             ~~~~~~~~~~~^^^^^^^^
TypeError: 'NoneType' object is not subscriptable

