2026-09-17 00:55:55,663 - INFO - Total time taken: {'ret': 0, 'msg': 'success', 'data': None}
2026-09-17 00:55:55,663 - INFO - 'NoneType' object is not subscriptable
2026-09-17 00:55:55,663 - INFO - Traceback (most recent call last):
  File "/home/runner/work/qqnews/qqnews/qq.py", line 128, in main
    for i in qq1["data"]["list"]:
             ~~~~~~~~~~~^^^^^^^^
TypeError: 'NoneType' object is not subscriptable

2026-09-17 05:32:40,872 - INFO - Total time taken: {'ret': 0, 'msg': 'success', 'data': None}
2026-09-17 05:32:40,872 - INFO - 'NoneType' object is not subscriptable
2026-09-17 05:32:40,872 - INFO - Traceback (most recent call last):
  File "/home/runner/work/qqnews/qqnews/qq.py", line 128, in main
    for i in qq1["data"]["list"]:
             ~~~~~~~~~~~^^^^^^^^
TypeError: 'NoneType' object is not subscriptable

2026-09-17 10:29:55,924 - INFO - Total time taken: {'ret': 0, 'msg': 'success', 'data': None}
2026-09-17 10:29:55,924 - INFO - 'NoneType' object is not subscriptable
2026-09-17 10:29:55,925 - INFO - Traceback (most recent call last):
  File "/home/runner/work/qqnews/qqnews/qq.py", line 128, in main
    for i in qq1["data"]["list"]:
             ~~~~~~~~~~~^^^^^^^^
TypeError: 'NoneType' object is not subscriptable

2026-09-17 15:20:48,006 - INFO - Total time taken: {'ret': 0, 'msg': 'success', 'data': None}
2026-09-17 15:20:48,006 - INFO - 'NoneType' object is not subscriptable
2026-09-17 15:20:48,006 - INFO - Traceback (most recent call last):
  File "/home/runner/work/qqnews/qqnews/qq.py", line 128, in main
    for i in qq1["data"]["list"]:
             ~~~~~~~~~~~^^^^^^^^
TypeError: 'NoneType' object is not subscriptable

2026-09-17 19:20:39,496 - INFO - Total time taken: {'ret': 0, 'msg': 'success', 'data': None}
2026-09-17 19:20:39,496 - INFO - 'NoneType' object is not subscriptable
2026-09-17 19:20:39,497 - INFO - Traceback (most recent call last):
  File "/home/runner/work/qqnews/qqnews/qq.py", line 128, in main
    for i in qq1["data"]["list"]:
             ~~~~~~~~~~~^^^^^^^^
TypeError: 'NoneType' object is not subscriptable

2026-09-17 22:28:35,439 - INFO - Total time taken: {'ret': 0, 'msg': 'success', 'data': None}
2026-09-17 22:28:35,439 - INFO - 'NoneType' object is not subscriptable
2026-09-17 22:28:35,439 - INFO - Traceback (most recent call last):
  File "/home/runner/work/qqnews/qqnews/qq.py", line 128, in main
    for i in qq1["data"]["list"]:
             ~~~~~~~~~~~^^^^^^^^
TypeError: 'NoneType' object is not subscriptable

