2026-08-19 00:24:58,686 - INFO - Total time taken: {'ret': 0, 'msg': 'success', 'data': None}
2026-08-19 00:24:58,686 - INFO - 'NoneType' object is not subscriptable
2026-08-19 00:24:58,687 - INFO - Traceback (most recent call last):
  File "/home/runner/work/qqnews/qqnews/qq.py", line 128, in main
    for i in qq1["data"]["list"]:
             ~~~~~~~~~~~^^^^^^^^
TypeError: 'NoneType' object is not subscriptable

2026-08-19 02:09:04,653 - INFO - Total time taken: {'ret': 0, 'msg': 'success', 'data': None}
2026-08-19 02:09:04,653 - INFO - 'NoneType' object is not subscriptable
2026-08-19 02:09:04,654 - INFO - Traceback (most recent call last):
  File "/home/runner/work/qqnews/qqnews/qq.py", line 128, in main
    for i in qq1["data"]["list"]:
             ~~~~~~~~~~~^^^^^^^^
TypeError: 'NoneType' object is not subscriptable

2026-08-19 03:34:42,572 - INFO - Total time taken: {'ret': 0, 'msg': 'success', 'data': None}
2026-08-19 03:34:42,572 - INFO - 'NoneType' object is not subscriptable
2026-08-19 03:34:42,572 - INFO - Traceback (most recent call last):
  File "/home/runner/work/qqnews/qqnews/qq.py", line 128, in main
    for i in qq1["data"]["list"]:
             ~~~~~~~~~~~^^^^^^^^
TypeError: 'NoneType' object is not subscriptable

