2026-07-29 01:14:48,152 - INFO - Total time taken: {'ret': 0, 'msg': 'success', 'data': None}
2026-07-29 01:14:48,152 - INFO - 'NoneType' object is not subscriptable
2026-07-29 01:14:48,152 - INFO - Traceback (most recent call last):
  File "/home/runner/work/qqnews/qqnews/qq.py", line 128, in main
    for i in qq1["data"]["list"]:
             ~~~~~~~~~~~^^^^^^^^
TypeError: 'NoneType' object is not subscriptable

2026-07-29 04:54:09,863 - INFO - Total time taken: {'ret': 0, 'msg': 'success', 'data': None}
2026-07-29 04:54:09,863 - INFO - 'NoneType' object is not subscriptable
2026-07-29 04:54:09,863 - INFO - Traceback (most recent call last):
  File "/home/runner/work/qqnews/qqnews/qq.py", line 128, in main
    for i in qq1["data"]["list"]:
             ~~~~~~~~~~~^^^^^^^^
TypeError: 'NoneType' object is not subscriptable

2026-07-29 07:34:08,485 - INFO - Total time taken: {'ret': 0, 'msg': 'success', 'data': None}
2026-07-29 07:34:08,485 - INFO - 'NoneType' object is not subscriptable
2026-07-29 07:34:08,486 - INFO - Traceback (most recent call last):
  File "/home/runner/work/qqnews/qqnews/qq.py", line 128, in main
    for i in qq1["data"]["list"]:
             ~~~~~~~~~~~^^^^^^^^
TypeError: 'NoneType' object is not subscriptable

