2026-08-01 01:21:43,139 - INFO - Total time taken: {'ret': 0, 'msg': 'success', 'data': None}
2026-08-01 01:21:43,140 - INFO - 'NoneType' object is not subscriptable
2026-08-01 01:21:43,140 - INFO - Traceback (most recent call last):
  File "/home/runner/work/qqnews/qqnews/qq.py", line 128, in main
    for i in qq1["data"]["list"]:
             ~~~~~~~~~~~^^^^^^^^
TypeError: 'NoneType' object is not subscriptable

2026-08-01 05:12:24,205 - INFO - Total time taken: {'ret': 0, 'msg': 'success', 'data': None}
2026-08-01 05:12:24,205 - INFO - 'NoneType' object is not subscriptable
2026-08-01 05:12:24,206 - INFO - Traceback (most recent call last):
  File "/home/runner/work/qqnews/qqnews/qq.py", line 128, in main
    for i in qq1["data"]["list"]:
             ~~~~~~~~~~~^^^^^^^^
TypeError: 'NoneType' object is not subscriptable

2026-08-01 07:54:57,910 - INFO - Total time taken: {'ret': 0, 'msg': 'success', 'data': None}
2026-08-01 07:54:57,910 - INFO - 'NoneType' object is not subscriptable
2026-08-01 07:54:57,911 - INFO - Traceback (most recent call last):
  File "/home/runner/work/qqnews/qqnews/qq.py", line 128, in main
    for i in qq1["data"]["list"]:
             ~~~~~~~~~~~^^^^^^^^
TypeError: 'NoneType' object is not subscriptable

2026-08-01 09:47:36,242 - INFO - Total time taken: {'ret': 0, 'msg': 'success', 'data': None}
2026-08-01 09:47:36,243 - INFO - 'NoneType' object is not subscriptable
2026-08-01 09:47:36,243 - INFO - Traceback (most recent call last):
  File "/home/runner/work/qqnews/qqnews/qq.py", line 128, in main
    for i in qq1["data"]["list"]:
             ~~~~~~~~~~~^^^^^^^^
TypeError: 'NoneType' object is not subscriptable

2026-08-01 11:07:51,913 - INFO - Total time taken: {'ret': 0, 'msg': 'success', 'data': None}
2026-08-01 11:07:51,914 - INFO - 'NoneType' object is not subscriptable
2026-08-01 11:07:51,914 - INFO - Traceback (most recent call last):
  File "/home/runner/work/qqnews/qqnews/qq.py", line 128, in main
    for i in qq1["data"]["list"]:
             ~~~~~~~~~~~^^^^^^^^
TypeError: 'NoneType' object is not subscriptable

