2026-08-14 00:48:01,650 - INFO - Total time taken: {'ret': 0, 'msg': 'success', 'data': None}
2026-08-14 00:48:01,650 - INFO - 'NoneType' object is not subscriptable
2026-08-14 00:48:01,651 - INFO - Traceback (most recent call last):
  File "/home/runner/work/qqnews/qqnews/qq.py", line 128, in main
    for i in qq1["data"]["list"]:
             ~~~~~~~~~~~^^^^^^^^
TypeError: 'NoneType' object is not subscriptable

2026-08-14 03:16:42,463 - INFO - Total time taken: {'ret': 0, 'msg': 'success', 'data': None}
2026-08-14 03:16:42,463 - INFO - 'NoneType' object is not subscriptable
2026-08-14 03:16:42,464 - INFO - Traceback (most recent call last):
  File "/home/runner/work/qqnews/qqnews/qq.py", line 128, in main
    for i in qq1["data"]["list"]:
             ~~~~~~~~~~~^^^^^^^^
TypeError: 'NoneType' object is not subscriptable

2026-08-14 05:21:16,952 - INFO - Total time taken: {'ret': 0, 'msg': 'success', 'data': None}
2026-08-14 05:21:16,952 - INFO - 'NoneType' object is not subscriptable
2026-08-14 05:21:16,953 - INFO - Traceback (most recent call last):
  File "/home/runner/work/qqnews/qqnews/qq.py", line 128, in main
    for i in qq1["data"]["list"]:
             ~~~~~~~~~~~^^^^^^^^
TypeError: 'NoneType' object is not subscriptable

2026-08-14 07:01:20,665 - INFO - Total time taken: {'ret': 0, 'msg': 'success', 'data': None}
2026-08-14 07:01:20,666 - INFO - 'NoneType' object is not subscriptable
2026-08-14 07:01:20,666 - INFO - Traceback (most recent call last):
  File "/home/runner/work/qqnews/qqnews/qq.py", line 128, in main
    for i in qq1["data"]["list"]:
             ~~~~~~~~~~~^^^^^^^^
TypeError: 'NoneType' object is not subscriptable

2026-08-14 08:53:29,433 - INFO - Total time taken: {'ret': 0, 'msg': 'success', 'data': None}
2026-08-14 08:53:29,433 - INFO - 'NoneType' object is not subscriptable
2026-08-14 08:53:29,434 - INFO - Traceback (most recent call last):
  File "/home/runner/work/qqnews/qqnews/qq.py", line 128, in main
    for i in qq1["data"]["list"]:
             ~~~~~~~~~~~^^^^^^^^
TypeError: 'NoneType' object is not subscriptable

2026-08-14 09:47:28,869 - INFO - Total time taken: {'ret': 0, 'msg': 'success', 'data': None}
2026-08-14 09:47:28,869 - INFO - 'NoneType' object is not subscriptable
2026-08-14 09:47:28,869 - INFO - Traceback (most recent call last):
  File "/home/runner/work/qqnews/qqnews/qq.py", line 128, in main
    for i in qq1["data"]["list"]:
             ~~~~~~~~~~~^^^^^^^^
TypeError: 'NoneType' object is not subscriptable

2026-08-14 10:44:23,547 - INFO - Total time taken: {'ret': 0, 'msg': 'success', 'data': None}
2026-08-14 10:44:23,548 - INFO - 'NoneType' object is not subscriptable
2026-08-14 10:44:23,548 - INFO - Traceback (most recent call last):
  File "/home/runner/work/qqnews/qqnews/qq.py", line 128, in main
    for i in qq1["data"]["list"]:
             ~~~~~~~~~~~^^^^^^^^
TypeError: 'NoneType' object is not subscriptable

2026-08-14 11:33:27,913 - INFO - Total time taken: {'ret': 0, 'msg': 'success', 'data': None}
2026-08-14 11:33:27,914 - INFO - 'NoneType' object is not subscriptable
2026-08-14 11:33:27,914 - INFO - Traceback (most recent call last):
  File "/home/runner/work/qqnews/qqnews/qq.py", line 128, in main
    for i in qq1["data"]["list"]:
             ~~~~~~~~~~~^^^^^^^^
TypeError: 'NoneType' object is not subscriptable

2026-08-14 12:32:51,307 - INFO - Total time taken: {'ret': 0, 'msg': 'success', 'data': None}
2026-08-14 12:32:51,307 - INFO - 'NoneType' object is not subscriptable
2026-08-14 12:32:51,307 - INFO - Traceback (most recent call last):
  File "/home/runner/work/qqnews/qqnews/qq.py", line 128, in main
    for i in qq1["data"]["list"]:
             ~~~~~~~~~~~^^^^^^^^
TypeError: 'NoneType' object is not subscriptable

