2026-08-10 00:40:43,011 - INFO - Total time taken: {'ret': 0, 'msg': 'success', 'data': None}
2026-08-10 00:40:43,012 - INFO - 'NoneType' object is not subscriptable
2026-08-10 00:40:43,012 - INFO - Traceback (most recent call last):
  File "/home/runner/work/qqnews/qqnews/qq.py", line 128, in main
    for i in qq1["data"]["list"]:
             ~~~~~~~~~~~^^^^^^^^
TypeError: 'NoneType' object is not subscriptable

2026-08-10 03:02:42,106 - INFO - Total time taken: {'ret': 0, 'msg': 'success', 'data': None}
2026-08-10 03:02:42,106 - INFO - 'NoneType' object is not subscriptable
2026-08-10 03:02:42,107 - INFO - Traceback (most recent call last):
  File "/home/runner/work/qqnews/qqnews/qq.py", line 128, in main
    for i in qq1["data"]["list"]:
             ~~~~~~~~~~~^^^^^^^^
TypeError: 'NoneType' object is not subscriptable

2026-08-10 05:12:51,916 - INFO - Total time taken: {'ret': 0, 'msg': 'success', 'data': None}
2026-08-10 05:12:51,917 - INFO - 'NoneType' object is not subscriptable
2026-08-10 05:12:51,917 - INFO - Traceback (most recent call last):
  File "/home/runner/work/qqnews/qqnews/qq.py", line 128, in main
    for i in qq1["data"]["list"]:
             ~~~~~~~~~~~^^^^^^^^
TypeError: 'NoneType' object is not subscriptable

2026-08-10 07:00:46,938 - INFO - Total time taken: {'ret': 0, 'msg': 'success', 'data': None}
2026-08-10 07:00:46,938 - INFO - 'NoneType' object is not subscriptable
2026-08-10 07:00:46,938 - INFO - Traceback (most recent call last):
  File "/home/runner/work/qqnews/qqnews/qq.py", line 128, in main
    for i in qq1["data"]["list"]:
             ~~~~~~~~~~~^^^^^^^^
TypeError: 'NoneType' object is not subscriptable

