2026-08-13 00:48:30,931 - INFO - Total time taken: {'ret': 0, 'msg': 'success', 'data': None}
2026-08-13 00:48:30,932 - INFO - 'NoneType' object is not subscriptable
2026-08-13 00:48:30,932 - INFO - Traceback (most recent call last):
  File "/home/runner/work/qqnews/qqnews/qq.py", line 128, in main
    for i in qq1["data"]["list"]:
             ~~~~~~~~~~~^^^^^^^^
TypeError: 'NoneType' object is not subscriptable

2026-08-13 03:19:15,152 - INFO - Total time taken: {'ret': 0, 'msg': 'success', 'data': None}
2026-08-13 03:19:15,152 - INFO - 'NoneType' object is not subscriptable
2026-08-13 03:19:15,153 - INFO - Traceback (most recent call last):
  File "/home/runner/work/qqnews/qqnews/qq.py", line 128, in main
    for i in qq1["data"]["list"]:
             ~~~~~~~~~~~^^^^^^^^
TypeError: 'NoneType' object is not subscriptable

2026-08-13 05:24:31,296 - INFO - Total time taken: {'ret': 0, 'msg': 'success', 'data': None}
2026-08-13 05:24:31,297 - INFO - 'NoneType' object is not subscriptable
2026-08-13 05:24:31,297 - INFO - Traceback (most recent call last):
  File "/home/runner/work/qqnews/qqnews/qq.py", line 128, in main
    for i in qq1["data"]["list"]:
             ~~~~~~~~~~~^^^^^^^^
TypeError: 'NoneType' object is not subscriptable

2026-08-13 07:04:50,085 - INFO - Total time taken: {'ret': 0, 'msg': 'success', 'data': None}
2026-08-13 07:04:50,085 - INFO - 'NoneType' object is not subscriptable
2026-08-13 07:04:50,085 - INFO - Traceback (most recent call last):
  File "/home/runner/work/qqnews/qqnews/qq.py", line 128, in main
    for i in qq1["data"]["list"]:
             ~~~~~~~~~~~^^^^^^^^
TypeError: 'NoneType' object is not subscriptable

2026-08-13 08:58:09,202 - INFO - Total time taken: {'ret': 0, 'msg': 'success', 'data': None}
2026-08-13 08:58:09,202 - INFO - 'NoneType' object is not subscriptable
2026-08-13 08:58:09,202 - INFO - Traceback (most recent call last):
  File "/home/runner/work/qqnews/qqnews/qq.py", line 128, in main
    for i in qq1["data"]["list"]:
             ~~~~~~~~~~~^^^^^^^^
TypeError: 'NoneType' object is not subscriptable

2026-08-13 09:55:31,951 - INFO - Total time taken: {'ret': 0, 'msg': 'success', 'data': None}
2026-08-13 09:55:31,951 - INFO - 'NoneType' object is not subscriptable
2026-08-13 09:55:31,952 - INFO - Traceback (most recent call last):
  File "/home/runner/work/qqnews/qqnews/qq.py", line 128, in main
    for i in qq1["data"]["list"]:
             ~~~~~~~~~~~^^^^^^^^
TypeError: 'NoneType' object is not subscriptable

2026-08-13 10:48:28,750 - INFO - Total time taken: {'ret': 0, 'msg': 'success', 'data': None}
2026-08-13 10:48:28,751 - INFO - 'NoneType' object is not subscriptable
2026-08-13 10:48:28,751 - INFO - Traceback (most recent call last):
  File "/home/runner/work/qqnews/qqnews/qq.py", line 128, in main
    for i in qq1["data"]["list"]:
             ~~~~~~~~~~~^^^^^^^^
TypeError: 'NoneType' object is not subscriptable

2026-08-13 11:36:01,642 - INFO - Total time taken: {'ret': 0, 'msg': 'success', 'data': None}
2026-08-13 11:36:01,642 - INFO - 'NoneType' object is not subscriptable
2026-08-13 11:36:01,642 - INFO - Traceback (most recent call last):
  File "/home/runner/work/qqnews/qqnews/qq.py", line 128, in main
    for i in qq1["data"]["list"]:
             ~~~~~~~~~~~^^^^^^^^
TypeError: 'NoneType' object is not subscriptable

2026-08-13 12:36:59,533 - INFO - Total time taken: {'ret': 0, 'msg': 'success', 'data': None}
2026-08-13 12:36:59,533 - INFO - 'NoneType' object is not subscriptable
2026-08-13 12:36:59,533 - INFO - Traceback (most recent call last):
  File "/home/runner/work/qqnews/qqnews/qq.py", line 128, in main
    for i in qq1["data"]["list"]:
             ~~~~~~~~~~~^^^^^^^^
TypeError: 'NoneType' object is not subscriptable

2026-08-13 14:11:15,476 - INFO - Total time taken: {'ret': 0, 'msg': 'success', 'data': None}
2026-08-13 14:11:15,477 - INFO - 'NoneType' object is not subscriptable
2026-08-13 14:11:15,477 - INFO - Traceback (most recent call last):
  File "/home/runner/work/qqnews/qqnews/qq.py", line 128, in main
    for i in qq1["data"]["list"]:
             ~~~~~~~~~~~^^^^^^^^
TypeError: 'NoneType' object is not subscriptable

2026-08-13 15:44:49,125 - INFO - Total time taken: {'ret': 0, 'msg': 'success', 'data': None}
2026-08-13 15:44:49,126 - INFO - 'NoneType' object is not subscriptable
2026-08-13 15:44:49,126 - INFO - Traceback (most recent call last):
  File "/home/runner/work/qqnews/qqnews/qq.py", line 128, in main
    for i in qq1["data"]["list"]:
             ~~~~~~~~~~~^^^^^^^^
TypeError: 'NoneType' object is not subscriptable

2026-08-13 16:40:59,161 - INFO - Total time taken: {'ret': 0, 'msg': 'success', 'data': None}
2026-08-13 16:40:59,161 - INFO - 'NoneType' object is not subscriptable
2026-08-13 16:40:59,161 - INFO - Traceback (most recent call last):
  File "/home/runner/work/qqnews/qqnews/qq.py", line 128, in main
    for i in qq1["data"]["list"]:
             ~~~~~~~~~~~^^^^^^^^
TypeError: 'NoneType' object is not subscriptable

2026-08-13 17:45:55,208 - INFO - Total time taken: {'ret': 0, 'msg': 'success', 'data': None}
2026-08-13 17:45:55,208 - INFO - 'NoneType' object is not subscriptable
2026-08-13 17:45:55,209 - INFO - Traceback (most recent call last):
  File "/home/runner/work/qqnews/qqnews/qq.py", line 128, in main
    for i in qq1["data"]["list"]:
             ~~~~~~~~~~~^^^^^^^^
TypeError: 'NoneType' object is not subscriptable

2026-08-13 18:42:48,589 - INFO - Total time taken: {'ret': 0, 'msg': 'success', 'data': None}
2026-08-13 18:42:48,589 - INFO - 'NoneType' object is not subscriptable
2026-08-13 18:42:48,590 - INFO - Traceback (most recent call last):
  File "/home/runner/work/qqnews/qqnews/qq.py", line 128, in main
    for i in qq1["data"]["list"]:
             ~~~~~~~~~~~^^^^^^^^
TypeError: 'NoneType' object is not subscriptable

2026-08-13 19:48:10,320 - INFO - Total time taken: {'ret': 0, 'msg': 'success', 'data': None}
2026-08-13 19:48:10,321 - INFO - 'NoneType' object is not subscriptable
2026-08-13 19:48:10,321 - INFO - Traceback (most recent call last):
  File "/home/runner/work/qqnews/qqnews/qq.py", line 128, in main
    for i in qq1["data"]["list"]:
             ~~~~~~~~~~~^^^^^^^^
TypeError: 'NoneType' object is not subscriptable

2026-08-13 20:26:04,438 - INFO - Total time taken: {'ret': 0, 'msg': 'success', 'data': None}
2026-08-13 20:26:04,439 - INFO - 'NoneType' object is not subscriptable
2026-08-13 20:26:04,439 - INFO - Traceback (most recent call last):
  File "/home/runner/work/qqnews/qqnews/qq.py", line 128, in main
    for i in qq1["data"]["list"]:
             ~~~~~~~~~~~^^^^^^^^
TypeError: 'NoneType' object is not subscriptable

2026-08-13 21:31:42,977 - INFO - Total time taken: {'ret': 0, 'msg': 'success', 'data': None}
2026-08-13 21:31:42,978 - INFO - 'NoneType' object is not subscriptable
2026-08-13 21:31:42,978 - INFO - Traceback (most recent call last):
  File "/home/runner/work/qqnews/qqnews/qq.py", line 128, in main
    for i in qq1["data"]["list"]:
             ~~~~~~~~~~~^^^^^^^^
TypeError: 'NoneType' object is not subscriptable

2026-08-13 22:27:15,189 - INFO - Total time taken: {'ret': 0, 'msg': 'success', 'data': None}
2026-08-13 22:27:15,189 - INFO - 'NoneType' object is not subscriptable
2026-08-13 22:27:15,190 - INFO - Traceback (most recent call last):
  File "/home/runner/work/qqnews/qqnews/qq.py", line 128, in main
    for i in qq1["data"]["list"]:
             ~~~~~~~~~~~^^^^^^^^
TypeError: 'NoneType' object is not subscriptable

