2026-09-16 00:51:36,070 - INFO - Total time taken: {'ret': 0, 'msg': 'success', 'data': None}
2026-09-16 00:51:36,070 - INFO - 'NoneType' object is not subscriptable
2026-09-16 00:51:36,071 - INFO - Traceback (most recent call last):
  File "/home/runner/work/qqnews/qqnews/qq.py", line 128, in main
    for i in qq1["data"]["list"]:
             ~~~~~~~~~~~^^^^^^^^
TypeError: 'NoneType' object is not subscriptable

2026-09-16 05:23:08,689 - INFO - Total time taken: {'ret': 0, 'msg': 'success', 'data': None}
2026-09-16 05:23:08,689 - INFO - 'NoneType' object is not subscriptable
2026-09-16 05:23:08,690 - INFO - Traceback (most recent call last):
  File "/home/runner/work/qqnews/qqnews/qq.py", line 128, in main
    for i in qq1["data"]["list"]:
             ~~~~~~~~~~~^^^^^^^^
TypeError: 'NoneType' object is not subscriptable

2026-09-16 10:20:26,203 - INFO - Total time taken: {'ret': 0, 'msg': 'success', 'data': None}
2026-09-16 10:20:26,203 - INFO - 'NoneType' object is not subscriptable
2026-09-16 10:20:26,203 - INFO - Traceback (most recent call last):
  File "/home/runner/work/qqnews/qqnews/qq.py", line 128, in main
    for i in qq1["data"]["list"]:
             ~~~~~~~~~~~^^^^^^^^
TypeError: 'NoneType' object is not subscriptable

2026-09-16 15:11:35,612 - INFO - Total time taken: {'ret': 0, 'msg': 'success', 'data': None}
2026-09-16 15:11:35,612 - INFO - 'NoneType' object is not subscriptable
2026-09-16 15:11:35,612 - INFO - Traceback (most recent call last):
  File "/home/runner/work/qqnews/qqnews/qq.py", line 128, in main
    for i in qq1["data"]["list"]:
             ~~~~~~~~~~~^^^^^^^^
TypeError: 'NoneType' object is not subscriptable

2026-09-16 19:08:36,863 - INFO - Total time taken: {'ret': 0, 'msg': 'success', 'data': None}
2026-09-16 19:08:36,864 - INFO - 'NoneType' object is not subscriptable
2026-09-16 19:08:36,864 - INFO - Traceback (most recent call last):
  File "/home/runner/work/qqnews/qqnews/qq.py", line 128, in main
    for i in qq1["data"]["list"]:
             ~~~~~~~~~~~^^^^^^^^
TypeError: 'NoneType' object is not subscriptable

2026-09-16 22:25:39,014 - INFO - Total time taken: {'ret': 0, 'msg': 'success', 'data': None}
2026-09-16 22:25:39,014 - INFO - 'NoneType' object is not subscriptable
2026-09-16 22:25:39,014 - INFO - Traceback (most recent call last):
  File "/home/runner/work/qqnews/qqnews/qq.py", line 128, in main
    for i in qq1["data"]["list"]:
             ~~~~~~~~~~~^^^^^^^^
TypeError: 'NoneType' object is not subscriptable

