2026-08-15 00:26:09,455 - INFO - Total time taken: {'ret': 0, 'msg': 'success', 'data': None}
2026-08-15 00:26:09,455 - INFO - 'NoneType' object is not subscriptable
2026-08-15 00:26:09,455 - INFO - Traceback (most recent call last):
  File "/home/runner/work/qqnews/qqnews/qq.py", line 128, in main
    for i in qq1["data"]["list"]:
             ~~~~~~~~~~~^^^^^^^^
TypeError: 'NoneType' object is not subscriptable

2026-08-15 02:05:37,962 - INFO - Total time taken: {'ret': 0, 'msg': 'success', 'data': None}
2026-08-15 02:05:37,962 - INFO - 'NoneType' object is not subscriptable
2026-08-15 02:05:37,963 - INFO - Traceback (most recent call last):
  File "/home/runner/work/qqnews/qqnews/qq.py", line 128, in main
    for i in qq1["data"]["list"]:
             ~~~~~~~~~~~^^^^^^^^
TypeError: 'NoneType' object is not subscriptable

2026-08-15 03:26:36,735 - INFO - Total time taken: {'ret': 0, 'msg': 'success', 'data': None}
2026-08-15 03:26:36,736 - INFO - 'NoneType' object is not subscriptable
2026-08-15 03:26:36,736 - INFO - Traceback (most recent call last):
  File "/home/runner/work/qqnews/qqnews/qq.py", line 128, in main
    for i in qq1["data"]["list"]:
             ~~~~~~~~~~~^^^^^^^^
TypeError: 'NoneType' object is not subscriptable

2026-08-15 04:16:45,402 - INFO - Total time taken: {'ret': 0, 'msg': 'success', 'data': None}
2026-08-15 04:16:45,402 - INFO - 'NoneType' object is not subscriptable
2026-08-15 04:16:45,402 - INFO - Traceback (most recent call last):
  File "/home/runner/work/qqnews/qqnews/qq.py", line 128, in main
    for i in qq1["data"]["list"]:
             ~~~~~~~~~~~^^^^^^^^
TypeError: 'NoneType' object is not subscriptable

2026-08-15 05:12:54,948 - INFO - Total time taken: {'ret': 0, 'msg': 'success', 'data': None}
2026-08-15 05:12:54,948 - INFO - 'NoneType' object is not subscriptable
2026-08-15 05:12:54,949 - INFO - Traceback (most recent call last):
  File "/home/runner/work/qqnews/qqnews/qq.py", line 128, in main
    for i in qq1["data"]["list"]:
             ~~~~~~~~~~~^^^^^^^^
TypeError: 'NoneType' object is not subscriptable

2026-08-15 06:15:04,622 - INFO - Total time taken: {'ret': 0, 'msg': 'success', 'data': None}
2026-08-15 06:15:04,623 - INFO - 'NoneType' object is not subscriptable
2026-08-15 06:15:04,623 - INFO - Traceback (most recent call last):
  File "/home/runner/work/qqnews/qqnews/qq.py", line 128, in main
    for i in qq1["data"]["list"]:
             ~~~~~~~~~~~^^^^^^^^
TypeError: 'NoneType' object is not subscriptable

2026-08-15 07:19:18,931 - INFO - Total time taken: {'ret': 0, 'msg': 'success', 'data': None}
2026-08-15 07:19:18,932 - INFO - 'NoneType' object is not subscriptable
2026-08-15 07:19:18,932 - INFO - Traceback (most recent call last):
  File "/home/runner/work/qqnews/qqnews/qq.py", line 128, in main
    for i in qq1["data"]["list"]:
             ~~~~~~~~~~~^^^^^^^^
TypeError: 'NoneType' object is not subscriptable

2026-08-15 08:11:59,397 - INFO - Total time taken: {'ret': 0, 'msg': 'success', 'data': None}
2026-08-15 08:11:59,397 - INFO - 'NoneType' object is not subscriptable
2026-08-15 08:11:59,397 - INFO - Traceback (most recent call last):
  File "/home/runner/work/qqnews/qqnews/qq.py", line 128, in main
    for i in qq1["data"]["list"]:
             ~~~~~~~~~~~^^^^^^^^
TypeError: 'NoneType' object is not subscriptable

2026-08-15 09:13:31,920 - INFO - Total time taken: {'ret': 0, 'msg': 'success', 'data': None}
2026-08-15 09:13:31,920 - INFO - 'NoneType' object is not subscriptable
2026-08-15 09:13:31,921 - INFO - Traceback (most recent call last):
  File "/home/runner/work/qqnews/qqnews/qq.py", line 128, in main
    for i in qq1["data"]["list"]:
             ~~~~~~~~~~~^^^^^^^^
TypeError: 'NoneType' object is not subscriptable

2026-08-15 10:09:07,994 - INFO - Total time taken: {'ret': 0, 'msg': 'success', 'data': None}
2026-08-15 10:09:07,995 - INFO - 'NoneType' object is not subscriptable
2026-08-15 10:09:07,995 - INFO - Traceback (most recent call last):
  File "/home/runner/work/qqnews/qqnews/qq.py", line 128, in main
    for i in qq1["data"]["list"]:
             ~~~~~~~~~~~^^^^^^^^
TypeError: 'NoneType' object is not subscriptable

