2026-09-04 01:28:15,658 - INFO - Total time taken: {'ret': 0, 'msg': 'success', 'data': None}
2026-09-04 01:28:15,659 - INFO - 'NoneType' object is not subscriptable
2026-09-04 01:28:15,659 - INFO - Traceback (most recent call last):
  File "/home/runner/work/qqnews/qqnews/qq.py", line 128, in main
    for i in qq1["data"]["list"]:
             ~~~~~~~~~~~^^^^^^^^
TypeError: 'NoneType' object is not subscriptable

2026-09-04 06:34:48,517 - INFO - Total time taken: {'ret': 0, 'msg': 'success', 'data': None}
2026-09-04 06:34:48,518 - INFO - 'NoneType' object is not subscriptable
2026-09-04 06:34:48,518 - INFO - Traceback (most recent call last):
  File "/home/runner/work/qqnews/qqnews/qq.py", line 128, in main
    for i in qq1["data"]["list"]:
             ~~~~~~~~~~~^^^^^^^^
TypeError: 'NoneType' object is not subscriptable

2026-09-04 11:47:22,025 - INFO - Total time taken: {'ret': 0, 'msg': 'success', 'data': None}
2026-09-04 11:47:22,025 - INFO - 'NoneType' object is not subscriptable
2026-09-04 11:47:22,025 - INFO - Traceback (most recent call last):
  File "/home/runner/work/qqnews/qqnews/qq.py", line 128, in main
    for i in qq1["data"]["list"]:
             ~~~~~~~~~~~^^^^^^^^
TypeError: 'NoneType' object is not subscriptable

2026-09-04 15:11:15,458 - INFO - Total time taken: {'ret': 0, 'msg': 'success', 'data': None}
2026-09-04 15:11:15,459 - INFO - 'NoneType' object is not subscriptable
2026-09-04 15:11:15,459 - INFO - Traceback (most recent call last):
  File "/home/runner/work/qqnews/qqnews/qq.py", line 128, in main
    for i in qq1["data"]["list"]:
             ~~~~~~~~~~~^^^^^^^^
TypeError: 'NoneType' object is not subscriptable

