2026-09-26 00:12:25,384 - INFO - Total time taken: {'ret': 0, 'msg': 'success', 'data': None}
2026-09-26 00:12:25,385 - INFO - 'NoneType' object is not subscriptable
2026-09-26 00:12:25,385 - INFO - Traceback (most recent call last):
  File "/home/runner/work/qqnews/qqnews/qq.py", line 128, in main
    for i in qq1["data"]["list"]:
             ~~~~~~~~~~~^^^^^^^^
TypeError: 'NoneType' object is not subscriptable

2026-09-26 05:38:01,610 - INFO - Total time taken: {'ret': 0, 'msg': 'success', 'data': None}
2026-09-26 05:38:01,610 - INFO - 'NoneType' object is not subscriptable
2026-09-26 05:38:01,611 - INFO - Traceback (most recent call last):
  File "/home/runner/work/qqnews/qqnews/qq.py", line 128, in main
    for i in qq1["data"]["list"]:
             ~~~~~~~~~~~^^^^^^^^
TypeError: 'NoneType' object is not subscriptable

2026-09-26 10:20:41,793 - INFO - Total time taken: {'ret': 0, 'msg': 'success', 'data': None}
2026-09-26 10:20:41,793 - INFO - 'NoneType' object is not subscriptable
2026-09-26 10:20:41,794 - INFO - Traceback (most recent call last):
  File "/home/runner/work/qqnews/qqnews/qq.py", line 128, in main
    for i in qq1["data"]["list"]:
             ~~~~~~~~~~~^^^^^^^^
TypeError: 'NoneType' object is not subscriptable

