2026-08-30 00:48:33,272 - INFO - Total time taken: {'ret': 0, 'msg': 'success', 'data': None}
2026-08-30 00:48:33,272 - INFO - 'NoneType' object is not subscriptable
2026-08-30 00:48:33,272 - INFO - Traceback (most recent call last):
  File "/home/runner/work/qqnews/qqnews/qq.py", line 128, in main
    for i in qq1["data"]["list"]:
             ~~~~~~~~~~~^^^^^^^^
TypeError: 'NoneType' object is not subscriptable

2026-08-30 05:58:20,285 - INFO - Total time taken: {'ret': 0, 'msg': 'success', 'data': None}
2026-08-30 05:58:20,285 - INFO - 'NoneType' object is not subscriptable
2026-08-30 05:58:20,285 - INFO - Traceback (most recent call last):
  File "/home/runner/work/qqnews/qqnews/qq.py", line 128, in main
    for i in qq1["data"]["list"]:
             ~~~~~~~~~~~^^^^^^^^
TypeError: 'NoneType' object is not subscriptable

2026-08-30 11:00:56,496 - INFO - Total time taken: {'ret': 0, 'msg': 'success', 'data': None}
2026-08-30 11:00:56,497 - INFO - 'NoneType' object is not subscriptable
2026-08-30 11:00:56,497 - INFO - Traceback (most recent call last):
  File "/home/runner/work/qqnews/qqnews/qq.py", line 128, in main
    for i in qq1["data"]["list"]:
             ~~~~~~~~~~~^^^^^^^^
TypeError: 'NoneType' object is not subscriptable

2026-08-30 15:31:05,797 - INFO - Total time taken: {'ret': 0, 'msg': 'success', 'data': None}
2026-08-30 15:31:05,797 - INFO - 'NoneType' object is not subscriptable
2026-08-30 15:31:05,798 - INFO - Traceback (most recent call last):
  File "/home/runner/work/qqnews/qqnews/qq.py", line 128, in main
    for i in qq1["data"]["list"]:
             ~~~~~~~~~~~^^^^^^^^
TypeError: 'NoneType' object is not subscriptable

2026-08-30 18:51:25,837 - INFO - Total time taken: {'ret': 0, 'msg': 'success', 'data': None}
2026-08-30 18:51:25,838 - INFO - 'NoneType' object is not subscriptable
2026-08-30 18:51:25,838 - INFO - Traceback (most recent call last):
  File "/home/runner/work/qqnews/qqnews/qq.py", line 128, in main
    for i in qq1["data"]["list"]:
             ~~~~~~~~~~~^^^^^^^^
TypeError: 'NoneType' object is not subscriptable

2026-08-30 21:40:45,052 - INFO - Total time taken: {'ret': 0, 'msg': 'success', 'data': None}
2026-08-30 21:40:45,052 - INFO - 'NoneType' object is not subscriptable
2026-08-30 21:40:45,052 - INFO - Traceback (most recent call last):
  File "/home/runner/work/qqnews/qqnews/qq.py", line 128, in main
    for i in qq1["data"]["list"]:
             ~~~~~~~~~~~^^^^^^^^
TypeError: 'NoneType' object is not subscriptable

