2026-08-16 00:26:36,222 - INFO - Total time taken: {'ret': 0, 'msg': 'success', 'data': None}
2026-08-16 00:26:36,222 - INFO - 'NoneType' object is not subscriptable
2026-08-16 00:26:36,222 - INFO - Traceback (most recent call last):
  File "/home/runner/work/qqnews/qqnews/qq.py", line 128, in main
    for i in qq1["data"]["list"]:
             ~~~~~~~~~~~^^^^^^^^
TypeError: 'NoneType' object is not subscriptable

2026-08-16 02:12:51,171 - INFO - Total time taken: {'ret': 0, 'msg': 'success', 'data': None}
2026-08-16 02:12:51,171 - INFO - 'NoneType' object is not subscriptable
2026-08-16 02:12:51,171 - INFO - Traceback (most recent call last):
  File "/home/runner/work/qqnews/qqnews/qq.py", line 128, in main
    for i in qq1["data"]["list"]:
             ~~~~~~~~~~~^^^^^^^^
TypeError: 'NoneType' object is not subscriptable

2026-08-16 03:36:22,354 - INFO - Total time taken: {'ret': 0, 'msg': 'success', 'data': None}
2026-08-16 03:36:22,354 - INFO - 'NoneType' object is not subscriptable
2026-08-16 03:36:22,355 - INFO - Traceback (most recent call last):
  File "/home/runner/work/qqnews/qqnews/qq.py", line 128, in main
    for i in qq1["data"]["list"]:
             ~~~~~~~~~~~^^^^^^^^
TypeError: 'NoneType' object is not subscriptable

2026-08-16 04:22:34,946 - INFO - Total time taken: {'ret': 0, 'msg': 'success', 'data': None}
2026-08-16 04:22:34,946 - INFO - 'NoneType' object is not subscriptable
2026-08-16 04:22:34,946 - INFO - Traceback (most recent call last):
  File "/home/runner/work/qqnews/qqnews/qq.py", line 128, in main
    for i in qq1["data"]["list"]:
             ~~~~~~~~~~~^^^^^^^^
TypeError: 'NoneType' object is not subscriptable

2026-08-16 05:16:02,735 - INFO - Total time taken: {'ret': 0, 'msg': 'success', 'data': None}
2026-08-16 05:16:02,735 - INFO - 'NoneType' object is not subscriptable
2026-08-16 05:16:02,735 - INFO - Traceback (most recent call last):
  File "/home/runner/work/qqnews/qqnews/qq.py", line 128, in main
    for i in qq1["data"]["list"]:
             ~~~~~~~~~~~^^^^^^^^
TypeError: 'NoneType' object is not subscriptable

2026-08-16 06:16:42,456 - INFO - Total time taken: {'ret': 0, 'msg': 'success', 'data': None}
2026-08-16 06:16:42,456 - INFO - 'NoneType' object is not subscriptable
2026-08-16 06:16:42,456 - INFO - Traceback (most recent call last):
  File "/home/runner/work/qqnews/qqnews/qq.py", line 128, in main
    for i in qq1["data"]["list"]:
             ~~~~~~~~~~~^^^^^^^^
TypeError: 'NoneType' object is not subscriptable

2026-08-16 07:20:35,352 - INFO - Total time taken: {'ret': 0, 'msg': 'success', 'data': None}
2026-08-16 07:20:35,353 - INFO - 'NoneType' object is not subscriptable
2026-08-16 07:20:35,353 - INFO - Traceback (most recent call last):
  File "/home/runner/work/qqnews/qqnews/qq.py", line 128, in main
    for i in qq1["data"]["list"]:
             ~~~~~~~~~~~^^^^^^^^
TypeError: 'NoneType' object is not subscriptable

2026-08-16 08:13:01,791 - INFO - Total time taken: {'ret': 0, 'msg': 'success', 'data': None}
2026-08-16 08:13:01,791 - INFO - 'NoneType' object is not subscriptable
2026-08-16 08:13:01,792 - INFO - Traceback (most recent call last):
  File "/home/runner/work/qqnews/qqnews/qq.py", line 128, in main
    for i in qq1["data"]["list"]:
             ~~~~~~~~~~~^^^^^^^^
TypeError: 'NoneType' object is not subscriptable

2026-08-16 09:13:58,733 - INFO - Total time taken: {'ret': 0, 'msg': 'success', 'data': None}
2026-08-16 09:13:58,733 - INFO - 'NoneType' object is not subscriptable
2026-08-16 09:13:58,734 - INFO - Traceback (most recent call last):
  File "/home/runner/work/qqnews/qqnews/qq.py", line 128, in main
    for i in qq1["data"]["list"]:
             ~~~~~~~~~~~^^^^^^^^
TypeError: 'NoneType' object is not subscriptable

2026-08-16 10:09:32,318 - INFO - Total time taken: {'ret': 0, 'msg': 'success', 'data': None}
2026-08-16 10:09:32,318 - INFO - 'NoneType' object is not subscriptable
2026-08-16 10:09:32,319 - INFO - Traceback (most recent call last):
  File "/home/runner/work/qqnews/qqnews/qq.py", line 128, in main
    for i in qq1["data"]["list"]:
             ~~~~~~~~~~~^^^^^^^^
TypeError: 'NoneType' object is not subscriptable

2026-08-16 11:08:18,799 - INFO - Total time taken: {'ret': 0, 'msg': 'success', 'data': None}
2026-08-16 11:08:18,799 - INFO - 'NoneType' object is not subscriptable
2026-08-16 11:08:18,800 - INFO - Traceback (most recent call last):
  File "/home/runner/work/qqnews/qqnews/qq.py", line 128, in main
    for i in qq1["data"]["list"]:
             ~~~~~~~~~~~^^^^^^^^
TypeError: 'NoneType' object is not subscriptable

2026-08-16 12:11:37,756 - INFO - Total time taken: {'ret': 0, 'msg': 'success', 'data': None}
2026-08-16 12:11:37,757 - INFO - 'NoneType' object is not subscriptable
2026-08-16 12:11:37,757 - INFO - Traceback (most recent call last):
  File "/home/runner/work/qqnews/qqnews/qq.py", line 128, in main
    for i in qq1["data"]["list"]:
             ~~~~~~~~~~~^^^^^^^^
TypeError: 'NoneType' object is not subscriptable

2026-08-16 13:21:53,738 - INFO - Total time taken: {'ret': 0, 'msg': 'success', 'data': None}
2026-08-16 13:21:53,739 - INFO - 'NoneType' object is not subscriptable
2026-08-16 13:21:53,739 - INFO - Traceback (most recent call last):
  File "/home/runner/work/qqnews/qqnews/qq.py", line 128, in main
    for i in qq1["data"]["list"]:
             ~~~~~~~~~~~^^^^^^^^
TypeError: 'NoneType' object is not subscriptable

