2026-08-04 01:12:21,751 - INFO - Total time taken: {'ret': 0, 'msg': 'success', 'data': None}
2026-08-04 01:12:21,752 - INFO - 'NoneType' object is not subscriptable
2026-08-04 01:12:21,752 - INFO - Traceback (most recent call last):
  File "/home/runner/work/qqnews/qqnews/qq.py", line 128, in main
    for i in qq1["data"]["list"]:
             ~~~~~~~~~~~^^^^^^^^
TypeError: 'NoneType' object is not subscriptable

2026-08-04 04:49:51,323 - INFO - Total time taken: {'ret': 0, 'msg': 'success', 'data': None}
2026-08-04 04:49:51,323 - INFO - 'NoneType' object is not subscriptable
2026-08-04 04:49:51,324 - INFO - Traceback (most recent call last):
  File "/home/runner/work/qqnews/qqnews/qq.py", line 128, in main
    for i in qq1["data"]["list"]:
             ~~~~~~~~~~~^^^^^^^^
TypeError: 'NoneType' object is not subscriptable

2026-08-04 07:27:27,443 - INFO - Total time taken: {'ret': 0, 'msg': 'success', 'data': None}
2026-08-04 07:27:27,444 - INFO - 'NoneType' object is not subscriptable
2026-08-04 07:27:27,444 - INFO - Traceback (most recent call last):
  File "/home/runner/work/qqnews/qqnews/qq.py", line 128, in main
    for i in qq1["data"]["list"]:
             ~~~~~~~~~~~^^^^^^^^
TypeError: 'NoneType' object is not subscriptable

2026-08-04 10:22:55,526 - INFO - Total time taken: {'ret': 0, 'msg': 'success', 'data': None}
2026-08-04 10:22:55,526 - INFO - 'NoneType' object is not subscriptable
2026-08-04 10:22:55,527 - INFO - Traceback (most recent call last):
  File "/home/runner/work/qqnews/qqnews/qq.py", line 128, in main
    for i in qq1["data"]["list"]:
             ~~~~~~~~~~~^^^^^^^^
TypeError: 'NoneType' object is not subscriptable

