2026-09-10 01:34:28,813 - INFO - Total time taken: {'ret': 0, 'msg': 'success', 'data': None}
2026-09-10 01:34:28,813 - INFO - 'NoneType' object is not subscriptable
2026-09-10 01:34:28,813 - INFO - Traceback (most recent call last):
  File "/home/runner/work/qqnews/qqnews/qq.py", line 128, in main
    for i in qq1["data"]["list"]:
             ~~~~~~~~~~~^^^^^^^^
TypeError: 'NoneType' object is not subscriptable

2026-09-10 06:41:20,685 - INFO - Total time taken: {'ret': 0, 'msg': 'success', 'data': None}
2026-09-10 06:41:20,685 - INFO - 'NoneType' object is not subscriptable
2026-09-10 06:41:20,685 - INFO - Traceback (most recent call last):
  File "/home/runner/work/qqnews/qqnews/qq.py", line 128, in main
    for i in qq1["data"]["list"]:
             ~~~~~~~~~~~^^^^^^^^
TypeError: 'NoneType' object is not subscriptable

2026-09-10 11:53:10,329 - INFO - Total time taken: {'ret': 0, 'msg': 'success', 'data': None}
2026-09-10 11:53:10,329 - INFO - 'NoneType' object is not subscriptable
2026-09-10 11:53:10,330 - INFO - Traceback (most recent call last):
  File "/home/runner/work/qqnews/qqnews/qq.py", line 128, in main
    for i in qq1["data"]["list"]:
             ~~~~~~~~~~~^^^^^^^^
TypeError: 'NoneType' object is not subscriptable

2026-09-10 15:15:32,301 - INFO - Total time taken: {'ret': 0, 'msg': 'success', 'data': None}
2026-09-10 15:15:32,302 - INFO - 'NoneType' object is not subscriptable
2026-09-10 15:15:32,302 - INFO - Traceback (most recent call last):
  File "/home/runner/work/qqnews/qqnews/qq.py", line 128, in main
    for i in qq1["data"]["list"]:
             ~~~~~~~~~~~^^^^^^^^
TypeError: 'NoneType' object is not subscriptable

