2026-08-23 00:27:31,681 - INFO - Total time taken: {'ret': 0, 'msg': 'success', 'data': None}
2026-08-23 00:27:31,681 - INFO - 'NoneType' object is not subscriptable
2026-08-23 00:27:31,682 - INFO - Traceback (most recent call last):
  File "/home/runner/work/qqnews/qqnews/qq.py", line 128, in main
    for i in qq1["data"]["list"]:
             ~~~~~~~~~~~^^^^^^^^
TypeError: 'NoneType' object is not subscriptable

2026-08-23 02:15:52,210 - INFO - Total time taken: {'ret': 0, 'msg': 'success', 'data': None}
2026-08-23 02:15:52,210 - INFO - 'NoneType' object is not subscriptable
2026-08-23 02:15:52,211 - INFO - Traceback (most recent call last):
  File "/home/runner/work/qqnews/qqnews/qq.py", line 128, in main
    for i in qq1["data"]["list"]:
             ~~~~~~~~~~~^^^^^^^^
TypeError: 'NoneType' object is not subscriptable

2026-08-23 03:38:37,623 - INFO - Total time taken: {'ret': 0, 'msg': 'success', 'data': None}
2026-08-23 03:38:37,624 - INFO - 'NoneType' object is not subscriptable
2026-08-23 03:38:37,624 - INFO - Traceback (most recent call last):
  File "/home/runner/work/qqnews/qqnews/qq.py", line 128, in main
    for i in qq1["data"]["list"]:
             ~~~~~~~~~~~^^^^^^^^
TypeError: 'NoneType' object is not subscriptable

2026-08-23 04:24:07,051 - INFO - Total time taken: {'ret': 0, 'msg': 'success', 'data': None}
2026-08-23 04:24:07,052 - INFO - 'NoneType' object is not subscriptable
2026-08-23 04:24:07,052 - INFO - Traceback (most recent call last):
  File "/home/runner/work/qqnews/qqnews/qq.py", line 128, in main
    for i in qq1["data"]["list"]:
             ~~~~~~~~~~~^^^^^^^^
TypeError: 'NoneType' object is not subscriptable

2026-08-23 05:17:19,620 - INFO - Total time taken: {'ret': 0, 'msg': 'success', 'data': None}
2026-08-23 05:17:19,620 - INFO - 'NoneType' object is not subscriptable
2026-08-23 05:17:19,621 - INFO - Traceback (most recent call last):
  File "/home/runner/work/qqnews/qqnews/qq.py", line 128, in main
    for i in qq1["data"]["list"]:
             ~~~~~~~~~~~^^^^^^^^
TypeError: 'NoneType' object is not subscriptable

2026-08-23 06:17:46,312 - INFO - Total time taken: {'ret': 0, 'msg': 'success', 'data': None}
2026-08-23 06:17:46,312 - INFO - 'NoneType' object is not subscriptable
2026-08-23 06:17:46,313 - INFO - Traceback (most recent call last):
  File "/home/runner/work/qqnews/qqnews/qq.py", line 128, in main
    for i in qq1["data"]["list"]:
             ~~~~~~~~~~~^^^^^^^^
TypeError: 'NoneType' object is not subscriptable

2026-08-23 07:22:32,762 - INFO - Total time taken: {'ret': 0, 'msg': 'success', 'data': None}
2026-08-23 07:22:32,762 - INFO - 'NoneType' object is not subscriptable
2026-08-23 07:22:32,762 - INFO - Traceback (most recent call last):
  File "/home/runner/work/qqnews/qqnews/qq.py", line 128, in main
    for i in qq1["data"]["list"]:
             ~~~~~~~~~~~^^^^^^^^
TypeError: 'NoneType' object is not subscriptable

2026-08-23 08:14:14,099 - INFO - Total time taken: {'ret': 0, 'msg': 'success', 'data': None}
2026-08-23 08:14:14,099 - INFO - 'NoneType' object is not subscriptable
2026-08-23 08:14:14,100 - INFO - Traceback (most recent call last):
  File "/home/runner/work/qqnews/qqnews/qq.py", line 128, in main
    for i in qq1["data"]["list"]:
             ~~~~~~~~~~~^^^^^^^^
TypeError: 'NoneType' object is not subscriptable

2026-08-23 09:14:34,092 - INFO - Total time taken: {'ret': 0, 'msg': 'success', 'data': None}
2026-08-23 09:14:34,093 - INFO - 'NoneType' object is not subscriptable
2026-08-23 09:14:34,093 - INFO - Traceback (most recent call last):
  File "/home/runner/work/qqnews/qqnews/qq.py", line 128, in main
    for i in qq1["data"]["list"]:
             ~~~~~~~~~~~^^^^^^^^
TypeError: 'NoneType' object is not subscriptable

2026-08-23 10:10:01,794 - INFO - Total time taken: {'ret': 0, 'msg': 'success', 'data': None}
2026-08-23 10:10:01,795 - INFO - 'NoneType' object is not subscriptable
2026-08-23 10:10:01,795 - INFO - Traceback (most recent call last):
  File "/home/runner/work/qqnews/qqnews/qq.py", line 128, in main
    for i in qq1["data"]["list"]:
             ~~~~~~~~~~~^^^^^^^^
TypeError: 'NoneType' object is not subscriptable

