2026-07-28 01:11:48,513 - INFO - Total time taken: {'ret': 0, 'msg': 'success', 'data': None}
2026-07-28 01:11:48,513 - INFO - 'NoneType' object is not subscriptable
2026-07-28 01:11:48,513 - INFO - Traceback (most recent call last):
  File "/home/runner/work/qqnews/qqnews/qq.py", line 128, in main
    for i in qq1["data"]["list"]:
             ~~~~~~~~~~~^^^^^^^^
TypeError: 'NoneType' object is not subscriptable

2026-07-28 04:49:06,901 - INFO - Total time taken: {'ret': 0, 'msg': 'success', 'data': None}
2026-07-28 04:49:06,901 - INFO - 'NoneType' object is not subscriptable
2026-07-28 04:49:06,902 - INFO - Traceback (most recent call last):
  File "/home/runner/work/qqnews/qqnews/qq.py", line 128, in main
    for i in qq1["data"]["list"]:
             ~~~~~~~~~~~^^^^^^^^
TypeError: 'NoneType' object is not subscriptable

2026-07-28 07:28:01,919 - INFO - Total time taken: {'ret': 0, 'msg': 'success', 'data': None}
2026-07-28 07:28:01,919 - INFO - 'NoneType' object is not subscriptable
2026-07-28 07:28:01,920 - INFO - Traceback (most recent call last):
  File "/home/runner/work/qqnews/qqnews/qq.py", line 128, in main
    for i in qq1["data"]["list"]:
             ~~~~~~~~~~~^^^^^^^^
TypeError: 'NoneType' object is not subscriptable

2026-07-28 10:16:53,661 - INFO - Total time taken: {'ret': 0, 'msg': 'success', 'data': None}
2026-07-28 10:16:53,662 - INFO - 'NoneType' object is not subscriptable
2026-07-28 10:16:53,662 - INFO - Traceback (most recent call last):
  File "/home/runner/work/qqnews/qqnews/qq.py", line 128, in main
    for i in qq1["data"]["list"]:
             ~~~~~~~~~~~^^^^^^^^
TypeError: 'NoneType' object is not subscriptable

2026-07-28 12:27:42,804 - INFO - Total time taken: {'ret': 0, 'msg': 'success', 'data': None}
2026-07-28 12:27:42,804 - INFO - 'NoneType' object is not subscriptable
2026-07-28 12:27:42,805 - INFO - Traceback (most recent call last):
  File "/home/runner/work/qqnews/qqnews/qq.py", line 128, in main
    for i in qq1["data"]["list"]:
             ~~~~~~~~~~~^^^^^^^^
TypeError: 'NoneType' object is not subscriptable

2026-07-28 15:07:51,247 - INFO - Total time taken: {'ret': 0, 'msg': 'success', 'data': None}
2026-07-28 15:07:51,247 - INFO - 'NoneType' object is not subscriptable
2026-07-28 15:07:51,248 - INFO - Traceback (most recent call last):
  File "/home/runner/work/qqnews/qqnews/qq.py", line 128, in main
    for i in qq1["data"]["list"]:
             ~~~~~~~~~~~^^^^^^^^
TypeError: 'NoneType' object is not subscriptable

2026-07-28 17:14:26,517 - INFO - Total time taken: {'ret': 0, 'msg': 'success', 'data': None}
2026-07-28 17:14:26,517 - INFO - 'NoneType' object is not subscriptable
2026-07-28 17:14:26,517 - INFO - Traceback (most recent call last):
  File "/home/runner/work/qqnews/qqnews/qq.py", line 128, in main
    for i in qq1["data"]["list"]:
             ~~~~~~~~~~~^^^^^^^^
TypeError: 'NoneType' object is not subscriptable

2026-07-28 19:00:20,310 - INFO - Total time taken: {'ret': 0, 'msg': 'success', 'data': None}
2026-07-28 19:00:20,310 - INFO - 'NoneType' object is not subscriptable
2026-07-28 19:00:20,311 - INFO - Traceback (most recent call last):
  File "/home/runner/work/qqnews/qqnews/qq.py", line 128, in main
    for i in qq1["data"]["list"]:
             ~~~~~~~~~~~^^^^^^^^
TypeError: 'NoneType' object is not subscriptable

2026-07-28 20:15:16,511 - INFO - Total time taken: {'ret': 0, 'msg': 'success', 'data': None}
2026-07-28 20:15:16,512 - INFO - 'NoneType' object is not subscriptable
2026-07-28 20:15:16,512 - INFO - Traceback (most recent call last):
  File "/home/runner/work/qqnews/qqnews/qq.py", line 128, in main
    for i in qq1["data"]["list"]:
             ~~~~~~~~~~~^^^^^^^^
TypeError: 'NoneType' object is not subscriptable

2026-07-28 21:52:26,070 - INFO - Total time taken: {'ret': 0, 'msg': 'success', 'data': None}
2026-07-28 21:52:26,071 - INFO - 'NoneType' object is not subscriptable
2026-07-28 21:52:26,071 - INFO - Traceback (most recent call last):
  File "/home/runner/work/qqnews/qqnews/qq.py", line 128, in main
    for i in qq1["data"]["list"]:
             ~~~~~~~~~~~^^^^^^^^
TypeError: 'NoneType' object is not subscriptable

2026-07-28 22:46:00,710 - INFO - Total time taken: {'ret': 0, 'msg': 'success', 'data': None}
2026-07-28 22:46:00,710 - INFO - 'NoneType' object is not subscriptable
2026-07-28 22:46:00,711 - INFO - Traceback (most recent call last):
  File "/home/runner/work/qqnews/qqnews/qq.py", line 128, in main
    for i in qq1["data"]["list"]:
             ~~~~~~~~~~~^^^^^^^^
TypeError: 'NoneType' object is not subscriptable

