2026-08-07 01:38:51,189 - INFO - Total time taken: {'ret': 0, 'msg': 'success', 'data': None}
2026-08-07 01:38:51,189 - INFO - 'NoneType' object is not subscriptable
2026-08-07 01:38:51,189 - INFO - Traceback (most recent call last):
  File "/home/runner/work/qqnews/qqnews/qq.py", line 128, in main
    for i in qq1["data"]["list"]:
             ~~~~~~~~~~~^^^^^^^^
TypeError: 'NoneType' object is not subscriptable

2026-08-07 04:15:36,946 - INFO - Total time taken: {'ret': 0, 'msg': 'success', 'data': None}
2026-08-07 04:15:36,946 - INFO - 'NoneType' object is not subscriptable
2026-08-07 04:15:36,947 - INFO - Traceback (most recent call last):
  File "/home/runner/work/qqnews/qqnews/qq.py", line 128, in main
    for i in qq1["data"]["list"]:
             ~~~~~~~~~~~^^^^^^^^
TypeError: 'NoneType' object is not subscriptable

2026-08-07 06:01:58,328 - INFO - Total time taken: {'ret': 0, 'msg': 'success', 'data': None}
2026-08-07 06:01:58,328 - INFO - 'NoneType' object is not subscriptable
2026-08-07 06:01:58,328 - INFO - Traceback (most recent call last):
  File "/home/runner/work/qqnews/qqnews/qq.py", line 128, in main
    for i in qq1["data"]["list"]:
             ~~~~~~~~~~~^^^^^^^^
TypeError: 'NoneType' object is not subscriptable

2026-08-07 08:02:32,307 - INFO - Total time taken: {'ret': 0, 'msg': 'success', 'data': None}
2026-08-07 08:02:32,307 - INFO - 'NoneType' object is not subscriptable
2026-08-07 08:02:32,307 - INFO - Traceback (most recent call last):
  File "/home/runner/work/qqnews/qqnews/qq.py", line 128, in main
    for i in qq1["data"]["list"]:
             ~~~~~~~~~~~^^^^^^^^
TypeError: 'NoneType' object is not subscriptable

2026-08-07 09:45:41,612 - INFO - Total time taken: {'ret': 0, 'msg': 'success', 'data': None}
2026-08-07 09:45:41,612 - INFO - 'NoneType' object is not subscriptable
2026-08-07 09:45:41,613 - INFO - Traceback (most recent call last):
  File "/home/runner/work/qqnews/qqnews/qq.py", line 128, in main
    for i in qq1["data"]["list"]:
             ~~~~~~~~~~~^^^^^^^^
TypeError: 'NoneType' object is not subscriptable

2026-08-07 10:38:58,326 - INFO - Total time taken: {'ret': 0, 'msg': 'success', 'data': None}
2026-08-07 10:38:58,326 - INFO - 'NoneType' object is not subscriptable
2026-08-07 10:38:58,326 - INFO - Traceback (most recent call last):
  File "/home/runner/work/qqnews/qqnews/qq.py", line 128, in main
    for i in qq1["data"]["list"]:
             ~~~~~~~~~~~^^^^^^^^
TypeError: 'NoneType' object is not subscriptable

2026-08-07 11:34:49,124 - INFO - Total time taken: {'ret': 0, 'msg': 'success', 'data': None}
2026-08-07 11:34:49,124 - INFO - 'NoneType' object is not subscriptable
2026-08-07 11:34:49,124 - INFO - Traceback (most recent call last):
  File "/home/runner/work/qqnews/qqnews/qq.py", line 128, in main
    for i in qq1["data"]["list"]:
             ~~~~~~~~~~~^^^^^^^^
TypeError: 'NoneType' object is not subscriptable

2026-08-07 12:32:38,252 - INFO - Total time taken: {'ret': 0, 'msg': 'success', 'data': None}
2026-08-07 12:32:38,252 - INFO - 'NoneType' object is not subscriptable
2026-08-07 12:32:38,253 - INFO - Traceback (most recent call last):
  File "/home/runner/work/qqnews/qqnews/qq.py", line 128, in main
    for i in qq1["data"]["list"]:
             ~~~~~~~~~~~^^^^^^^^
TypeError: 'NoneType' object is not subscriptable

2026-08-07 14:02:12,115 - INFO - Total time taken: {'ret': 0, 'msg': 'success', 'data': None}
2026-08-07 14:02:12,115 - INFO - 'NoneType' object is not subscriptable
2026-08-07 14:02:12,115 - INFO - Traceback (most recent call last):
  File "/home/runner/work/qqnews/qqnews/qq.py", line 128, in main
    for i in qq1["data"]["list"]:
             ~~~~~~~~~~~^^^^^^^^
TypeError: 'NoneType' object is not subscriptable

2026-08-07 15:40:05,048 - INFO - Total time taken: {'ret': 0, 'msg': 'success', 'data': None}
2026-08-07 15:40:05,048 - INFO - 'NoneType' object is not subscriptable
2026-08-07 15:40:05,049 - INFO - Traceback (most recent call last):
  File "/home/runner/work/qqnews/qqnews/qq.py", line 128, in main
    for i in qq1["data"]["list"]:
             ~~~~~~~~~~~^^^^^^^^
TypeError: 'NoneType' object is not subscriptable

2026-08-07 16:37:19,718 - INFO - Total time taken: {'ret': 0, 'msg': 'success', 'data': None}
2026-08-07 16:37:19,718 - INFO - 'NoneType' object is not subscriptable
2026-08-07 16:37:19,719 - INFO - Traceback (most recent call last):
  File "/home/runner/work/qqnews/qqnews/qq.py", line 128, in main
    for i in qq1["data"]["list"]:
             ~~~~~~~~~~~^^^^^^^^
TypeError: 'NoneType' object is not subscriptable

2026-08-07 17:37:10,733 - INFO - Total time taken: {'ret': 0, 'msg': 'success', 'data': None}
2026-08-07 17:37:10,733 - INFO - 'NoneType' object is not subscriptable
2026-08-07 17:37:10,734 - INFO - Traceback (most recent call last):
  File "/home/runner/work/qqnews/qqnews/qq.py", line 128, in main
    for i in qq1["data"]["list"]:
             ~~~~~~~~~~~^^^^^^^^
TypeError: 'NoneType' object is not subscriptable

2026-08-07 18:34:15,484 - INFO - Total time taken: {'ret': 0, 'msg': 'success', 'data': None}
2026-08-07 18:34:15,485 - INFO - 'NoneType' object is not subscriptable
2026-08-07 18:34:15,485 - INFO - Traceback (most recent call last):
  File "/home/runner/work/qqnews/qqnews/qq.py", line 128, in main
    for i in qq1["data"]["list"]:
             ~~~~~~~~~~~^^^^^^^^
TypeError: 'NoneType' object is not subscriptable

2026-08-07 19:40:58,434 - INFO - Total time taken: {'ret': 0, 'msg': 'success', 'data': None}
2026-08-07 19:40:58,434 - INFO - 'NoneType' object is not subscriptable
2026-08-07 19:40:58,435 - INFO - Traceback (most recent call last):
  File "/home/runner/work/qqnews/qqnews/qq.py", line 128, in main
    for i in qq1["data"]["list"]:
             ~~~~~~~~~~~^^^^^^^^
TypeError: 'NoneType' object is not subscriptable

2026-08-07 20:25:07,205 - INFO - Total time taken: {'ret': 0, 'msg': 'success', 'data': None}
2026-08-07 20:25:07,205 - INFO - 'NoneType' object is not subscriptable
2026-08-07 20:25:07,205 - INFO - Traceback (most recent call last):
  File "/home/runner/work/qqnews/qqnews/qq.py", line 128, in main
    for i in qq1["data"]["list"]:
             ~~~~~~~~~~~^^^^^^^^
TypeError: 'NoneType' object is not subscriptable

2026-08-07 21:25:11,299 - INFO - Total time taken: {'ret': 0, 'msg': 'success', 'data': None}
2026-08-07 21:25:11,299 - INFO - 'NoneType' object is not subscriptable
2026-08-07 21:25:11,300 - INFO - Traceback (most recent call last):
  File "/home/runner/work/qqnews/qqnews/qq.py", line 128, in main
    for i in qq1["data"]["list"]:
             ~~~~~~~~~~~^^^^^^^^
TypeError: 'NoneType' object is not subscriptable

2026-08-07 22:21:52,825 - INFO - Total time taken: {'ret': 0, 'msg': 'success', 'data': None}
2026-08-07 22:21:52,825 - INFO - 'NoneType' object is not subscriptable
2026-08-07 22:21:52,826 - INFO - Traceback (most recent call last):
  File "/home/runner/work/qqnews/qqnews/qq.py", line 128, in main
    for i in qq1["data"]["list"]:
             ~~~~~~~~~~~^^^^^^^^
TypeError: 'NoneType' object is not subscriptable

2026-08-07 23:21:15,940 - INFO - Total time taken: {'ret': 0, 'msg': 'success', 'data': None}
2026-08-07 23:21:15,940 - INFO - 'NoneType' object is not subscriptable
2026-08-07 23:21:15,941 - INFO - Traceback (most recent call last):
  File "/home/runner/work/qqnews/qqnews/qq.py", line 128, in main
    for i in qq1["data"]["list"]:
             ~~~~~~~~~~~^^^^^^^^
TypeError: 'NoneType' object is not subscriptable

