2026-09-21 01:48:06,072 - INFO - Total time taken: {'ret': 0, 'msg': 'success', 'data': None}
2026-09-21 01:48:06,072 - INFO - 'NoneType' object is not subscriptable
2026-09-21 01:48:06,073 - INFO - Traceback (most recent call last):
  File "/home/runner/work/qqnews/qqnews/qq.py", line 128, in main
    for i in qq1["data"]["list"]:
             ~~~~~~~~~~~^^^^^^^^
TypeError: 'NoneType' object is not subscriptable

2026-09-21 07:17:11,528 - INFO - Total time taken: {'ret': 0, 'msg': 'success', 'data': None}
2026-09-21 07:17:11,528 - INFO - 'NoneType' object is not subscriptable
2026-09-21 07:17:11,529 - INFO - Traceback (most recent call last):
  File "/home/runner/work/qqnews/qqnews/qq.py", line 128, in main
    for i in qq1["data"]["list"]:
             ~~~~~~~~~~~^^^^^^^^
TypeError: 'NoneType' object is not subscriptable

2026-09-21 14:34:29,824 - INFO - Total time taken: {'ret': 0, 'msg': 'success', 'data': None}
2026-09-21 14:34:29,824 - INFO - 'NoneType' object is not subscriptable
2026-09-21 14:34:29,825 - INFO - Traceback (most recent call last):
  File "/home/runner/work/qqnews/qqnews/qq.py", line 128, in main
    for i in qq1["data"]["list"]:
             ~~~~~~~~~~~^^^^^^^^
TypeError: 'NoneType' object is not subscriptable

