2026-09-12 01:40:03,019 - INFO - Total time taken: {'ret': 0, 'msg': 'success', 'data': None}
2026-09-12 01:40:03,020 - INFO - 'NoneType' object is not subscriptable
2026-09-12 01:40:03,020 - INFO - Traceback (most recent call last):
  File "/home/runner/work/qqnews/qqnews/qq.py", line 128, in main
    for i in qq1["data"]["list"]:
             ~~~~~~~~~~~^^^^^^^^
TypeError: 'NoneType' object is not subscriptable

2026-09-12 06:34:08,105 - INFO - Total time taken: {'ret': 0, 'msg': 'success', 'data': None}
2026-09-12 06:34:08,105 - INFO - 'NoneType' object is not subscriptable
2026-09-12 06:34:08,105 - INFO - Traceback (most recent call last):
  File "/home/runner/work/qqnews/qqnews/qq.py", line 128, in main
    for i in qq1["data"]["list"]:
             ~~~~~~~~~~~^^^^^^^^
TypeError: 'NoneType' object is not subscriptable

2026-09-12 11:18:35,413 - INFO - Total time taken: {'ret': 0, 'msg': 'success', 'data': None}
2026-09-12 11:18:35,413 - INFO - 'NoneType' object is not subscriptable
2026-09-12 11:18:35,414 - INFO - Traceback (most recent call last):
  File "/home/runner/work/qqnews/qqnews/qq.py", line 128, in main
    for i in qq1["data"]["list"]:
             ~~~~~~~~~~~^^^^^^^^
TypeError: 'NoneType' object is not subscriptable

2026-09-12 14:25:50,773 - INFO - Total time taken: {'ret': 0, 'msg': 'success', 'data': None}
2026-09-12 14:25:50,773 - INFO - 'NoneType' object is not subscriptable
2026-09-12 14:25:50,773 - INFO - Traceback (most recent call last):
  File "/home/runner/work/qqnews/qqnews/qq.py", line 128, in main
    for i in qq1["data"]["list"]:
             ~~~~~~~~~~~^^^^^^^^
TypeError: 'NoneType' object is not subscriptable

2026-09-12 17:28:05,558 - INFO - Total time taken: {'ret': 0, 'msg': 'success', 'data': None}
2026-09-12 17:28:05,558 - INFO - 'NoneType' object is not subscriptable
2026-09-12 17:28:05,558 - INFO - Traceback (most recent call last):
  File "/home/runner/work/qqnews/qqnews/qq.py", line 128, in main
    for i in qq1["data"]["list"]:
             ~~~~~~~~~~~^^^^^^^^
TypeError: 'NoneType' object is not subscriptable

2026-09-12 19:42:22,689 - INFO - Total time taken: {'ret': 0, 'msg': 'success', 'data': None}
2026-09-12 19:42:22,689 - INFO - 'NoneType' object is not subscriptable
2026-09-12 19:42:22,689 - INFO - Traceback (most recent call last):
  File "/home/runner/work/qqnews/qqnews/qq.py", line 128, in main
    for i in qq1["data"]["list"]:
             ~~~~~~~~~~~^^^^^^^^
TypeError: 'NoneType' object is not subscriptable

2026-09-12 21:43:35,718 - INFO - Total time taken: {'ret': 0, 'msg': 'success', 'data': None}
2026-09-12 21:43:35,718 - INFO - 'NoneType' object is not subscriptable
2026-09-12 21:43:35,718 - INFO - Traceback (most recent call last):
  File "/home/runner/work/qqnews/qqnews/qq.py", line 128, in main
    for i in qq1["data"]["list"]:
             ~~~~~~~~~~~^^^^^^^^
TypeError: 'NoneType' object is not subscriptable

2026-09-12 23:28:57,621 - INFO - Total time taken: {'ret': 0, 'msg': 'success', 'data': None}
2026-09-12 23:28:57,621 - INFO - 'NoneType' object is not subscriptable
2026-09-12 23:28:57,622 - INFO - Traceback (most recent call last):
  File "/home/runner/work/qqnews/qqnews/qq.py", line 128, in main
    for i in qq1["data"]["list"]:
             ~~~~~~~~~~~^^^^^^^^
TypeError: 'NoneType' object is not subscriptable

