2026-07-26 01:20:00,881 - INFO - Total time taken: {'ret': 0, 'msg': 'success', 'data': None}
2026-07-26 01:20:00,881 - INFO - 'NoneType' object is not subscriptable
2026-07-26 01:20:00,881 - INFO - Traceback (most recent call last):
  File "/home/runner/work/qqnews/qqnews/qq.py", line 128, in main
    for i in qq1["data"]["list"]:
             ~~~~~~~~~~~^^^^^^^^
TypeError: 'NoneType' object is not subscriptable

2026-07-26 05:15:56,031 - INFO - Total time taken: {'ret': 0, 'msg': 'success', 'data': None}
2026-07-26 05:15:56,031 - INFO - 'NoneType' object is not subscriptable
2026-07-26 05:15:56,032 - INFO - Traceback (most recent call last):
  File "/home/runner/work/qqnews/qqnews/qq.py", line 128, in main
    for i in qq1["data"]["list"]:
             ~~~~~~~~~~~^^^^^^^^
TypeError: 'NoneType' object is not subscriptable

2026-07-26 08:00:09,280 - INFO - Total time taken: {'ret': 0, 'msg': 'success', 'data': None}
2026-07-26 08:00:09,280 - INFO - 'NoneType' object is not subscriptable
2026-07-26 08:00:09,280 - INFO - Traceback (most recent call last):
  File "/home/runner/work/qqnews/qqnews/qq.py", line 128, in main
    for i in qq1["data"]["list"]:
             ~~~~~~~~~~~^^^^^^^^
TypeError: 'NoneType' object is not subscriptable

2026-07-26 09:57:31,077 - INFO - Total time taken: {'ret': 0, 'msg': 'success', 'data': None}
2026-07-26 09:57:31,077 - INFO - 'NoneType' object is not subscriptable
2026-07-26 09:57:31,078 - INFO - Traceback (most recent call last):
  File "/home/runner/work/qqnews/qqnews/qq.py", line 128, in main
    for i in qq1["data"]["list"]:
             ~~~~~~~~~~~^^^^^^^^
TypeError: 'NoneType' object is not subscriptable

2026-07-26 11:13:46,401 - INFO - Total time taken: {'ret': 0, 'msg': 'success', 'data': None}
2026-07-26 11:13:46,401 - INFO - 'NoneType' object is not subscriptable
2026-07-26 11:13:46,401 - INFO - Traceback (most recent call last):
  File "/home/runner/work/qqnews/qqnews/qq.py", line 128, in main
    for i in qq1["data"]["list"]:
             ~~~~~~~~~~~^^^^^^^^
TypeError: 'NoneType' object is not subscriptable

2026-07-26 12:49:07,083 - INFO - Total time taken: {'ret': 0, 'msg': 'success', 'data': None}
2026-07-26 12:49:07,083 - INFO - 'NoneType' object is not subscriptable
2026-07-26 12:49:07,083 - INFO - Traceback (most recent call last):
  File "/home/runner/work/qqnews/qqnews/qq.py", line 128, in main
    for i in qq1["data"]["list"]:
             ~~~~~~~~~~~^^^^^^^^
TypeError: 'NoneType' object is not subscriptable

2026-07-26 14:20:16,285 - INFO - Total time taken: {'ret': 0, 'msg': 'success', 'data': None}
2026-07-26 14:20:16,286 - INFO - 'NoneType' object is not subscriptable
2026-07-26 14:20:16,286 - INFO - Traceback (most recent call last):
  File "/home/runner/work/qqnews/qqnews/qq.py", line 128, in main
    for i in qq1["data"]["list"]:
             ~~~~~~~~~~~^^^^^^^^
TypeError: 'NoneType' object is not subscriptable

2026-07-26 15:51:01,412 - INFO - Total time taken: {'ret': 0, 'msg': 'success', 'data': None}
2026-07-26 15:51:01,413 - INFO - 'NoneType' object is not subscriptable
2026-07-26 15:51:01,413 - INFO - Traceback (most recent call last):
  File "/home/runner/work/qqnews/qqnews/qq.py", line 128, in main
    for i in qq1["data"]["list"]:
             ~~~~~~~~~~~^^^^^^^^
TypeError: 'NoneType' object is not subscriptable

2026-07-26 16:41:13,981 - INFO - Total time taken: {'ret': 0, 'msg': 'success', 'data': None}
2026-07-26 16:41:13,981 - INFO - 'NoneType' object is not subscriptable
2026-07-26 16:41:13,982 - INFO - Traceback (most recent call last):
  File "/home/runner/work/qqnews/qqnews/qq.py", line 128, in main
    for i in qq1["data"]["list"]:
             ~~~~~~~~~~~^^^^^^^^
TypeError: 'NoneType' object is not subscriptable

2026-07-26 17:49:05,038 - INFO - Total time taken: {'ret': 0, 'msg': 'success', 'data': None}
2026-07-26 17:49:05,038 - INFO - 'NoneType' object is not subscriptable
2026-07-26 17:49:05,039 - INFO - Traceback (most recent call last):
  File "/home/runner/work/qqnews/qqnews/qq.py", line 128, in main
    for i in qq1["data"]["list"]:
             ~~~~~~~~~~~^^^^^^^^
TypeError: 'NoneType' object is not subscriptable

2026-07-26 18:48:06,858 - INFO - Total time taken: {'ret': 0, 'msg': 'success', 'data': None}
2026-07-26 18:48:06,858 - INFO - 'NoneType' object is not subscriptable
2026-07-26 18:48:06,858 - INFO - Traceback (most recent call last):
  File "/home/runner/work/qqnews/qqnews/qq.py", line 128, in main
    for i in qq1["data"]["list"]:
             ~~~~~~~~~~~^^^^^^^^
TypeError: 'NoneType' object is not subscriptable

2026-07-26 20:01:02,593 - INFO - Total time taken: {'ret': 0, 'msg': 'success', 'data': None}
2026-07-26 20:01:02,593 - INFO - 'NoneType' object is not subscriptable
2026-07-26 20:01:02,593 - INFO - Traceback (most recent call last):
  File "/home/runner/work/qqnews/qqnews/qq.py", line 128, in main
    for i in qq1["data"]["list"]:
             ~~~~~~~~~~~^^^^^^^^
TypeError: 'NoneType' object is not subscriptable

2026-07-26 21:44:28,062 - INFO - Total time taken: {'ret': 0, 'msg': 'success', 'data': None}
2026-07-26 21:44:28,062 - INFO - 'NoneType' object is not subscriptable
2026-07-26 21:44:28,063 - INFO - Traceback (most recent call last):
  File "/home/runner/work/qqnews/qqnews/qq.py", line 128, in main
    for i in qq1["data"]["list"]:
             ~~~~~~~~~~~^^^^^^^^
TypeError: 'NoneType' object is not subscriptable

