2026-08-22 00:25:48,391 - INFO - Total time taken: {'ret': 0, 'msg': 'success', 'data': None}
2026-08-22 00:25:48,391 - INFO - 'NoneType' object is not subscriptable
2026-08-22 00:25:48,391 - INFO - Traceback (most recent call last):
  File "/home/runner/work/qqnews/qqnews/qq.py", line 128, in main
    for i in qq1["data"]["list"]:
             ~~~~~~~~~~~^^^^^^^^
TypeError: 'NoneType' object is not subscriptable

2026-08-22 02:06:36,259 - INFO - Total time taken: {'ret': 0, 'msg': 'success', 'data': None}
2026-08-22 02:06:36,259 - INFO - 'NoneType' object is not subscriptable
2026-08-22 02:06:36,260 - INFO - Traceback (most recent call last):
  File "/home/runner/work/qqnews/qqnews/qq.py", line 128, in main
    for i in qq1["data"]["list"]:
             ~~~~~~~~~~~^^^^^^^^
TypeError: 'NoneType' object is not subscriptable

2026-08-22 03:30:18,550 - INFO - Total time taken: {'ret': 0, 'msg': 'success', 'data': None}
2026-08-22 03:30:18,550 - INFO - 'NoneType' object is not subscriptable
2026-08-22 03:30:18,550 - INFO - Traceback (most recent call last):
  File "/home/runner/work/qqnews/qqnews/qq.py", line 128, in main
    for i in qq1["data"]["list"]:
             ~~~~~~~~~~~^^^^^^^^
TypeError: 'NoneType' object is not subscriptable

2026-08-22 04:18:56,148 - INFO - Total time taken: {'ret': 0, 'msg': 'success', 'data': None}
2026-08-22 04:18:56,149 - INFO - 'NoneType' object is not subscriptable
2026-08-22 04:18:56,149 - INFO - Traceback (most recent call last):
  File "/home/runner/work/qqnews/qqnews/qq.py", line 128, in main
    for i in qq1["data"]["list"]:
             ~~~~~~~~~~~^^^^^^^^
TypeError: 'NoneType' object is not subscriptable

2026-08-22 05:14:45,527 - INFO - Total time taken: {'ret': 0, 'msg': 'success', 'data': None}
2026-08-22 05:14:45,527 - INFO - 'NoneType' object is not subscriptable
2026-08-22 05:14:45,527 - INFO - Traceback (most recent call last):
  File "/home/runner/work/qqnews/qqnews/qq.py", line 128, in main
    for i in qq1["data"]["list"]:
             ~~~~~~~~~~~^^^^^^^^
TypeError: 'NoneType' object is not subscriptable

2026-08-22 06:16:11,715 - INFO - Total time taken: {'ret': 0, 'msg': 'success', 'data': None}
2026-08-22 06:16:11,715 - INFO - 'NoneType' object is not subscriptable
2026-08-22 06:16:11,716 - INFO - Traceback (most recent call last):
  File "/home/runner/work/qqnews/qqnews/qq.py", line 128, in main
    for i in qq1["data"]["list"]:
             ~~~~~~~~~~~^^^^^^^^
TypeError: 'NoneType' object is not subscriptable

2026-08-22 07:20:48,558 - INFO - Total time taken: {'ret': 0, 'msg': 'success', 'data': None}
2026-08-22 07:20:48,558 - INFO - 'NoneType' object is not subscriptable
2026-08-22 07:20:48,559 - INFO - Traceback (most recent call last):
  File "/home/runner/work/qqnews/qqnews/qq.py", line 128, in main
    for i in qq1["data"]["list"]:
             ~~~~~~~~~~~^^^^^^^^
TypeError: 'NoneType' object is not subscriptable

2026-08-22 08:13:43,163 - INFO - Total time taken: {'ret': 0, 'msg': 'success', 'data': None}
2026-08-22 08:13:43,164 - INFO - 'NoneType' object is not subscriptable
2026-08-22 08:13:43,164 - INFO - Traceback (most recent call last):
  File "/home/runner/work/qqnews/qqnews/qq.py", line 128, in main
    for i in qq1["data"]["list"]:
             ~~~~~~~~~~~^^^^^^^^
TypeError: 'NoneType' object is not subscriptable

2026-08-22 09:14:11,969 - INFO - Total time taken: {'ret': 0, 'msg': 'success', 'data': None}
2026-08-22 09:14:11,969 - INFO - 'NoneType' object is not subscriptable
2026-08-22 09:14:11,969 - INFO - Traceback (most recent call last):
  File "/home/runner/work/qqnews/qqnews/qq.py", line 128, in main
    for i in qq1["data"]["list"]:
             ~~~~~~~~~~~^^^^^^^^
TypeError: 'NoneType' object is not subscriptable

2026-08-22 10:09:33,300 - INFO - Total time taken: {'ret': 0, 'msg': 'success', 'data': None}
2026-08-22 10:09:33,300 - INFO - 'NoneType' object is not subscriptable
2026-08-22 10:09:33,301 - INFO - Traceback (most recent call last):
  File "/home/runner/work/qqnews/qqnews/qq.py", line 128, in main
    for i in qq1["data"]["list"]:
             ~~~~~~~~~~~^^^^^^^^
TypeError: 'NoneType' object is not subscriptable

2026-08-22 11:08:44,502 - INFO - Total time taken: {'ret': 0, 'msg': 'success', 'data': None}
2026-08-22 11:08:44,503 - INFO - 'NoneType' object is not subscriptable
2026-08-22 11:08:44,503 - INFO - Traceback (most recent call last):
  File "/home/runner/work/qqnews/qqnews/qq.py", line 128, in main
    for i in qq1["data"]["list"]:
             ~~~~~~~~~~~^^^^^^^^
TypeError: 'NoneType' object is not subscriptable

