2026-10-01 01:37:56,275 - INFO - Total time taken: {'ret': 0, 'msg': 'success', 'data': None}
2026-10-01 01:37:56,276 - INFO - 'NoneType' object is not subscriptable
2026-10-01 01:37:56,276 - INFO - Traceback (most recent call last):
  File "/home/runner/work/qqnews/qqnews/qq.py", line 128, in main
    for i in qq1["data"]["list"]:
             ~~~~~~~~~~~^^^^^^^^
TypeError: 'NoneType' object is not subscriptable

2026-10-01 07:52:15,775 - INFO - Total time taken: {'ret': 0, 'msg': 'success', 'data': None}
2026-10-01 07:52:15,775 - INFO - 'NoneType' object is not subscriptable
2026-10-01 07:52:15,775 - INFO - Traceback (most recent call last):
  File "/home/runner/work/qqnews/qqnews/qq.py", line 128, in main
    for i in qq1["data"]["list"]:
             ~~~~~~~~~~~^^^^^^^^
TypeError: 'NoneType' object is not subscriptable

2026-10-01 14:51:07,768 - INFO - Total time taken: {'ret': 0, 'msg': 'success', 'data': None}
2026-10-01 14:51:07,768 - INFO - 'NoneType' object is not subscriptable
2026-10-01 14:51:07,768 - INFO - Traceback (most recent call last):
  File "/home/runner/work/qqnews/qqnews/qq.py", line 128, in main
    for i in qq1["data"]["list"]:
             ~~~~~~~~~~~^^^^^^^^
TypeError: 'NoneType' object is not subscriptable

