2026-08-03 01:19:46,969 - INFO - Total time taken: {'ret': 0, 'msg': 'success', 'data': None}
2026-08-03 01:19:46,969 - INFO - 'NoneType' object is not subscriptable
2026-08-03 01:19:46,969 - INFO - Traceback (most recent call last):
  File "/home/runner/work/qqnews/qqnews/qq.py", line 128, in main
    for i in qq1["data"]["list"]:
             ~~~~~~~~~~~^^^^^^^^
TypeError: 'NoneType' object is not subscriptable

2026-08-03 05:24:16,651 - INFO - Total time taken: {'ret': 0, 'msg': 'success', 'data': None}
2026-08-03 05:24:16,652 - INFO - 'NoneType' object is not subscriptable
2026-08-03 05:24:16,652 - INFO - Traceback (most recent call last):
  File "/home/runner/work/qqnews/qqnews/qq.py", line 128, in main
    for i in qq1["data"]["list"]:
             ~~~~~~~~~~~^^^^^^^^
TypeError: 'NoneType' object is not subscriptable

2026-08-03 08:53:36,132 - INFO - Total time taken: {'ret': 0, 'msg': 'success', 'data': None}
2026-08-03 08:53:36,132 - INFO - 'NoneType' object is not subscriptable
2026-08-03 08:53:36,133 - INFO - Traceback (most recent call last):
  File "/home/runner/work/qqnews/qqnews/qq.py", line 128, in main
    for i in qq1["data"]["list"]:
             ~~~~~~~~~~~^^^^^^^^
TypeError: 'NoneType' object is not subscriptable

2026-08-03 12:08:00,763 - INFO - Total time taken: {'ret': 0, 'msg': 'success', 'data': None}
2026-08-03 12:08:00,763 - INFO - 'NoneType' object is not subscriptable
2026-08-03 12:08:00,763 - INFO - Traceback (most recent call last):
  File "/home/runner/work/qqnews/qqnews/qq.py", line 128, in main
    for i in qq1["data"]["list"]:
             ~~~~~~~~~~~^^^^^^^^
TypeError: 'NoneType' object is not subscriptable

