2026-09-11 01:33:35,819 - INFO - Total time taken: {'ret': 0, 'msg': 'success', 'data': None}
2026-09-11 01:33:35,819 - INFO - 'NoneType' object is not subscriptable
2026-09-11 01:33:35,819 - INFO - Traceback (most recent call last):
  File "/home/runner/work/qqnews/qqnews/qq.py", line 128, in main
    for i in qq1["data"]["list"]:
             ~~~~~~~~~~~^^^^^^^^
TypeError: 'NoneType' object is not subscriptable

2026-09-11 06:40:24,267 - INFO - Total time taken: {'ret': 0, 'msg': 'success', 'data': None}
2026-09-11 06:40:24,267 - INFO - 'NoneType' object is not subscriptable
2026-09-11 06:40:24,268 - INFO - Traceback (most recent call last):
  File "/home/runner/work/qqnews/qqnews/qq.py", line 128, in main
    for i in qq1["data"]["list"]:
             ~~~~~~~~~~~^^^^^^^^
TypeError: 'NoneType' object is not subscriptable

2026-09-11 11:52:01,324 - INFO - Total time taken: {'ret': 0, 'msg': 'success', 'data': None}
2026-09-11 11:52:01,324 - INFO - 'NoneType' object is not subscriptable
2026-09-11 11:52:01,324 - INFO - Traceback (most recent call last):
  File "/home/runner/work/qqnews/qqnews/qq.py", line 128, in main
    for i in qq1["data"]["list"]:
             ~~~~~~~~~~~^^^^^^^^
TypeError: 'NoneType' object is not subscriptable

2026-09-11 15:17:36,486 - INFO - Total time taken: {'ret': 0, 'msg': 'success', 'data': None}
2026-09-11 15:17:36,486 - INFO - 'NoneType' object is not subscriptable
2026-09-11 15:17:36,486 - INFO - Traceback (most recent call last):
  File "/home/runner/work/qqnews/qqnews/qq.py", line 128, in main
    for i in qq1["data"]["list"]:
             ~~~~~~~~~~~^^^^^^^^
TypeError: 'NoneType' object is not subscriptable

