2026-08-27 02:17:37,455 - INFO - Total time taken: {'ret': 0, 'msg': 'success', 'data': None}
2026-08-27 02:17:37,455 - INFO - 'NoneType' object is not subscriptable
2026-08-27 02:17:37,455 - INFO - Traceback (most recent call last):
  File "/home/runner/work/qqnews/qqnews/qq.py", line 128, in main
    for i in qq1["data"]["list"]:
             ~~~~~~~~~~~^^^^^^^^
TypeError: 'NoneType' object is not subscriptable

2026-08-27 13:09:37,411 - INFO - Total time taken: {'ret': 0, 'msg': 'success', 'data': None}
2026-08-27 13:09:37,412 - INFO - 'NoneType' object is not subscriptable
2026-08-27 13:09:37,412 - INFO - Traceback (most recent call last):
  File "/home/runner/work/qqnews/qqnews/qq.py", line 128, in main
    for i in qq1["data"]["list"]:
             ~~~~~~~~~~~^^^^^^^^
TypeError: 'NoneType' object is not subscriptable

2026-08-27 23:15:56,069 - INFO - Total time taken: {'ret': 0, 'msg': 'success', 'data': None}
2026-08-27 23:15:56,069 - INFO - 'NoneType' object is not subscriptable
2026-08-27 23:15:56,069 - INFO - Traceback (most recent call last):
  File "/home/runner/work/qqnews/qqnews/qq.py", line 128, in main
    for i in qq1["data"]["list"]:
             ~~~~~~~~~~~^^^^^^^^
TypeError: 'NoneType' object is not subscriptable

