2026-09-27 02:32:40,707 - INFO - Total time taken: {'ret': 0, 'msg': 'success', 'data': None}
2026-09-27 02:32:40,707 - INFO - 'NoneType' object is not subscriptable
2026-09-27 02:32:40,707 - INFO - Traceback (most recent call last):
  File "/home/runner/work/qqnews/qqnews/qq.py", line 128, in main
    for i in qq1["data"]["list"]:
             ~~~~~~~~~~~^^^^^^^^
TypeError: 'NoneType' object is not subscriptable

2026-09-27 08:36:20,983 - INFO - Total time taken: {'ret': 0, 'msg': 'success', 'data': None}
2026-09-27 08:36:20,983 - INFO - 'NoneType' object is not subscriptable
2026-09-27 08:36:20,983 - INFO - Traceback (most recent call last):
  File "/home/runner/work/qqnews/qqnews/qq.py", line 128, in main
    for i in qq1["data"]["list"]:
             ~~~~~~~~~~~^^^^^^^^
TypeError: 'NoneType' object is not subscriptable

2026-09-27 14:20:41,204 - INFO - Total time taken: {'ret': 0, 'msg': 'success', 'data': None}
2026-09-27 14:20:41,205 - INFO - 'NoneType' object is not subscriptable
2026-09-27 14:20:41,205 - INFO - Traceback (most recent call last):
  File "/home/runner/work/qqnews/qqnews/qq.py", line 128, in main
    for i in qq1["data"]["list"]:
             ~~~~~~~~~~~^^^^^^^^
TypeError: 'NoneType' object is not subscriptable

2026-09-27 18:41:35,959 - INFO - Total time taken: {'ret': 0, 'msg': 'success', 'data': None}
2026-09-27 18:41:35,959 - INFO - 'NoneType' object is not subscriptable
2026-09-27 18:41:35,959 - INFO - Traceback (most recent call last):
  File "/home/runner/work/qqnews/qqnews/qq.py", line 128, in main
    for i in qq1["data"]["list"]:
             ~~~~~~~~~~~^^^^^^^^
TypeError: 'NoneType' object is not subscriptable

