2026-09-05 01:30:02,897 - INFO - Total time taken: {'ret': 0, 'msg': 'success', 'data': None}
2026-09-05 01:30:02,897 - INFO - 'NoneType' object is not subscriptable
2026-09-05 01:30:02,897 - INFO - Traceback (most recent call last):
  File "/home/runner/work/qqnews/qqnews/qq.py", line 128, in main
    for i in qq1["data"]["list"]:
             ~~~~~~~~~~~^^^^^^^^
TypeError: 'NoneType' object is not subscriptable

2026-09-05 06:21:32,574 - INFO - Total time taken: {'ret': 0, 'msg': 'success', 'data': None}
2026-09-05 06:21:32,575 - INFO - 'NoneType' object is not subscriptable
2026-09-05 06:21:32,575 - INFO - Traceback (most recent call last):
  File "/home/runner/work/qqnews/qqnews/qq.py", line 128, in main
    for i in qq1["data"]["list"]:
             ~~~~~~~~~~~^^^^^^^^
TypeError: 'NoneType' object is not subscriptable

2026-09-05 10:57:34,511 - INFO - Total time taken: {'ret': 0, 'msg': 'success', 'data': None}
2026-09-05 10:57:34,511 - INFO - 'NoneType' object is not subscriptable
2026-09-05 10:57:34,511 - INFO - Traceback (most recent call last):
  File "/home/runner/work/qqnews/qqnews/qq.py", line 128, in main
    for i in qq1["data"]["list"]:
             ~~~~~~~~~~~^^^^^^^^
TypeError: 'NoneType' object is not subscriptable

2026-09-05 13:37:16,310 - INFO - Total time taken: {'ret': 0, 'msg': 'success', 'data': None}
2026-09-05 13:37:16,311 - INFO - 'NoneType' object is not subscriptable
2026-09-05 13:37:16,311 - INFO - Traceback (most recent call last):
  File "/home/runner/work/qqnews/qqnews/qq.py", line 128, in main
    for i in qq1["data"]["list"]:
             ~~~~~~~~~~~^^^^^^^^
TypeError: 'NoneType' object is not subscriptable

2026-09-05 16:18:47,638 - INFO - Total time taken: {'ret': 0, 'msg': 'success', 'data': None}
2026-09-05 16:18:47,638 - INFO - 'NoneType' object is not subscriptable
2026-09-05 16:18:47,639 - INFO - Traceback (most recent call last):
  File "/home/runner/work/qqnews/qqnews/qq.py", line 128, in main
    for i in qq1["data"]["list"]:
             ~~~~~~~~~~~^^^^^^^^
TypeError: 'NoneType' object is not subscriptable

