2026-08-20 00:25:48,185 - INFO - Total time taken: {'ret': 0, 'msg': 'success', 'data': None}
2026-08-20 00:25:48,186 - INFO - 'NoneType' object is not subscriptable
2026-08-20 00:25:48,186 - INFO - Traceback (most recent call last):
  File "/home/runner/work/qqnews/qqnews/qq.py", line 128, in main
    for i in qq1["data"]["list"]:
             ~~~~~~~~~~~^^^^^^^^
TypeError: 'NoneType' object is not subscriptable

2026-08-20 02:08:28,018 - INFO - Total time taken: {'ret': 0, 'msg': 'success', 'data': None}
2026-08-20 02:08:28,018 - INFO - 'NoneType' object is not subscriptable
2026-08-20 02:08:28,018 - INFO - Traceback (most recent call last):
  File "/home/runner/work/qqnews/qqnews/qq.py", line 128, in main
    for i in qq1["data"]["list"]:
             ~~~~~~~~~~~^^^^^^^^
TypeError: 'NoneType' object is not subscriptable

2026-08-20 03:34:42,752 - INFO - Total time taken: {'ret': 0, 'msg': 'success', 'data': None}
2026-08-20 03:34:42,752 - INFO - 'NoneType' object is not subscriptable
2026-08-20 03:34:42,752 - INFO - Traceback (most recent call last):
  File "/home/runner/work/qqnews/qqnews/qq.py", line 128, in main
    for i in qq1["data"]["list"]:
             ~~~~~~~~~~~^^^^^^^^
TypeError: 'NoneType' object is not subscriptable

2026-08-20 04:23:11,954 - INFO - Total time taken: {'ret': 0, 'msg': 'success', 'data': None}
2026-08-20 04:23:11,954 - INFO - 'NoneType' object is not subscriptable
2026-08-20 04:23:11,955 - INFO - Traceback (most recent call last):
  File "/home/runner/work/qqnews/qqnews/qq.py", line 128, in main
    for i in qq1["data"]["list"]:
             ~~~~~~~~~~~^^^^^^^^
TypeError: 'NoneType' object is not subscriptable

