2026-09-29 04:10:25,220 - INFO - Total time taken: {'ret': 0, 'msg': 'success', 'data': None}
2026-09-29 04:10:25,220 - INFO - 'NoneType' object is not subscriptable
2026-09-29 04:10:25,221 - INFO - Traceback (most recent call last):
  File "/home/runner/work/qqnews/qqnews/qq.py", line 128, in main
    for i in qq1["data"]["list"]:
             ~~~~~~~~~~~^^^^^^^^
TypeError: 'NoneType' object is not subscriptable

2026-09-29 10:56:34,791 - INFO - Total time taken: {'ret': 0, 'msg': 'success', 'data': None}
2026-09-29 10:56:34,792 - INFO - 'NoneType' object is not subscriptable
2026-09-29 10:56:34,792 - INFO - Traceback (most recent call last):
  File "/home/runner/work/qqnews/qqnews/qq.py", line 128, in main
    for i in qq1["data"]["list"]:
             ~~~~~~~~~~~^^^^^^^^
TypeError: 'NoneType' object is not subscriptable

2026-09-29 16:40:47,887 - INFO - Total time taken: {'ret': 0, 'msg': 'success', 'data': None}
2026-09-29 16:40:47,887 - INFO - 'NoneType' object is not subscriptable
2026-09-29 16:40:47,887 - INFO - Traceback (most recent call last):
  File "/home/runner/work/qqnews/qqnews/qq.py", line 128, in main
    for i in qq1["data"]["list"]:
             ~~~~~~~~~~~^^^^^^^^
TypeError: 'NoneType' object is not subscriptable

