2026-08-25 00:26:30,604 - INFO - Total time taken: {'ret': 0, 'msg': 'success', 'data': None}
2026-08-25 00:26:30,604 - INFO - 'NoneType' object is not subscriptable
2026-08-25 00:26:30,605 - INFO - Traceback (most recent call last):
  File "/home/runner/work/qqnews/qqnews/qq.py", line 128, in main
    for i in qq1["data"]["list"]:
             ~~~~~~~~~~~^^^^^^^^
TypeError: 'NoneType' object is not subscriptable

2026-08-25 02:09:43,022 - INFO - Total time taken: {'ret': 0, 'msg': 'success', 'data': None}
2026-08-25 02:09:43,022 - INFO - 'NoneType' object is not subscriptable
2026-08-25 02:09:43,022 - INFO - Traceback (most recent call last):
  File "/home/runner/work/qqnews/qqnews/qq.py", line 128, in main
    for i in qq1["data"]["list"]:
             ~~~~~~~~~~~^^^^^^^^
TypeError: 'NoneType' object is not subscriptable

2026-08-25 03:36:26,899 - INFO - Total time taken: {'ret': 0, 'msg': 'success', 'data': None}
2026-08-25 03:36:26,900 - INFO - 'NoneType' object is not subscriptable
2026-08-25 03:36:26,900 - INFO - Traceback (most recent call last):
  File "/home/runner/work/qqnews/qqnews/qq.py", line 128, in main
    for i in qq1["data"]["list"]:
             ~~~~~~~~~~~^^^^^^^^
TypeError: 'NoneType' object is not subscriptable

2026-08-25 04:25:29,550 - INFO - Total time taken: {'ret': 0, 'msg': 'success', 'data': None}
2026-08-25 04:25:29,550 - INFO - 'NoneType' object is not subscriptable
2026-08-25 04:25:29,551 - INFO - Traceback (most recent call last):
  File "/home/runner/work/qqnews/qqnews/qq.py", line 128, in main
    for i in qq1["data"]["list"]:
             ~~~~~~~~~~~^^^^^^^^
TypeError: 'NoneType' object is not subscriptable

2026-08-25 05:20:49,446 - INFO - Total time taken: {'ret': 0, 'msg': 'success', 'data': None}
2026-08-25 05:20:49,447 - INFO - 'NoneType' object is not subscriptable
2026-08-25 05:20:49,447 - INFO - Traceback (most recent call last):
  File "/home/runner/work/qqnews/qqnews/qq.py", line 128, in main
    for i in qq1["data"]["list"]:
             ~~~~~~~~~~~^^^^^^^^
TypeError: 'NoneType' object is not subscriptable

2026-08-25 06:21:00,919 - INFO - Total time taken: {'ret': 0, 'msg': 'success', 'data': None}
2026-08-25 06:21:00,919 - INFO - 'NoneType' object is not subscriptable
2026-08-25 06:21:00,920 - INFO - Traceback (most recent call last):
  File "/home/runner/work/qqnews/qqnews/qq.py", line 128, in main
    for i in qq1["data"]["list"]:
             ~~~~~~~~~~~^^^^^^^^
TypeError: 'NoneType' object is not subscriptable

2026-08-25 07:32:58,872 - INFO - Total time taken: {'ret': 0, 'msg': 'success', 'data': None}
2026-08-25 07:32:58,872 - INFO - 'NoneType' object is not subscriptable
2026-08-25 07:32:58,873 - INFO - Traceback (most recent call last):
  File "/home/runner/work/qqnews/qqnews/qq.py", line 128, in main
    for i in qq1["data"]["list"]:
             ~~~~~~~~~~~^^^^^^^^
TypeError: 'NoneType' object is not subscriptable

2026-08-25 08:25:18,498 - INFO - Total time taken: {'ret': 0, 'msg': 'success', 'data': None}
2026-08-25 08:25:18,498 - INFO - 'NoneType' object is not subscriptable
2026-08-25 08:25:18,498 - INFO - Traceback (most recent call last):
  File "/home/runner/work/qqnews/qqnews/qq.py", line 128, in main
    for i in qq1["data"]["list"]:
             ~~~~~~~~~~~^^^^^^^^
TypeError: 'NoneType' object is not subscriptable

2026-08-25 09:21:58,259 - INFO - Total time taken: {'ret': 0, 'msg': 'success', 'data': None}
2026-08-25 09:21:58,259 - INFO - 'NoneType' object is not subscriptable
2026-08-25 09:21:58,260 - INFO - Traceback (most recent call last):
  File "/home/runner/work/qqnews/qqnews/qq.py", line 128, in main
    for i in qq1["data"]["list"]:
             ~~~~~~~~~~~^^^^^^^^
TypeError: 'NoneType' object is not subscriptable

2026-08-25 10:18:05,826 - INFO - Total time taken: {'ret': 0, 'msg': 'success', 'data': None}
2026-08-25 10:18:05,827 - INFO - 'NoneType' object is not subscriptable
2026-08-25 10:18:05,827 - INFO - Traceback (most recent call last):
  File "/home/runner/work/qqnews/qqnews/qq.py", line 128, in main
    for i in qq1["data"]["list"]:
             ~~~~~~~~~~~^^^^^^^^
TypeError: 'NoneType' object is not subscriptable

2026-08-25 11:14:29,315 - INFO - Total time taken: {'ret': 0, 'msg': 'success', 'data': None}
2026-08-25 11:14:29,316 - INFO - 'NoneType' object is not subscriptable
2026-08-25 11:14:29,316 - INFO - Traceback (most recent call last):
  File "/home/runner/work/qqnews/qqnews/qq.py", line 128, in main
    for i in qq1["data"]["list"]:
             ~~~~~~~~~~~^^^^^^^^
TypeError: 'NoneType' object is not subscriptable

2026-08-25 12:19:22,237 - INFO - Total time taken: {'ret': 0, 'msg': 'success', 'data': None}
2026-08-25 12:19:22,238 - INFO - 'NoneType' object is not subscriptable
2026-08-25 12:19:22,238 - INFO - Traceback (most recent call last):
  File "/home/runner/work/qqnews/qqnews/qq.py", line 128, in main
    for i in qq1["data"]["list"]:
             ~~~~~~~~~~~^^^^^^^^
TypeError: 'NoneType' object is not subscriptable

2026-08-25 13:38:02,503 - INFO - Total time taken: {'ret': 0, 'msg': 'success', 'data': None}
2026-08-25 13:38:02,503 - INFO - 'NoneType' object is not subscriptable
2026-08-25 13:38:02,504 - INFO - Traceback (most recent call last):
  File "/home/runner/work/qqnews/qqnews/qq.py", line 128, in main
    for i in qq1["data"]["list"]:
             ~~~~~~~~~~~^^^^^^^^
TypeError: 'NoneType' object is not subscriptable

2026-08-25 14:31:15,014 - INFO - Total time taken: {'ret': 0, 'msg': 'success', 'data': None}
2026-08-25 14:31:15,015 - INFO - 'NoneType' object is not subscriptable
2026-08-25 14:31:15,015 - INFO - Traceback (most recent call last):
  File "/home/runner/work/qqnews/qqnews/qq.py", line 128, in main
    for i in qq1["data"]["list"]:
             ~~~~~~~~~~~^^^^^^^^
TypeError: 'NoneType' object is not subscriptable

2026-08-25 15:30:06,329 - INFO - Total time taken: {'ret': 0, 'msg': 'success', 'data': None}
2026-08-25 15:30:06,329 - INFO - 'NoneType' object is not subscriptable
2026-08-25 15:30:06,329 - INFO - Traceback (most recent call last):
  File "/home/runner/work/qqnews/qqnews/qq.py", line 128, in main
    for i in qq1["data"]["list"]:
             ~~~~~~~~~~~^^^^^^^^
TypeError: 'NoneType' object is not subscriptable

2026-08-25 16:21:08,730 - INFO - Total time taken: {'ret': 0, 'msg': 'success', 'data': None}
2026-08-25 16:21:08,730 - INFO - 'NoneType' object is not subscriptable
2026-08-25 16:21:08,731 - INFO - Traceback (most recent call last):
  File "/home/runner/work/qqnews/qqnews/qq.py", line 128, in main
    for i in qq1["data"]["list"]:
             ~~~~~~~~~~~^^^^^^^^
TypeError: 'NoneType' object is not subscriptable

2026-08-25 17:20:27,582 - INFO - Total time taken: {'ret': 0, 'msg': 'success', 'data': None}
2026-08-25 17:20:27,582 - INFO - 'NoneType' object is not subscriptable
2026-08-25 17:20:27,583 - INFO - Traceback (most recent call last):
  File "/home/runner/work/qqnews/qqnews/qq.py", line 128, in main
    for i in qq1["data"]["list"]:
             ~~~~~~~~~~~^^^^^^^^
TypeError: 'NoneType' object is not subscriptable

2026-08-25 18:19:03,657 - INFO - Total time taken: {'ret': 0, 'msg': 'success', 'data': None}
2026-08-25 18:19:03,657 - INFO - 'NoneType' object is not subscriptable
2026-08-25 18:19:03,657 - INFO - Traceback (most recent call last):
  File "/home/runner/work/qqnews/qqnews/qq.py", line 128, in main
    for i in qq1["data"]["list"]:
             ~~~~~~~~~~~^^^^^^^^
TypeError: 'NoneType' object is not subscriptable

