2026-09-15 01:00:35,655 - INFO - Total time taken: {'ret': 0, 'msg': 'success', 'data': None}
2026-09-15 01:00:35,655 - INFO - 'NoneType' object is not subscriptable
2026-09-15 01:00:35,656 - INFO - Traceback (most recent call last):
  File "/home/runner/work/qqnews/qqnews/qq.py", line 128, in main
    for i in qq1["data"]["list"]:
             ~~~~~~~~~~~^^^^^^^^
TypeError: 'NoneType' object is not subscriptable

2026-09-15 05:52:44,645 - INFO - Total time taken: {'ret': 0, 'msg': 'success', 'data': None}
2026-09-15 05:52:44,645 - INFO - 'NoneType' object is not subscriptable
2026-09-15 05:52:44,645 - INFO - Traceback (most recent call last):
  File "/home/runner/work/qqnews/qqnews/qq.py", line 128, in main
    for i in qq1["data"]["list"]:
             ~~~~~~~~~~~^^^^^^^^
TypeError: 'NoneType' object is not subscriptable

2026-09-15 10:31:02,372 - INFO - Total time taken: {'ret': 0, 'msg': 'success', 'data': None}
2026-09-15 10:31:02,372 - INFO - 'NoneType' object is not subscriptable
2026-09-15 10:31:02,372 - INFO - Traceback (most recent call last):
  File "/home/runner/work/qqnews/qqnews/qq.py", line 128, in main
    for i in qq1["data"]["list"]:
             ~~~~~~~~~~~^^^^^^^^
TypeError: 'NoneType' object is not subscriptable

2026-09-15 15:18:11,969 - INFO - Total time taken: {'ret': 0, 'msg': 'success', 'data': None}
2026-09-15 15:18:11,970 - INFO - 'NoneType' object is not subscriptable
2026-09-15 15:18:11,970 - INFO - Traceback (most recent call last):
  File "/home/runner/work/qqnews/qqnews/qq.py", line 128, in main
    for i in qq1["data"]["list"]:
             ~~~~~~~~~~~^^^^^^^^
TypeError: 'NoneType' object is not subscriptable

2026-09-15 19:18:36,468 - INFO - Total time taken: {'ret': 0, 'msg': 'success', 'data': None}
2026-09-15 19:18:36,469 - INFO - 'NoneType' object is not subscriptable
2026-09-15 19:18:36,469 - INFO - Traceback (most recent call last):
  File "/home/runner/work/qqnews/qqnews/qq.py", line 128, in main
    for i in qq1["data"]["list"]:
             ~~~~~~~~~~~^^^^^^^^
TypeError: 'NoneType' object is not subscriptable

