2026-09-24 01:43:32,919 - INFO - Total time taken: {'ret': 0, 'msg': 'success', 'data': None}
2026-09-24 01:43:32,919 - INFO - 'NoneType' object is not subscriptable
2026-09-24 01:43:32,919 - INFO - Traceback (most recent call last):
  File "/home/runner/work/qqnews/qqnews/qq.py", line 128, in main
    for i in qq1["data"]["list"]:
             ~~~~~~~~~~~^^^^^^^^
TypeError: 'NoneType' object is not subscriptable

2026-09-24 06:49:17,964 - INFO - Total time taken: {'ret': 0, 'msg': 'success', 'data': None}
2026-09-24 06:49:17,964 - INFO - 'NoneType' object is not subscriptable
2026-09-24 06:49:17,964 - INFO - Traceback (most recent call last):
  File "/home/runner/work/qqnews/qqnews/qq.py", line 128, in main
    for i in qq1["data"]["list"]:
             ~~~~~~~~~~~^^^^^^^^
TypeError: 'NoneType' object is not subscriptable

2026-09-24 12:20:57,525 - INFO - Total time taken: {'ret': 0, 'msg': 'success', 'data': None}
2026-09-24 12:20:57,525 - INFO - 'NoneType' object is not subscriptable
2026-09-24 12:20:57,525 - INFO - Traceback (most recent call last):
  File "/home/runner/work/qqnews/qqnews/qq.py", line 128, in main
    for i in qq1["data"]["list"]:
             ~~~~~~~~~~~^^^^^^^^
TypeError: 'NoneType' object is not subscriptable

2026-09-24 17:35:57,816 - INFO - Total time taken: {'ret': 0, 'msg': 'success', 'data': None}
2026-09-24 17:35:57,816 - INFO - 'NoneType' object is not subscriptable
2026-09-24 17:35:57,817 - INFO - Traceback (most recent call last):
  File "/home/runner/work/qqnews/qqnews/qq.py", line 128, in main
    for i in qq1["data"]["list"]:
             ~~~~~~~~~~~^^^^^^^^
TypeError: 'NoneType' object is not subscriptable

2026-09-24 20:49:28,937 - INFO - Total time taken: {'ret': 0, 'msg': 'success', 'data': None}
2026-09-24 20:49:28,937 - INFO - 'NoneType' object is not subscriptable
2026-09-24 20:49:28,937 - INFO - Traceback (most recent call last):
  File "/home/runner/work/qqnews/qqnews/qq.py", line 128, in main
    for i in qq1["data"]["list"]:
             ~~~~~~~~~~~^^^^^^^^
TypeError: 'NoneType' object is not subscriptable

2026-09-24 23:35:51,819 - INFO - Total time taken: {'ret': 0, 'msg': 'success', 'data': None}
2026-09-24 23:35:51,819 - INFO - 'NoneType' object is not subscriptable
2026-09-24 23:35:51,820 - INFO - Traceback (most recent call last):
  File "/home/runner/work/qqnews/qqnews/qq.py", line 128, in main
    for i in qq1["data"]["list"]:
             ~~~~~~~~~~~^^^^^^^^
TypeError: 'NoneType' object is not subscriptable

